Godot Engine v4.6.stable.official.89cea1439 - https://godotengine.org
Vulkan 1.4.335 - Forward+ - Using Device #0: AMD - AMD Radeon RX 7700 XT (RADV NAVI32)

ServerManager: Listening for Jason readiness on port 9200
Starting Game Sequence...
--- Cleaning up orphan processes on ports [8005, 8006, 8055, 8056] ---
--- Orphan cleanup done ---
--- Starting Skirmish (Guard) Servers ---
Working Dir: /home/inkeaton/Documenti/Godot/take-them-out/tongue/skirmish
Rasa log: /home/inkeaton/Documenti/Godot/take-them-out/logs/rasa_run_enable-api_cors_*_port_8005.log
Spawned PID 75989 in /home/inkeaton/Documenti/Godot/take-them-out/tongue/skirmish
Rasa log: /home/inkeaton/Documenti/Godot/take-them-out/logs/rasa_run_actions_port_8055.log
Spawned PID 75990 in /home/inkeaton/Documenti/Godot/take-them-out/tongue/skirmish
--- Starting Date (Eugenia) Servers ---
Working Dir: /home/inkeaton/Documenti/Godot/take-them-out/tongue/date
Rasa log: /home/inkeaton/Documenti/Godot/take-them-out/logs/rasa_run_enable-api_cors_*_port_8006.log
Spawned PID 75991 in /home/inkeaton/Documenti/Godot/take-them-out/tongue/date
Rasa log: /home/inkeaton/Documenti/Godot/take-them-out/logs/rasa_run_actions_port_8056.log
Spawned PID 75992 in /home/inkeaton/Documenti/Godot/take-them-out/tongue/date
[MESSAGE] - from NetworkManager: Listening on port 9071
[MESSAGE] - from Sentry: Scanning (2.0s interval)...
[MESSAGE] - from NetworkManager: Listening on port 9072
[MESSAGE] - from Sentry: Scanning (2.0s interval)...
[MESSAGE] - from NetworkManager: Listening on port 9073
[MESSAGE] - from Sentry: Scanning (2.0s interval)...
[MESSAGE] - from NetworkManager: Listening on port 9074
[MESSAGE] - from Sentry: Scanning (2.0s interval)...
[MESSAGE] - from NetworkManager: Listening on port 9075
[MESSAGE] - from Sentry: Scanning (2.0s interval)...
[MESSAGE] - from NetworkManager: Listening on port 9076
[MESSAGE] - from Sentry: Scanning (2.0s interval)...
[MESSAGE] - from NetworkManager: Listening on port 9077
[MESSAGE] - from Sentry: Scanning (2.0s interval)...
[MESSAGE] - from NetworkManager: Listening on port 9078
[MESSAGE] - from Sentry: Scanning (2.0s interval)...
[MESSAGE] - from NetworkManager: Listening on port 9080
[MESSAGE] - from Patrol: Cached 4 waypoints from 1 zone(s)
[MESSAGE] - from NetworkManager: Listening on port 9081
[MESSAGE] - from Patrol: Cached 3 waypoints from 1 zone(s)
[MESSAGE] - from NetworkManager: Listening on port 9082
[MESSAGE] - from Patrol: Cached 4 waypoints from 1 zone(s)
[MESSAGE] - from NetworkManager: Listening on port 9083
[MESSAGE] - from Patrol: Cached 5 waypoints from 1 zone(s)
[MESSAGE] - from NetworkManager: Listening on port 9090
[MESSAGE] - from Patrol: Cached 7 waypoints from 2 zone(s)
[MESSAGE] - from NetworkManager: Listening on port 9091
[MESSAGE] - from Patrol: Cached 9 waypoints from 2 zone(s)
--- Starting Jason Mind (Gradle) ---
Working Dir: /home/inkeaton/Documenti/Godot/take-them-out/mind
Jason launch command: bash ["-c", "cd \'/home/inkeaton/Documenti/Godot/take-them-out/mind\' && exec gradle run"]
Spawned Jason Mind (PID: 76610)
Waiting for Jason Mind to boot...
[MESSAGE] - from NetworkManager: New TCP connection accepted. Handshaking...
[MESSAGE] - from NetworkManager: WebSocket Handshake complete. Channel OPEN.
[MESSAGE] - from NetworkManager: New TCP connection accepted. Handshaking...
[MESSAGE] - from NetworkManager: WebSocket Handshake complete. Channel OPEN.
[MESSAGE] - from NetworkManager: New TCP connection accepted. Handshaking...
[MESSAGE] - from NetworkManager: WebSocket Handshake complete. Channel OPEN.
[MESSAGE] - from NetworkManager: New TCP connection accepted. Handshaking...
[MESSAGE] - from NetworkManager: WebSocket Handshake complete. Channel OPEN.
[MESSAGE] - from NetworkManager: New TCP connection accepted. Handshaking...
[MESSAGE] - from NetworkManager: WebSocket Handshake complete. Channel OPEN.
[MESSAGE] - from NetworkManager: New TCP connection accepted. Handshaking...
[MESSAGE] - from NetworkManager: WebSocket Handshake complete. Channel OPEN.
[MESSAGE] - from NetworkManager: New TCP connection accepted. Handshaking...
[MESSAGE] - from NetworkManager: WebSocket Handshake complete. Channel OPEN.
[MESSAGE] - from NetworkManager: New TCP connection accepted. Handshaking...
[MESSAGE] - from NetworkManager: WebSocket Handshake complete. Channel OPEN.
[MESSAGE] - from NetworkManager: New TCP connection accepted. Handshaking...
[MESSAGE] - from NetworkManager: WebSocket Handshake complete. Channel OPEN.
[MESSAGE] - from NetworkManager: New TCP connection accepted. Handshaking...
[MESSAGE] - from NetworkManager: WebSocket Handshake complete. Channel OPEN.
[MESSAGE] - from NetworkManager: New TCP connection accepted. Handshaking...
[MESSAGE] - from NetworkManager: WebSocket Handshake complete. Channel OPEN.
[MESSAGE] - from NetworkManager: New TCP connection accepted. Handshaking...
[MESSAGE] - from NetworkManager: WebSocket Handshake complete. Channel OPEN.
[MESSAGE] - from NetworkManager: New TCP connection accepted. Handshaking...
[MESSAGE] - from NetworkManager: WebSocket Handshake complete. Channel OPEN.
[MESSAGE] - from NetworkManager: New TCP connection accepted. Handshaking...
[MESSAGE] - from NetworkManager: WebSocket Handshake complete. Channel OPEN.
ServerManager: TCP connection on 9200, upgrading to WebSocket...
ServerManager: WebSocket handshake on 9200 complete.
[JSON] - from Received Raw Message:
{
    "data": {
        "params": {
            "target": "next"
        },
        "target_state": "Patrol"
    },
    "receiver": "body",
    "sender": "patrol_rosanna",
    "type": "transition_to"
}
[MESSAGE] - from Patrol: Mind orders: Transition to Patrol
[JSON] - from Received Raw Message:
{
    "data": {
        "params": {
            "target": "next"
        },
        "target_state": "Patrol"
    },
    "receiver": "body",
    "sender": "patrol_susanna",
    "type": "transition_to"
}
[MESSAGE] - from Patrol: Mind orders: Transition to Patrol
[JSON] - from Received Raw Message:
{
    "data": {
        "params": {
            "target": "next"
        },
        "target_state": "Patrol"
    },
    "receiver": "body",
    "sender": "patrol_polyanna",
    "type": "transition_to"
}
[MESSAGE] - from Patrol: Mind orders: Transition to Patrol
[JSON] - from Received Raw Message:
{
    "data": {
        "params": {
            "target": "next"
        },
        "target_state": "Patrol"
    },
    "receiver": "body",
    "sender": "patrol_marianna",
    "type": "transition_to"
}
[MESSAGE] - from Patrol: Mind orders: Transition to Patrol
[JSON] - from Received Raw Message:
{
    "data": {
        "params": {
            "target": "next"
        },
        "target_state": "Patrol"
    },
    "receiver": "body",
    "sender": "captain_daniele",
    "type": "transition_to"
}
[MESSAGE] - from Patrol: Mind orders: Transition to Patrol
[JSON] - from Received Raw Message:
{
    "data": {
        "params": {
            "target": "next"
        },
        "target_state": "Patrol"
    },
    "receiver": "body",
    "sender": "captain_samuele",
    "type": "transition_to"
}
[MESSAGE] - from Patrol: Mind orders: Transition to Patrol
JASON MIND READY! signal_ready received from 'director'.
Mind Connected. Starting Game.
No sympathy updates to send.
--- Stopping All Servers ---
Killing guard_core (PID: 75989)
Killing guard_action (PID: 75990)
Killing date_core (PID: 75991)
Killing date_action (PID: 75992)
Killing jason_mind (PID: 76610)
--- Stopping All Servers ---
WARNING: ObjectDB instances leaked at exit (run with --verbose for details).
   at: cleanup (core/object/object.cpp:2641)
