Godot Engine v4.6.stable.official.89cea1439 - https://godotengine.org
Vulkan 1.4.335 - Forward+ - Using Device #0: AMD - AMD Radeon RX 7700 XT (RADV NAVI32)

ServerManager: Listening for Jason readiness on port 9200
Starting Game Sequence...
--- Cleaning up orphan processes on ports [8005, 8006, 8055, 8056] ---
--- Orphan cleanup done ---
--- Starting Skirmish (Guard) Servers ---
Working Dir: /home/inkeaton/Documenti/Godot/take-them-out/tongue/skirmish
Rasa log: /home/inkeaton/Documenti/Godot/take-them-out/logs/rasa_run_enable-api_cors_*_port_8005.log
Spawned PID 202161 in /home/inkeaton/Documenti/Godot/take-them-out/tongue/skirmish
Rasa log: /home/inkeaton/Documenti/Godot/take-them-out/logs/rasa_run_actions_port_8055.log
Spawned PID 202162 in /home/inkeaton/Documenti/Godot/take-them-out/tongue/skirmish
--- Starting Date (Eugenia) Servers ---
Working Dir: /home/inkeaton/Documenti/Godot/take-them-out/tongue/date
Rasa log: /home/inkeaton/Documenti/Godot/take-them-out/logs/rasa_run_enable-api_cors_*_port_8006.log
Spawned PID 202163 in /home/inkeaton/Documenti/Godot/take-them-out/tongue/date
Rasa log: /home/inkeaton/Documenti/Godot/take-them-out/logs/rasa_run_actions_port_8056.log
Spawned PID 202164 in /home/inkeaton/Documenti/Godot/take-them-out/tongue/date
[MESSAGE] - from NetworkManager: Listening on port 9071
[MESSAGE] - from Sentry: Scanning (2.0s interval)...
[MESSAGE] - from NetworkManager: Listening on port 9072
[MESSAGE] - from Sentry: Scanning (2.0s interval)...
[MESSAGE] - from NetworkManager: Listening on port 9073
[MESSAGE] - from Sentry: Scanning (2.0s interval)...
[MESSAGE] - from NetworkManager: Listening on port 9074
[MESSAGE] - from Sentry: Scanning (2.0s interval)...
[MESSAGE] - from NetworkManager: Listening on port 9075
[MESSAGE] - from Sentry: Scanning (2.0s interval)...
[MESSAGE] - from NetworkManager: Listening on port 9076
[MESSAGE] - from Sentry: Scanning (2.0s interval)...
[MESSAGE] - from NetworkManager: Listening on port 9077
[MESSAGE] - from Sentry: Scanning (2.0s interval)...
[MESSAGE] - from NetworkManager: Listening on port 9078
[MESSAGE] - from Sentry: Scanning (2.0s interval)...
[MESSAGE] - from NetworkManager: Listening on port 9080
[MESSAGE] - from Patrol: Cached 4 waypoints from 1 zone(s)
[MESSAGE] - from NetworkManager: Listening on port 9081
[MESSAGE] - from Patrol: Cached 3 waypoints from 1 zone(s)
[MESSAGE] - from NetworkManager: Listening on port 9082
[MESSAGE] - from Patrol: Cached 4 waypoints from 1 zone(s)
[MESSAGE] - from NetworkManager: Listening on port 9083
[MESSAGE] - from Patrol: Cached 5 waypoints from 1 zone(s)
[MESSAGE] - from NetworkManager: Listening on port 9090
[MESSAGE] - from Patrol: Cached 7 waypoints from 2 zone(s)
[MESSAGE] - from NetworkManager: Listening on port 9091
[MESSAGE] - from Patrol: Cached 9 waypoints from 2 zone(s)
--- Starting Jason Mind (Gradle) ---
Working Dir: /home/inkeaton/Documenti/Godot/take-them-out/mind
Jason launch command: bash ["-c", "cd \'/home/inkeaton/Documenti/Godot/take-them-out/mind\' && exec gradle run"]
Spawned Jason Mind (PID: 202675)
Waiting for Jason Mind to boot...
[MESSAGE] - from NetworkManager: New TCP connection accepted. Handshaking...
[MESSAGE] - from NetworkManager: WebSocket Handshake complete. Channel OPEN.
[MESSAGE] - from NetworkManager: New TCP connection accepted. Handshaking...
[MESSAGE] - from NetworkManager: WebSocket Handshake complete. Channel OPEN.
[MESSAGE] - from NetworkManager: New TCP connection accepted. Handshaking...
[MESSAGE] - from NetworkManager: WebSocket Handshake complete. Channel OPEN.
[MESSAGE] - from NetworkManager: New TCP connection accepted. Handshaking...
[MESSAGE] - from NetworkManager: WebSocket Handshake complete. Channel OPEN.
[MESSAGE] - from NetworkManager: New TCP connection accepted. Handshaking...
[MESSAGE] - from NetworkManager: WebSocket Handshake complete. Channel OPEN.
[MESSAGE] - from NetworkManager: New TCP connection accepted. Handshaking...
[MESSAGE] - from NetworkManager: WebSocket Handshake complete. Channel OPEN.
[MESSAGE] - from NetworkManager: New TCP connection accepted. Handshaking...
[MESSAGE] - from NetworkManager: WebSocket Handshake complete. Channel OPEN.
[MESSAGE] - from NetworkManager: New TCP connection accepted. Handshaking...
[MESSAGE] - from NetworkManager: WebSocket Handshake complete. Channel OPEN.
[MESSAGE] - from NetworkManager: New TCP connection accepted. Handshaking...
[MESSAGE] - from NetworkManager: WebSocket Handshake complete. Channel OPEN.
[MESSAGE] - from NetworkManager: New TCP connection accepted. Handshaking...
[MESSAGE] - from NetworkManager: WebSocket Handshake complete. Channel OPEN.
[MESSAGE] - from NetworkManager: New TCP connection accepted. Handshaking...
[MESSAGE] - from NetworkManager: WebSocket Handshake complete. Channel OPEN.
[MESSAGE] - from NetworkManager: New TCP connection accepted. Handshaking...
[MESSAGE] - from NetworkManager: WebSocket Handshake complete. Channel OPEN.
[MESSAGE] - from NetworkManager: New TCP connection accepted. Handshaking...
[MESSAGE] - from NetworkManager: WebSocket Handshake complete. Channel OPEN.
[MESSAGE] - from NetworkManager: New TCP connection accepted. Handshaking...
[MESSAGE] - from NetworkManager: WebSocket Handshake complete. Channel OPEN.
ServerManager: TCP connection on 9200, upgrading to WebSocket...
ServerManager: WebSocket handshake on 9200 complete.
[JSON] - from Received Raw Message:
{
    "data": {
        "params": {
            "target": "next"
        },
        "target_state": "Patrol"
    },
    "receiver": "body",
    "sender": "patrol_rosanna",
    "type": "transition_to"
}
[MESSAGE] - from Patrol: Mind orders: Transition to Patrol
[JSON] - from Received Raw Message:
{
    "data": {
        "params": {
            "target": "next"
        },
        "target_state": "Patrol"
    },
    "receiver": "body",
    "sender": "patrol_susanna",
    "type": "transition_to"
}
[MESSAGE] - from Patrol: Mind orders: Transition to Patrol
[JSON] - from Received Raw Message:
{
    "data": {
        "params": {
            "target": "next"
        },
        "target_state": "Patrol"
    },
    "receiver": "body",
    "sender": "patrol_polyanna",
    "type": "transition_to"
}
[MESSAGE] - from Patrol: Mind orders: Transition to Patrol
[JSON] - from Received Raw Message:
{
    "data": {
        "params": {
            "target": "next"
        },
        "target_state": "Patrol"
    },
    "receiver": "body",
    "sender": "patrol_marianna",
    "type": "transition_to"
}
[MESSAGE] - from Patrol: Mind orders: Transition to Patrol
[JSON] - from Received Raw Message:
{
    "data": {
        "params": {
            "target": "next"
        },
        "target_state": "Patrol"
    },
    "receiver": "body",
    "sender": "captain_daniele",
    "type": "transition_to"
}
[MESSAGE] - from Patrol: Mind orders: Transition to Patrol
[JSON] - from Received Raw Message:
{
    "data": {
        "params": {
            "target": "next"
        },
        "target_state": "Patrol"
    },
    "receiver": "body",
    "sender": "captain_samuele",
    "type": "transition_to"
}
[MESSAGE] - from Patrol: Mind orders: Transition to Patrol
JASON MIND READY! signal_ready received from 'director'.
Mind Connected. Starting Game.
No sympathy updates to send.
[JSON] - from Sent Data:
{
    "data": {
        "status": "reached",
        "waypoint": "0"
    },
    "receiver": "vesna",
    "sender": "body",
    "type": "navigation"
}
[MESSAGE] - from Patrol: Arrived. Awaiting orders...
[MESSAGE] - from Patrol: Awaiting orders...
[JSON] - from Received Raw Message:
{
    "data": {
        "params": {
            "target": "next"
        },
        "target_state": "Patrol"
    },
    "receiver": "body",
    "sender": "captain_samuele",
    "type": "transition_to"
}
[MESSAGE] - from Patrol: Mind orders: Transition to Patrol
[JSON] - from Sent Data:
{
    "data": {
        "status": "reached",
        "waypoint": "0"
    },
    "receiver": "vesna",
    "sender": "body",
    "type": "navigation"
}
[MESSAGE] - from Patrol: Arrived. Awaiting orders...
[MESSAGE] - from Patrol: Awaiting orders...
[JSON] - from Sent Data:
{
    "data": {
        "status": "reached",
        "waypoint": "0"
    },
    "receiver": "vesna",
    "sender": "body",
    "type": "navigation"
}
[MESSAGE] - from Patrol: Arrived. Awaiting orders...
[MESSAGE] - from Patrol: Awaiting orders...
[JSON] - from Sent Data:
{
    "data": {
        "status": "reached",
        "waypoint": "0"
    },
    "receiver": "vesna",
    "sender": "body",
    "type": "navigation"
}
[MESSAGE] - from Patrol: Arrived. Awaiting orders...
[MESSAGE] - from Patrol: Awaiting orders...
[JSON] - from Received Raw Message:
{
    "data": {
        "params": {
            "target": "next"
        },
        "target_state": "Patrol"
    },
    "receiver": "body",
    "sender": "patrol_rosanna",
    "type": "transition_to"
}
[MESSAGE] - from Patrol: Mind orders: Transition to Patrol
[JSON] - from Received Raw Message:
{
    "data": {
        "params": {
            "target": "next"
        },
        "target_state": "Patrol"
    },
    "receiver": "body",
    "sender": "patrol_marianna",
    "type": "transition_to"
}
[MESSAGE] - from Patrol: Mind orders: Transition to Patrol
[MESSAGE] - from Patrol: I SEE YOU!
[JSON] - from Sent Data:
{
    "data": {
        "id": 126064005375,
        "pos_x": 1427.29272460938,
        "pos_y": 98.2770080566406,
        "sight": "player"
    },
    "receiver": "vesna",
    "sender": "body",
    "type": "sight"
}
[JSON] - from Received Raw Message:
{
    "data": {
        "params": {
            "patience": 5.0
        },
        "target_state": "Chase"
    },
    "receiver": "body",
    "sender": "patrol_rosanna",
    "type": "transition_to"
}
[MESSAGE] - from Patrol: Mind orders: Transition to Chase
[MESSAGE] - from Patrol: I SEE YOU!
[JSON] - from Sent Data:
{
    "data": {
        "id": 126064005375,
        "pos_x": 1427.29272460938,
        "pos_y": 98.2770080566406,
        "sight": "player"
    },
    "receiver": "vesna",
    "sender": "body",
    "type": "sight"
}
[MESSAGE] - from Patrol: I SEE YOU!
[JSON] - from Sent Data:
{
    "data": {
        "id": 126064005375,
        "pos_x": 1427.29272460938,
        "pos_y": 98.2770080566406,
        "sight": "player"
    },
    "receiver": "vesna",
    "sender": "body",
    "type": "sight"
}
[MESSAGE] - from Patrol: CAUGHT the player! Triggering encounter as 'rosanna'
Encounter triggered with: rosanna
Stopping Jason Mind...
Sympathy update queued: patrol_rosanna += -0.24 (total: -0.24)
[MESSAGE] - from NetworkManager: Listening on port 9071
[MESSAGE] - from Sentry: Scanning (2.0s interval)...
[MESSAGE] - from NetworkManager: Listening on port 9072
[MESSAGE] - from Sentry: Scanning (2.0s interval)...
[MESSAGE] - from NetworkManager: Listening on port 9073
[MESSAGE] - from Sentry: Scanning (2.0s interval)...
[MESSAGE] - from NetworkManager: Listening on port 9074
[MESSAGE] - from Sentry: Scanning (2.0s interval)...
[MESSAGE] - from NetworkManager: Listening on port 9075
[MESSAGE] - from Sentry: Scanning (2.0s interval)...
[MESSAGE] - from NetworkManager: Listening on port 9076
[MESSAGE] - from Sentry: Scanning (2.0s interval)...
[MESSAGE] - from NetworkManager: Listening on port 9077
[MESSAGE] - from Sentry: Scanning (2.0s interval)...
[MESSAGE] - from NetworkManager: Listening on port 9078
[MESSAGE] - from Sentry: Scanning (2.0s interval)...
[MESSAGE] - from NetworkManager: Listening on port 9080
[MESSAGE] - from Patrol: Cached 4 waypoints from 1 zone(s)
[MESSAGE] - from NetworkManager: Listening on port 9081
[MESSAGE] - from Patrol: Cached 3 waypoints from 1 zone(s)
[MESSAGE] - from NetworkManager: Listening on port 9082
[MESSAGE] - from Patrol: Cached 4 waypoints from 1 zone(s)
[MESSAGE] - from NetworkManager: Listening on port 9083
[MESSAGE] - from Patrol: Cached 5 waypoints from 1 zone(s)
[MESSAGE] - from NetworkManager: Listening on port 9090
[MESSAGE] - from Patrol: Cached 7 waypoints from 2 zone(s)
[MESSAGE] - from NetworkManager: Listening on port 9091
[MESSAGE] - from Patrol: Cached 9 waypoints from 2 zone(s)
--- Starting Jason Mind (Gradle) ---
Working Dir: /home/inkeaton/Documenti/Godot/take-them-out/mind
ServerManager: Listening for Jason readiness on port 9200
Jason launch command: bash ["-c", "cd \'/home/inkeaton/Documenti/Godot/take-them-out/mind\' && exec gradle run"]
Spawned Jason Mind (PID: 203202)
Waiting for Jason Mind to boot...
[MESSAGE] - from NetworkManager: New TCP connection accepted. Handshaking...
[MESSAGE] - from NetworkManager: WebSocket Handshake complete. Channel OPEN.
[MESSAGE] - from NetworkManager: New TCP connection accepted. Handshaking...
[MESSAGE] - from NetworkManager: WebSocket Handshake complete. Channel OPEN.
[MESSAGE] - from NetworkManager: New TCP connection accepted. Handshaking...
[MESSAGE] - from NetworkManager: WebSocket Handshake complete. Channel OPEN.
[MESSAGE] - from NetworkManager: New TCP connection accepted. Handshaking...
[MESSAGE] - from NetworkManager: WebSocket Handshake complete. Channel OPEN.
[MESSAGE] - from NetworkManager: New TCP connection accepted. Handshaking...
[MESSAGE] - from NetworkManager: WebSocket Handshake complete. Channel OPEN.
[MESSAGE] - from NetworkManager: New TCP connection accepted. Handshaking...
[MESSAGE] - from NetworkManager: WebSocket Handshake complete. Channel OPEN.
[MESSAGE] - from NetworkManager: New TCP connection accepted. Handshaking...
[MESSAGE] - from NetworkManager: WebSocket Handshake complete. Channel OPEN.
[MESSAGE] - from NetworkManager: New TCP connection accepted. Handshaking...
[MESSAGE] - from NetworkManager: WebSocket Handshake complete. Channel OPEN.
[MESSAGE] - from NetworkManager: New TCP connection accepted. Handshaking...
[MESSAGE] - from NetworkManager: WebSocket Handshake complete. Channel OPEN.
[MESSAGE] - from NetworkManager: New TCP connection accepted. Handshaking...
[MESSAGE] - from NetworkManager: WebSocket Handshake complete. Channel OPEN.
[MESSAGE] - from NetworkManager: New TCP connection accepted. Handshaking...
[MESSAGE] - from NetworkManager: WebSocket Handshake complete. Channel OPEN.
[MESSAGE] - from NetworkManager: New TCP connection accepted. Handshaking...
[MESSAGE] - from NetworkManager: WebSocket Handshake complete. Channel OPEN.
[MESSAGE] - from NetworkManager: New TCP connection accepted. Handshaking...
[MESSAGE] - from NetworkManager: WebSocket Handshake complete. Channel OPEN.
[MESSAGE] - from NetworkManager: New TCP connection accepted. Handshaking...
[MESSAGE] - from NetworkManager: WebSocket Handshake complete. Channel OPEN.
ServerManager: TCP connection on 9200, upgrading to WebSocket...
ServerManager: WebSocket handshake on 9200 complete.
[JSON] - from Received Raw Message:
{
    "data": {
        "params": {
            "target": "next"
        },
        "target_state": "Patrol"
    },
    "receiver": "body",
    "sender": "patrol_rosanna",
    "type": "transition_to"
}
[MESSAGE] - from Patrol: Mind orders: Transition to Patrol
[JSON] - from Received Raw Message:
{
    "data": {
        "params": {
            "target": "next"
        },
        "target_state": "Patrol"
    },
    "receiver": "body",
    "sender": "patrol_susanna",
    "type": "transition_to"
}
[MESSAGE] - from Patrol: Mind orders: Transition to Patrol
[JSON] - from Received Raw Message:
{
    "data": {
        "params": {
            "target": "next"
        },
        "target_state": "Patrol"
    },
    "receiver": "body",
    "sender": "patrol_polyanna",
    "type": "transition_to"
}
[MESSAGE] - from Patrol: Mind orders: Transition to Patrol
[JSON] - from Received Raw Message:
{
    "data": {
        "params": {
            "target": "next"
        },
        "target_state": "Patrol"
    },
    "receiver": "body",
    "sender": "patrol_marianna",
    "type": "transition_to"
}
[MESSAGE] - from Patrol: Mind orders: Transition to Patrol
[JSON] - from Received Raw Message:
{
    "data": {
        "params": {
            "target": "next"
        },
        "target_state": "Patrol"
    },
    "receiver": "body",
    "sender": "captain_daniele",
    "type": "transition_to"
}
[MESSAGE] - from Patrol: Mind orders: Transition to Patrol
[JSON] - from Received Raw Message:
{
    "data": {
        "params": {
            "target": "next"
        },
        "target_state": "Patrol"
    },
    "receiver": "body",
    "sender": "captain_samuele",
    "type": "transition_to"
}
[MESSAGE] - from Patrol: Mind orders: Transition to Patrol
JASON MIND READY! signal_ready received from 'director'.
Mind Connected. Starting Game.
ServerManager: Sent to director: {"data":{"sympathies":[{"agent":"patrol_rosanna","value":-0.24}]},"receiver":"director","sender":"body","type":"setup"}
Sent sympathy updates to director: [{ "agent": "patrol_rosanna", "value": -0.24 }]
[JSON] - from Sent Data:
{
    "data": {
        "status": "reached",
        "waypoint": "0"
    },
    "receiver": "vesna",
    "sender": "body",
    "type": "navigation"
}
[MESSAGE] - from Patrol: Arrived. Awaiting orders...
[MESSAGE] - from Patrol: Awaiting orders...
[JSON] - from Received Raw Message:
{
    "data": {
        "params": {
            "target": "next"
        },
        "target_state": "Patrol"
    },
    "receiver": "body",
    "sender": "captain_samuele",
    "type": "transition_to"
}
[MESSAGE] - from Patrol: Mind orders: Transition to Patrol
[JSON] - from Sent Data:
{
    "data": {
        "status": "reached",
        "waypoint": "0"
    },
    "receiver": "vesna",
    "sender": "body",
    "type": "navigation"
}
[MESSAGE] - from Patrol: Arrived. Awaiting orders...
[MESSAGE] - from Patrol: Awaiting orders...
[JSON] - from Sent Data:
{
    "data": {
        "status": "reached",
        "waypoint": "0"
    },
    "receiver": "vesna",
    "sender": "body",
    "type": "navigation"
}
[MESSAGE] - from Patrol: Arrived. Awaiting orders...
[MESSAGE] - from Patrol: Awaiting orders...
[JSON] - from Received Raw Message:
{
    "data": {
        "params": {
            "target": "next"
        },
        "target_state": "Patrol"
    },
    "receiver": "body",
    "sender": "patrol_marianna",
    "type": "transition_to"
}
[MESSAGE] - from Patrol: Mind orders: Transition to Patrol
[JSON] - from Received Raw Message:
{
    "data": {
        "params": {
            "target": "next"
        },
        "target_state": "Patrol"
    },
    "receiver": "body",
    "sender": "patrol_susanna",
    "type": "transition_to"
}
[MESSAGE] - from Patrol: Mind orders: Transition to Patrol
[JSON] - from Sent Data:
{
    "data": {
        "status": "reached",
        "waypoint": "0"
    },
    "receiver": "vesna",
    "sender": "body",
    "type": "navigation"
}
[MESSAGE] - from Patrol: Arrived. Awaiting orders...
[MESSAGE] - from Patrol: Awaiting orders...
[JSON] - from Sent Data:
{
    "data": {
        "status": "reached",
        "waypoint": "0"
    },
    "receiver": "vesna",
    "sender": "body",
    "type": "navigation"
}
[MESSAGE] - from Patrol: Arrived. Awaiting orders...
[MESSAGE] - from Patrol: Awaiting orders...
[JSON] - from Received Raw Message:
{
    "data": {
        "params": {
            "target": "next"
        },
        "target_state": "Patrol"
    },
    "receiver": "body",
    "sender": "patrol_rosanna",
    "type": "transition_to"
}
[MESSAGE] - from Patrol: Mind orders: Transition to Patrol
[JSON] - from Received Raw Message:
{
    "data": {
        "params": {
            "target": "next"
        },
        "target_state": "Patrol"
    },
    "receiver": "body",
    "sender": "patrol_polyanna",
    "type": "transition_to"
}
[MESSAGE] - from Patrol: Mind orders: Transition to Patrol
[JSON] - from Sent Data:
{
    "data": {
        "status": "reached",
        "waypoint": "1"
    },
    "receiver": "vesna",
    "sender": "body",
    "type": "navigation"
}
[MESSAGE] - from Patrol: Arrived. Awaiting orders...
[MESSAGE] - from Patrol: Awaiting orders...
[JSON] - from Received Raw Message:
{
    "data": {
        "params": {
            "target": "next"
        },
        "target_state": "Patrol"
    },
    "receiver": "body",
    "sender": "patrol_marianna",
    "type": "transition_to"
}
[MESSAGE] - from Patrol: Mind orders: Transition to Patrol
[JSON] - from Sent Data:
{
    "data": {
        "status": "reached",
        "waypoint": "1"
    },
    "receiver": "vesna",
    "sender": "body",
    "type": "navigation"
}
[MESSAGE] - from Patrol: Arrived. Awaiting orders...
[MESSAGE] - from Patrol: Awaiting orders...
[JSON] - from Sent Data:
{
    "data": {
        "status": "reached",
        "waypoint": "1"
    },
    "receiver": "vesna",
    "sender": "body",
    "type": "navigation"
}
[MESSAGE] - from Patrol: Arrived. Awaiting orders...
[MESSAGE] - from Patrol: Awaiting orders...
[JSON] - from Received Raw Message:
{
    "data": {
        "params": {
            "target": "next"
        },
        "target_state": "Patrol"
    },
    "receiver": "body",
    "sender": "patrol_rosanna",
    "type": "transition_to"
}
[MESSAGE] - from Patrol: Mind orders: Transition to Patrol
[MESSAGE] - from Sentry: I SEE YOU! Notifying mind...
[JSON] - from Sent Data:
{
    "data": {
        "id": 338581000368,
        "pos_x": 3168.92504882812,
        "pos_y": 1758.67517089844,
        "sight": "player"
    },
    "receiver": "vesna",
    "sender": "body",
    "type": "sight"
}
[MESSAGE] - from Sentry: Awaiting orders...
[JSON] - from Received Raw Message:
{
    "data": {
        "params": {
            "target": "next"
        },
        "target_state": "Patrol"
    },
    "receiver": "body",
    "sender": "captain_samuele",
    "type": "transition_to"
}
[MESSAGE] - from Patrol: Mind orders: Transition to Patrol
[JSON] - from Received Raw Message:
{
    "data": {
        "params": {
            "duration": 5.0
        },
        "target_state": "Alert"
    },
    "receiver": "body",
    "sender": "sentry7",
    "type": "transition_to"
}
[MESSAGE] - from Sentry: Mind orders: Transition to Alert
[MESSAGE] - from Sentry: Alert sequence triggered!
[MESSAGE] - from Sentry: Found allies: ["patrol_polyanna", "sentry3", "sentry5"]
[JSON] - from Sent Data:
{
    "data": {
        "allies": [
            "patrol_polyanna",
            "sentry3",
            "sentry5"
        ]
    },
    "receiver": "vesna",
    "sender": "body",
    "type": "allies"
}
[JSON] - from Received Raw Message:
{
    "data": {
        "name": "switch_time",
        "value": 2.0
    },
    "type": "set_var"
}
[MESSAGE] - from Sentry: Set Scan.switch_time = 2.0
[JSON] - from Received Raw Message:
{
    "data": {
        "name": "switch_time",
        "value": 2.0
    },
    "type": "set_var"
}
[MESSAGE] - from Sentry: Set Scan.switch_time = 2.0
[JSON] - from Received Raw Message:
{
    "data": {
        "params": {
            "target": {
                "x": 3168.92504882812,
                "y": 1758.67517089844
            }
        },
        "target_state": "Patrol"
    },
    "receiver": "body",
    "sender": "patrol_polyanna",
    "type": "transition_to"
}
[MESSAGE] - from Patrol: Mind orders: Transition to Patrol
[MESSAGE] - from Patrol: Moving to coordinates (3168.925, 1758.675)
[JSON] - from Sent Data:
{
    "data": {
        "reason": "Alert sequence finished",
        "status": "completed",
        "type": "alert"
    },
    "receiver": "vesna",
    "sender": "body",
    "type": "signal"
}
[MESSAGE] - from Sentry: Awaiting orders...
[JSON] - from Received Raw Message:
{
    "data": {
        "params": {
            "switch_time": 2.0
        },
        "target_state": "Scan"
    },
    "receiver": "body",
    "sender": "sentry7",
    "type": "transition_to"
}
[MESSAGE] - from Sentry: Mind orders: Transition to Scan
[MESSAGE] - from Sentry: Scanning (2.0s interval)...
[JSON] - from Sent Data:
{
    "data": {
        "status": "reached",
        "waypoint": "1"
    },
    "receiver": "vesna",
    "sender": "body",
    "type": "navigation"
}
[MESSAGE] - from Patrol: Arrived. Awaiting orders...
[MESSAGE] - from Patrol: Awaiting orders...
[JSON] - from Sent Data:
{
    "data": {
        "status": "reached",
        "waypoint": "2"
    },
    "receiver": "vesna",
    "sender": "body",
    "type": "navigation"
}
[MESSAGE] - from Patrol: Arrived. Awaiting orders...
[MESSAGE] - from Patrol: Awaiting orders...
[JSON] - from Received Raw Message:
{
    "data": {
        "params": {
            "target": "next"
        },
        "target_state": "Patrol"
    },
    "receiver": "body",
    "sender": "patrol_rosanna",
    "type": "transition_to"
}
[MESSAGE] - from Patrol: Mind orders: Transition to Patrol
[MESSAGE] - from Sentry: I SEE YOU! Notifying mind...
[JSON] - from Sent Data:
{
    "data": {
        "id": 338581000368,
        "pos_x": 2656.82495117188,
        "pos_y": 3494.1376953125,
        "sight": "player"
    },
    "receiver": "vesna",
    "sender": "body",
    "type": "sight"
}
[MESSAGE] - from Sentry: Awaiting orders...
[JSON] - from Received Raw Message:
{
    "data": {
        "params": {
            "duration": 12.0
        },
        "target_state": "Alert"
    },
    "receiver": "body",
    "sender": "sentry8",
    "type": "transition_to"
}
[MESSAGE] - from Sentry: Mind orders: Transition to Alert
[MESSAGE] - from Sentry: Alert sequence triggered!
[MESSAGE] - from Sentry: Found allies: []
[JSON] - from Sent Data:
{
    "data": {
        "allies": []
    },
    "receiver": "vesna",
    "sender": "body",
    "type": "allies"
}
[JSON] - from Received Raw Message:
{
    "data": {
        "params": {
            "target": "next"
        },
        "target_state": "Patrol"
    },
    "receiver": "body",
    "sender": "patrol_susanna",
    "type": "transition_to"
}
[MESSAGE] - from Patrol: Mind orders: Transition to Patrol
[JSON] - from Sent Data:
{
    "data": {
        "status": "reached",
        "waypoint": "2"
    },
    "receiver": "vesna",
    "sender": "body",
    "type": "navigation"
}
[MESSAGE] - from Patrol: Arrived. Awaiting orders...
[MESSAGE] - from Patrol: Awaiting orders...
[JSON] - from Sent Data:
{
    "data": {
        "reason": "Alert sequence finished",
        "status": "completed",
        "type": "alert"
    },
    "receiver": "vesna",
    "sender": "body",
    "type": "signal"
}
[MESSAGE] - from Sentry: Awaiting orders...
[JSON] - from Received Raw Message:
{
    "data": {
        "params": {
            "switch_time": 4.0
        },
        "target_state": "Scan"
    },
    "receiver": "body",
    "sender": "sentry8",
    "type": "transition_to"
}
[MESSAGE] - from Sentry: Mind orders: Transition to Scan
[MESSAGE] - from Sentry: Scanning (4.0s interval)...
[JSON] - from Sent Data:
{
    "data": {
        "status": "reached_target",
        "waypoint": "coords"
    },
    "receiver": "vesna",
    "sender": "body",
    "type": "navigation"
}
[MESSAGE] - from Patrol: Arrived. Awaiting orders...
[MESSAGE] - from Patrol: Awaiting orders...
[JSON] - from Received Raw Message:
{
    "data": {
        "params": {
            "points": 2.0
        },
        "target_state": "Investigate"
    },
    "receiver": "body",
    "sender": "patrol_polyanna",
    "type": "transition_to"
}
[MESSAGE] - from Patrol: Mind orders: Transition to Investigate
[MESSAGE] - from Patrol: Generated 2 investigation points.
[MESSAGE] - from Patrol: Investigating point 1...
[JSON] - from Sent Data:
{
    "data": {
        "status": "reached",
        "waypoint": "3"
    },
    "receiver": "vesna",
    "sender": "body",
    "type": "navigation"
}
[MESSAGE] - from Patrol: Arrived. Awaiting orders...
[MESSAGE] - from Patrol: Awaiting orders...
[JSON] - from Received Raw Message:
{
    "data": {
        "params": {
            "target": "next"
        },
        "target_state": "Patrol"
    },
    "receiver": "body",
    "sender": "patrol_marianna",
    "type": "transition_to"
}
[MESSAGE] - from Patrol: Mind orders: Transition to Patrol
Target reached! Starting dating sequence...
Stopping Jason Mind...
--- Stopping All Servers ---
Killing guard_core (PID: 202161)
Killing guard_action (PID: 202162)
Killing date_core (PID: 202163)
Killing date_action (PID: 202164)
--- Stopping All Servers ---
