Godot Engine v4.6.stable.official.89cea1439 - https://godotengine.org
Vulkan 1.4.335 - Forward+ - Using Device #0: AMD - AMD Radeon RX 7700 XT (RADV NAVI32)

ServerManager: Listening for Jason readiness on port 9200
Starting Game Sequence...
--- Cleaning up orphan processes on ports [5005, 5006, 5055, 5056] ---
--- Orphan cleanup done ---
--- Starting Skirmish (Guard) Servers ---
Working Dir: /home/inkeaton/Documenti/Godot/take-them-out/tongue/skirmish
Rasa log: /home/inkeaton/Documenti/Godot/take-them-out/logs/rasa_run_enable-api_cors_*_port_5005.log
Spawned PID 14666 in /home/inkeaton/Documenti/Godot/take-them-out/tongue/skirmish
Rasa log: /home/inkeaton/Documenti/Godot/take-them-out/logs/rasa_run_actions_port_5055.log
Spawned PID 14667 in /home/inkeaton/Documenti/Godot/take-them-out/tongue/skirmish
--- Starting Date (Eugenia) Servers ---
Working Dir: /home/inkeaton/Documenti/Godot/take-them-out/tongue/date
Rasa log: /home/inkeaton/Documenti/Godot/take-them-out/logs/rasa_run_enable-api_cors_*_port_5006.log
Spawned PID 14668 in /home/inkeaton/Documenti/Godot/take-them-out/tongue/date
Rasa log: /home/inkeaton/Documenti/Godot/take-them-out/logs/rasa_run_actions_port_5056.log
Spawned PID 14669 in /home/inkeaton/Documenti/Godot/take-them-out/tongue/date
[MESSAGE] - from NetworkManager: Listening on port 9071
[MESSAGE] - from Sentry: Scanning (2.0s interval)...
[MESSAGE] - from NetworkManager: Listening on port 9072
[MESSAGE] - from Sentry: Scanning (2.0s interval)...
[MESSAGE] - from NetworkManager: Listening on port 9073
[MESSAGE] - from Sentry: Scanning (2.0s interval)...
[MESSAGE] - from NetworkManager: Listening on port 9074
[MESSAGE] - from Sentry: Scanning (2.0s interval)...
[MESSAGE] - from NetworkManager: Listening on port 9075
[MESSAGE] - from Sentry: Scanning (2.0s interval)...
[MESSAGE] - from NetworkManager: Listening on port 9076
[MESSAGE] - from Sentry: Scanning (2.0s interval)...
[MESSAGE] - from NetworkManager: Listening on port 9077
[MESSAGE] - from Sentry: Scanning (2.0s interval)...
[MESSAGE] - from NetworkManager: Listening on port 9078
[MESSAGE] - from Sentry: Scanning (2.0s interval)...
[MESSAGE] - from NetworkManager: Listening on port 9080
[MESSAGE] - from Patrol: Cached 4 waypoints from 1 zone(s)
[MESSAGE] - from NetworkManager: Listening on port 9081
[MESSAGE] - from Patrol: Cached 3 waypoints from 1 zone(s)
[MESSAGE] - from NetworkManager: Listening on port 9082
[MESSAGE] - from Patrol: Cached 4 waypoints from 1 zone(s)
[MESSAGE] - from NetworkManager: Listening on port 9083
[MESSAGE] - from Patrol: Cached 5 waypoints from 1 zone(s)
[MESSAGE] - from NetworkManager: Listening on port 9090
[MESSAGE] - from Patrol: Cached 7 waypoints from 2 zone(s)
[MESSAGE] - from NetworkManager: Listening on port 9091
[MESSAGE] - from Patrol: Cached 9 waypoints from 2 zone(s)
--- Starting Jason Mind (Gradle) ---
Working Dir: /home/inkeaton/Documenti/Godot/take-them-out/mind
Spawned Jason Mind (PID: 15356)
Waiting for Jason Mind to boot...
[MESSAGE] - from NetworkManager: New TCP connection accepted. Handshaking...
[MESSAGE] - from NetworkManager: WebSocket Handshake complete. Channel OPEN.
[MESSAGE] - from NetworkManager: New TCP connection accepted. Handshaking...
[MESSAGE] - from NetworkManager: WebSocket Handshake complete. Channel OPEN.
[MESSAGE] - from NetworkManager: New TCP connection accepted. Handshaking...
[MESSAGE] - from NetworkManager: WebSocket Handshake complete. Channel OPEN.
[MESSAGE] - from NetworkManager: New TCP connection accepted. Handshaking...
[MESSAGE] - from NetworkManager: WebSocket Handshake complete. Channel OPEN.
[MESSAGE] - from NetworkManager: New TCP connection accepted. Handshaking...
[MESSAGE] - from NetworkManager: WebSocket Handshake complete. Channel OPEN.
[MESSAGE] - from NetworkManager: New TCP connection accepted. Handshaking...
[MESSAGE] - from NetworkManager: WebSocket Handshake complete. Channel OPEN.
[MESSAGE] - from NetworkManager: New TCP connection accepted. Handshaking...
[MESSAGE] - from NetworkManager: WebSocket Handshake complete. Channel OPEN.
[MESSAGE] - from NetworkManager: New TCP connection accepted. Handshaking...
[MESSAGE] - from NetworkManager: WebSocket Handshake complete. Channel OPEN.
[MESSAGE] - from NetworkManager: New TCP connection accepted. Handshaking...
[MESSAGE] - from NetworkManager: WebSocket Handshake complete. Channel OPEN.
[MESSAGE] - from NetworkManager: New TCP connection accepted. Handshaking...
[MESSAGE] - from NetworkManager: WebSocket Handshake complete. Channel OPEN.
[MESSAGE] - from NetworkManager: New TCP connection accepted. Handshaking...
[MESSAGE] - from NetworkManager: WebSocket Handshake complete. Channel OPEN.
[MESSAGE] - from NetworkManager: New TCP connection accepted. Handshaking...
[MESSAGE] - from NetworkManager: WebSocket Handshake complete. Channel OPEN.
[MESSAGE] - from NetworkManager: New TCP connection accepted. Handshaking...
[MESSAGE] - from NetworkManager: WebSocket Handshake complete. Channel OPEN.
[MESSAGE] - from NetworkManager: New TCP connection accepted. Handshaking...
[MESSAGE] - from NetworkManager: WebSocket Handshake complete. Channel OPEN.
ServerManager: TCP connection on 9200, upgrading to WebSocket...
ServerManager: WebSocket handshake on 9200 complete.
[JSON] - from Received Raw Message:
{
    "data": {
        "params": {
            "target": "next"
        },
        "target_state": "Patrol"
    },
    "receiver": "body",
    "sender": "patrol_rosanna",
    "type": "transition_to"
}
[MESSAGE] - from Patrol: Mind orders: Transition to Patrol
[JSON] - from Received Raw Message:
{
    "data": {
        "params": {
            "target": "next"
        },
        "target_state": "Patrol"
    },
    "receiver": "body",
    "sender": "patrol_susanna",
    "type": "transition_to"
}
[MESSAGE] - from Patrol: Mind orders: Transition to Patrol
[JSON] - from Received Raw Message:
{
    "data": {
        "params": {
            "target": "next"
        },
        "target_state": "Patrol"
    },
    "receiver": "body",
    "sender": "patrol_polyanna",
    "type": "transition_to"
}
[MESSAGE] - from Patrol: Mind orders: Transition to Patrol
[JSON] - from Received Raw Message:
{
    "data": {
        "params": {
            "target": "next"
        },
        "target_state": "Patrol"
    },
    "receiver": "body",
    "sender": "patrol_marianna",
    "type": "transition_to"
}
[MESSAGE] - from Patrol: Mind orders: Transition to Patrol
[JSON] - from Received Raw Message:
{
    "data": {
        "params": {
            "target": "next"
        },
        "target_state": "Patrol"
    },
    "receiver": "body",
    "sender": "captain_daniele",
    "type": "transition_to"
}
[MESSAGE] - from Patrol: Mind orders: Transition to Patrol
[JSON] - from Received Raw Message:
{
    "data": {
        "params": {
            "target": "next"
        },
        "target_state": "Patrol"
    },
    "receiver": "body",
    "sender": "captain_samuele",
    "type": "transition_to"
}
[MESSAGE] - from Patrol: Mind orders: Transition to Patrol
JASON MIND READY! signal_ready received from 'director'.
Mind Connected. Starting Game.
No sympathy updates to send.
[MESSAGE] - from Patrol: I SEE YOU!
[JSON] - from Sent Data:
{
    "data": {
        "id": 114806493440,
        "pos_x": 100.0,
        "pos_y": 687.0,
        "sight": "player"
    },
    "receiver": "vesna",
    "sender": "body",
    "type": "sight"
}
[JSON] - from Sent Data:
{
    "data": {
        "status": "reached",
        "waypoint": "0"
    },
    "receiver": "vesna",
    "sender": "body",
    "type": "navigation"
}
[MESSAGE] - from Patrol: Arrived. Awaiting orders...
[MESSAGE] - from Patrol: Awaiting orders...
[MESSAGE] - from Patrol: CAUGHT the player! Triggering encounter as 'rosanna'
Encounter triggered with: rosanna
Stopping Jason Mind...
Sympathy update queued: patrol_rosanna += -0.24 (total: -0.24)
[MESSAGE] - from NetworkManager: Listening on port 9071
[MESSAGE] - from Sentry: Scanning (2.0s interval)...
[MESSAGE] - from NetworkManager: Listening on port 9072
[MESSAGE] - from Sentry: Scanning (2.0s interval)...
[MESSAGE] - from NetworkManager: Listening on port 9073
[MESSAGE] - from Sentry: Scanning (2.0s interval)...
[MESSAGE] - from NetworkManager: Listening on port 9074
[MESSAGE] - from Sentry: Scanning (2.0s interval)...
[MESSAGE] - from NetworkManager: Listening on port 9075
[MESSAGE] - from Sentry: Scanning (2.0s interval)...
[MESSAGE] - from NetworkManager: Listening on port 9076
[MESSAGE] - from Sentry: Scanning (2.0s interval)...
[MESSAGE] - from NetworkManager: Listening on port 9077
[MESSAGE] - from Sentry: Scanning (2.0s interval)...
[MESSAGE] - from NetworkManager: Listening on port 9078
[MESSAGE] - from Sentry: Scanning (2.0s interval)...
[MESSAGE] - from NetworkManager: Listening on port 9080
[MESSAGE] - from Patrol: Cached 4 waypoints from 1 zone(s)
[MESSAGE] - from NetworkManager: Listening on port 9081
[MESSAGE] - from Patrol: Cached 3 waypoints from 1 zone(s)
[MESSAGE] - from NetworkManager: Listening on port 9082
[MESSAGE] - from Patrol: Cached 4 waypoints from 1 zone(s)
[MESSAGE] - from NetworkManager: Listening on port 9083
[MESSAGE] - from Patrol: Cached 5 waypoints from 1 zone(s)
[MESSAGE] - from NetworkManager: Listening on port 9090
[MESSAGE] - from Patrol: Cached 7 waypoints from 2 zone(s)
[MESSAGE] - from NetworkManager: Listening on port 9091
[MESSAGE] - from Patrol: Cached 9 waypoints from 2 zone(s)
--- Starting Jason Mind (Gradle) ---
Working Dir: /home/inkeaton/Documenti/Godot/take-them-out/mind
ServerManager: Listening for Jason readiness on port 9200
Spawned Jason Mind (PID: 15885)
Waiting for Jason Mind to boot...
[MESSAGE] - from NetworkManager: New TCP connection accepted. Handshaking...
[MESSAGE] - from NetworkManager: WebSocket Handshake complete. Channel OPEN.
[MESSAGE] - from NetworkManager: New TCP connection accepted. Handshaking...
[MESSAGE] - from NetworkManager: WebSocket Handshake complete. Channel OPEN.
[MESSAGE] - from NetworkManager: New TCP connection accepted. Handshaking...
[MESSAGE] - from NetworkManager: WebSocket Handshake complete. Channel OPEN.
[MESSAGE] - from NetworkManager: New TCP connection accepted. Handshaking...
[MESSAGE] - from NetworkManager: WebSocket Handshake complete. Channel OPEN.
[MESSAGE] - from NetworkManager: New TCP connection accepted. Handshaking...
[MESSAGE] - from NetworkManager: WebSocket Handshake complete. Channel OPEN.
[MESSAGE] - from NetworkManager: New TCP connection accepted. Handshaking...
[MESSAGE] - from NetworkManager: WebSocket Handshake complete. Channel OPEN.
[MESSAGE] - from NetworkManager: New TCP connection accepted. Handshaking...
[MESSAGE] - from NetworkManager: WebSocket Handshake complete. Channel OPEN.
[MESSAGE] - from NetworkManager: New TCP connection accepted. Handshaking...
[MESSAGE] - from NetworkManager: WebSocket Handshake complete. Channel OPEN.
[MESSAGE] - from NetworkManager: New TCP connection accepted. Handshaking...
[MESSAGE] - from NetworkManager: WebSocket Handshake complete. Channel OPEN.
[MESSAGE] - from NetworkManager: New TCP connection accepted. Handshaking...
[MESSAGE] - from NetworkManager: WebSocket Handshake complete. Channel OPEN.
[MESSAGE] - from NetworkManager: New TCP connection accepted. Handshaking...
[MESSAGE] - from NetworkManager: WebSocket Handshake complete. Channel OPEN.
[MESSAGE] - from NetworkManager: New TCP connection accepted. Handshaking...
[MESSAGE] - from NetworkManager: WebSocket Handshake complete. Channel OPEN.
[MESSAGE] - from NetworkManager: New TCP connection accepted. Handshaking...
[MESSAGE] - from NetworkManager: WebSocket Handshake complete. Channel OPEN.
[MESSAGE] - from NetworkManager: New TCP connection accepted. Handshaking...
[MESSAGE] - from NetworkManager: WebSocket Handshake complete. Channel OPEN.
ServerManager: TCP connection on 9200, upgrading to WebSocket...
ServerManager: WebSocket handshake on 9200 complete.
[JSON] - from Received Raw Message:
{
    "data": {
        "params": {
            "target": "next"
        },
        "target_state": "Patrol"
    },
    "receiver": "body",
    "sender": "patrol_rosanna",
    "type": "transition_to"
}
[MESSAGE] - from Patrol: Mind orders: Transition to Patrol
[JSON] - from Received Raw Message:
{
    "data": {
        "params": {
            "target": "next"
        },
        "target_state": "Patrol"
    },
    "receiver": "body",
    "sender": "patrol_susanna",
    "type": "transition_to"
}
[MESSAGE] - from Patrol: Mind orders: Transition to Patrol
[JSON] - from Received Raw Message:
{
    "data": {
        "params": {
            "target": "next"
        },
        "target_state": "Patrol"
    },
    "receiver": "body",
    "sender": "patrol_polyanna",
    "type": "transition_to"
}
[MESSAGE] - from Patrol: Mind orders: Transition to Patrol
[JSON] - from Received Raw Message:
{
    "data": {
        "params": {
            "target": "next"
        },
        "target_state": "Patrol"
    },
    "receiver": "body",
    "sender": "patrol_marianna",
    "type": "transition_to"
}
[MESSAGE] - from Patrol: Mind orders: Transition to Patrol
[JSON] - from Received Raw Message:
{
    "data": {
        "params": {
            "target": "next"
        },
        "target_state": "Patrol"
    },
    "receiver": "body",
    "sender": "captain_daniele",
    "type": "transition_to"
}
[MESSAGE] - from Patrol: Mind orders: Transition to Patrol
[JSON] - from Received Raw Message:
{
    "data": {
        "params": {
            "target": "next"
        },
        "target_state": "Patrol"
    },
    "receiver": "body",
    "sender": "captain_samuele",
    "type": "transition_to"
}
[MESSAGE] - from Patrol: Mind orders: Transition to Patrol
JASON MIND READY! signal_ready received from 'director'.
Mind Connected. Starting Game.
ServerManager: Sent to director: {"data":{"sympathies":[{"agent":"patrol_rosanna","value":-0.24}]},"receiver":"director","sender":"body","type":"setup"}
Sent sympathy updates to director: [{ "agent": "patrol_rosanna", "value": -0.24 }]
[JSON] - from Sent Data:
{
    "data": {
        "status": "reached",
        "waypoint": "0"
    },
    "receiver": "vesna",
    "sender": "body",
    "type": "navigation"
}
[MESSAGE] - from Patrol: Arrived. Awaiting orders...
[MESSAGE] - from Patrol: Awaiting orders...
[JSON] - from Received Raw Message:
{
    "data": {
        "params": {
            "target": "next"
        },
        "target_state": "Patrol"
    },
    "receiver": "body",
    "sender": "captain_samuele",
    "type": "transition_to"
}
[MESSAGE] - from Patrol: Mind orders: Transition to Patrol
[JSON] - from Sent Data:
{
    "data": {
        "status": "reached",
        "waypoint": "0"
    },
    "receiver": "vesna",
    "sender": "body",
    "type": "navigation"
}
[MESSAGE] - from Patrol: Arrived. Awaiting orders...
[MESSAGE] - from Patrol: Awaiting orders...
[JSON] - from Received Raw Message:
{
    "data": {
        "params": {
            "target": "next"
        },
        "target_state": "Patrol"
    },
    "receiver": "body",
    "sender": "patrol_marianna",
    "type": "transition_to"
}
[MESSAGE] - from Patrol: Mind orders: Transition to Patrol
[JSON] - from Sent Data:
{
    "data": {
        "status": "reached",
        "waypoint": "0"
    },
    "receiver": "vesna",
    "sender": "body",
    "type": "navigation"
}
[MESSAGE] - from Patrol: Arrived. Awaiting orders...
[MESSAGE] - from Patrol: Awaiting orders...
[JSON] - from Sent Data:
{
    "data": {
        "status": "reached",
        "waypoint": "0"
    },
    "receiver": "vesna",
    "sender": "body",
    "type": "navigation"
}
[MESSAGE] - from Patrol: Arrived. Awaiting orders...
[MESSAGE] - from Patrol: Awaiting orders...
[JSON] - from Received Raw Message:
{
    "data": {
        "params": {
            "target": "next"
        },
        "target_state": "Patrol"
    },
    "receiver": "body",
    "sender": "patrol_rosanna",
    "type": "transition_to"
}
[MESSAGE] - from Patrol: Mind orders: Transition to Patrol
[JSON] - from Received Raw Message:
{
    "data": {
        "params": {
            "target": "next"
        },
        "target_state": "Patrol"
    },
    "receiver": "body",
    "sender": "patrol_polyanna",
    "type": "transition_to"
}
[MESSAGE] - from Patrol: Mind orders: Transition to Patrol
[JSON] - from Sent Data:
{
    "data": {
        "status": "reached",
        "waypoint": "1"
    },
    "receiver": "vesna",
    "sender": "body",
    "type": "navigation"
}
[MESSAGE] - from Patrol: Arrived. Awaiting orders...
[MESSAGE] - from Patrol: Awaiting orders...
[JSON] - from Sent Data:
{
    "data": {
        "status": "reached",
        "waypoint": "1"
    },
    "receiver": "vesna",
    "sender": "body",
    "type": "navigation"
}
[MESSAGE] - from Patrol: Arrived. Awaiting orders...
[MESSAGE] - from Patrol: Awaiting orders...
[JSON] - from Received Raw Message:
{
    "data": {
        "params": {
            "target": "next"
        },
        "target_state": "Patrol"
    },
    "receiver": "body",
    "sender": "patrol_marianna",
    "type": "transition_to"
}
[MESSAGE] - from Patrol: Mind orders: Transition to Patrol
[MESSAGE] - from Sentry: I SEE YOU! Notifying mind...
[JSON] - from Sent Data:
{
    "data": {
        "id": 237397612646,
        "pos_x": 2330.9931640625,
        "pos_y": 1474.22998046875,
        "sight": "player"
    },
    "receiver": "vesna",
    "sender": "body",
    "type": "sight"
}
[MESSAGE] - from Sentry: Awaiting orders...
[JSON] - from Received Raw Message:
{
    "data": {
        "params": {
            "duration": 5.0
        },
        "target_state": "Alert"
    },
    "receiver": "body",
    "sender": "sentry3",
    "type": "transition_to"
}
[MESSAGE] - from Sentry: Mind orders: Transition to Alert
[MESSAGE] - from Sentry: Alert sequence triggered!
[MESSAGE] - from Sentry: Found allies: ["patrol_susanna", "patrol_polyanna", "sentry5", "sentry7", "captain_daniele"]
[JSON] - from Sent Data:
{
    "data": {
        "allies": [
            "patrol_susanna",
            "patrol_polyanna",
            "sentry5",
            "sentry7",
            "captain_daniele"
        ]
    },
    "receiver": "vesna",
    "sender": "body",
    "type": "allies"
}
[JSON] - from Received Raw Message:
{
    "data": {
        "params": {
            "target": "next"
        },
        "target_state": "Patrol"
    },
    "receiver": "body",
    "sender": "captain_samuele",
    "type": "transition_to"
}
[MESSAGE] - from Patrol: Mind orders: Transition to Patrol
[JSON] - from Received Raw Message:
{
    "data": {
        "name": "switch_time",
        "value": 2.0
    },
    "type": "set_var"
}
[MESSAGE] - from Sentry: Set Scan.switch_time = 2.0
[JSON] - from Received Raw Message:
{
    "data": {
        "name": "switch_time",
        "value": 2.0
    },
    "type": "set_var"
}
[MESSAGE] - from Sentry: Set Scan.switch_time = 2.0
[JSON] - from Received Raw Message:
{
    "data": {
        "name": "switch_time",
        "value": 2.0
    },
    "type": "set_var"
}
[MESSAGE] - from Sentry: Set Scan.switch_time = 2.0
[JSON] - from Received Raw Message:
{
    "data": {
        "name": "switch_time",
        "value": 2.0
    },
    "type": "set_var"
}
[MESSAGE] - from Sentry: Set Scan.switch_time = 2.0
[JSON] - from Received Raw Message:
{
    "data": {
        "name": "switch_time",
        "value": 2.0
    },
    "type": "set_var"
}
[MESSAGE] - from Sentry: Set Scan.switch_time = 2.0
[JSON] - from Received Raw Message:
{
    "data": {
        "name": "switch_time",
        "value": 2.0
    },
    "type": "set_var"
}
[MESSAGE] - from Sentry: Set Scan.switch_time = 2.0
[JSON] - from Received Raw Message:
{
    "data": {
        "name": "switch_time",
        "value": 2.0
    },
    "type": "set_var"
}
[MESSAGE] - from Sentry: Set Scan.switch_time = 2.0
[JSON] - from Received Raw Message:
{
    "data": {
        "params": {
            "target": {
                "x": 2330.9931640625,
                "y": 1474.22998046875
            }
        },
        "target_state": "Patrol"
    },
    "receiver": "body",
    "sender": "patrol_rosanna",
    "type": "transition_to"
}
[MESSAGE] - from Patrol: Mind orders: Transition to Patrol
[MESSAGE] - from Patrol: Moving to coordinates (2330.993, 1474.23)
[JSON] - from Received Raw Message:
{
    "data": {
        "params": {
            "target": {
                "x": 2330.9931640625,
                "y": 1474.22998046875
            }
        },
        "target_state": "Patrol"
    },
    "receiver": "body",
    "sender": "patrol_polyanna",
    "type": "transition_to"
}
[MESSAGE] - from Patrol: Mind orders: Transition to Patrol
[MESSAGE] - from Patrol: Moving to coordinates (2330.993, 1474.23)
[JSON] - from Received Raw Message:
{
    "data": {
        "params": {
            "target": {
                "x": 2330.9931640625,
                "y": 1474.22998046875
            }
        },
        "target_state": "Patrol"
    },
    "receiver": "body",
    "sender": "patrol_marianna",
    "type": "transition_to"
}
[MESSAGE] - from Patrol: Mind orders: Transition to Patrol
[MESSAGE] - from Patrol: Moving to coordinates (2330.993, 1474.23)
[JSON] - from Received Raw Message:
{
    "data": {
        "params": {
            "target": {
                "x": 2330.9931640625,
                "y": 1474.22998046875
            }
        },
        "target_state": "Patrol"
    },
    "receiver": "body",
    "sender": "captain_daniele",
    "type": "transition_to"
}
[MESSAGE] - from Patrol: Mind orders: Transition to Patrol
[MESSAGE] - from Patrol: Moving to coordinates (2330.993, 1474.23)
[JSON] - from Received Raw Message:
{
    "data": {
        "params": {
            "target": {
                "x": 2330.9931640625,
                "y": 1474.22998046875
            }
        },
        "target_state": "Patrol"
    },
    "receiver": "body",
    "sender": "captain_samuele",
    "type": "transition_to"
}
[MESSAGE] - from Patrol: Mind orders: Transition to Patrol
[MESSAGE] - from Patrol: Moving to coordinates (2330.993, 1474.23)
[JSON] - from Received Raw Message:
{
    "data": {
        "name": "switch_time",
        "value": 2.0
    },
    "type": "set_var"
}
[MESSAGE] - from Sentry: Set Scan.switch_time = 2.0
[JSON] - from Received Raw Message:
{
    "data": {
        "name": "switch_time",
        "value": 2.0
    },
    "type": "set_var"
}
[MESSAGE] - from Sentry: Set Scan.switch_time = 2.0
[JSON] - from Sent Data:
{
    "data": {
        "status": "reached_target",
        "waypoint": "coords"
    },
    "receiver": "vesna",
    "sender": "body",
    "type": "navigation"
}
[MESSAGE] - from Patrol: Arrived. Awaiting orders...
[MESSAGE] - from Patrol: Awaiting orders...
[JSON] - from Received Raw Message:
{
    "data": {
        "params": {
            "points": 2.0
        },
        "target_state": "Investigate"
    },
    "receiver": "body",
    "sender": "patrol_polyanna",
    "type": "transition_to"
}
[MESSAGE] - from Patrol: Mind orders: Transition to Investigate
[MESSAGE] - from Patrol: Generated 2 investigation points.
[MESSAGE] - from Patrol: Investigating point 1...
[MESSAGE] - from Patrol: Investigating point 2...
[JSON] - from Sent Data:
{
    "data": {
        "reason": "Alert sequence finished",
        "status": "completed",
        "type": "alert"
    },
    "receiver": "vesna",
    "sender": "body",
    "type": "signal"
}
[MESSAGE] - from Sentry: Awaiting orders...
[JSON] - from Received Raw Message:
{
    "data": {
        "params": {
            "switch_time": 4.0
        },
        "target_state": "Scan"
    },
    "receiver": "body",
    "sender": "sentry3",
    "type": "transition_to"
}
[MESSAGE] - from Sentry: Mind orders: Transition to Scan
[MESSAGE] - from Sentry: Scanning (4.0s interval)...
[JSON] - from Received Raw Message:
{
    "data": {
        "params": {
            "target": {
                "x": 2330.9931640625,
                "y": 1474.22998046875
            }
        },
        "target_state": "Patrol"
    },
    "receiver": "body",
    "sender": "patrol_susanna",
    "type": "transition_to"
}
[MESSAGE] - from Patrol: Mind orders: Transition to Patrol
[MESSAGE] - from Patrol: Moving to coordinates (2330.993, 1474.23)
[MESSAGE] - from Patrol: I SEE YOU!
[JSON] - from Sent Data:
{
    "data": {
        "id": 237397612646,
        "pos_x": 2342.82348632812,
        "pos_y": 1360.92529296875,
        "sight": "player"
    },
    "receiver": "vesna",
    "sender": "body",
    "type": "sight"
}
[MESSAGE] - from Patrol: I SEE YOU!
[JSON] - from Sent Data:
{
    "data": {
        "id": 237397612646,
        "pos_x": 2307.82348632812,
        "pos_y": 1360.92529296875,
        "sight": "player"
    },
    "receiver": "vesna",
    "sender": "body",
    "type": "sight"
}
[JSON] - from Received Raw Message:
{
    "data": {
        "params": {
            "patience": 5.0
        },
        "target_state": "Chase"
    },
    "receiver": "body",
    "sender": "patrol_polyanna",
    "type": "transition_to"
}
[MESSAGE] - from Patrol: Mind orders: Transition to Chase
[JSON] - from Received Raw Message:
{
    "data": {
        "params": {
            "patience": 5.0
        },
        "target_state": "Chase"
    },
    "receiver": "body",
    "sender": "patrol_polyanna",
    "type": "transition_to"
}
[MESSAGE] - from Patrol: Mind orders: Transition to Chase
[MESSAGE] - from Patrol: I SEE YOU!
[JSON] - from Sent Data:
{
    "data": {
        "id": 237397612646,
        "pos_x": 2377.57299804688,
        "pos_y": 1336.17663574219,
        "sight": "player"
    },
    "receiver": "vesna",
    "sender": "body",
    "type": "sight"
}
[MESSAGE] - from Patrol: Tracking crumb 1...
[MESSAGE] - from Patrol: Tracking crumb 2...
[MESSAGE] - from Patrol: Tracking crumb 3...
[MESSAGE] - from Patrol: Tracking crumb 4...
[JSON] - from Sent Data:
{
    "data": {
        "status": "reached_target",
        "waypoint": "coords"
    },
    "receiver": "vesna",
    "sender": "body",
    "type": "navigation"
}
[MESSAGE] - from Patrol: Arrived. Awaiting orders...
[MESSAGE] - from Patrol: Awaiting orders...
[MESSAGE] - from Patrol: Tracking crumb 5...
[JSON] - from Received Raw Message:
{
    "data": {
        "params": {
            "points": 2.0
        },
        "target_state": "Investigate"
    },
    "receiver": "body",
    "sender": "patrol_rosanna",
    "type": "transition_to"
}
[MESSAGE] - from Patrol: Mind orders: Transition to Investigate
[MESSAGE] - from Patrol: Generated 2 investigation points.
[MESSAGE] - from Patrol: Investigating point 1...
[MESSAGE] - from Patrol: I SEE YOU!
[JSON] - from Sent Data:
{
    "data": {
        "id": 237397612646,
        "pos_x": 2768.92504882812,
        "pos_y": 743.260498046875,
        "sight": "player"
    },
    "receiver": "vesna",
    "sender": "body",
    "type": "sight"
}
[MESSAGE] - from Patrol: I SEE YOU!
[JSON] - from Sent Data:
{
    "data": {
        "id": 237397612646,
        "pos_x": 2768.92504882812,
        "pos_y": 743.260498046875,
        "sight": "player"
    },
    "receiver": "vesna",
    "sender": "body",
    "type": "sight"
}
[MESSAGE] - from Patrol: I SEE YOU!
[JSON] - from Sent Data:
{
    "data": {
        "id": 237397612646,
        "pos_x": 2768.92504882812,
        "pos_y": 743.260498046875,
        "sight": "player"
    },
    "receiver": "vesna",
    "sender": "body",
    "type": "sight"
}
[MESSAGE] - from Patrol: CAUGHT the player! Triggering encounter as 'polyanna'
Encounter triggered with: polyanna
Stopping Jason Mind...
Sympathy update queued: patrol_polyanna += -0.72 (total: -0.72)
[MESSAGE] - from NetworkManager: Listening on port 9071
[MESSAGE] - from Sentry: Scanning (2.0s interval)...
[MESSAGE] - from NetworkManager: Listening on port 9072
[MESSAGE] - from Sentry: Scanning (2.0s interval)...
[MESSAGE] - from NetworkManager: Listening on port 9073
[MESSAGE] - from Sentry: Scanning (2.0s interval)...
[MESSAGE] - from NetworkManager: Listening on port 9074
[MESSAGE] - from Sentry: Scanning (2.0s interval)...
[MESSAGE] - from NetworkManager: Listening on port 9075
[MESSAGE] - from Sentry: Scanning (2.0s interval)...
[MESSAGE] - from NetworkManager: Listening on port 9076
[MESSAGE] - from Sentry: Scanning (2.0s interval)...
[MESSAGE] - from NetworkManager: Listening on port 9077
[MESSAGE] - from Sentry: Scanning (2.0s interval)...
[MESSAGE] - from NetworkManager: Listening on port 9078
[MESSAGE] - from Sentry: Scanning (2.0s interval)...
[MESSAGE] - from NetworkManager: Listening on port 9080
[MESSAGE] - from Patrol: Cached 4 waypoints from 1 zone(s)
[MESSAGE] - from NetworkManager: Listening on port 9081
[MESSAGE] - from Patrol: Cached 3 waypoints from 1 zone(s)
[MESSAGE] - from NetworkManager: Listening on port 9082
[MESSAGE] - from Patrol: Cached 4 waypoints from 1 zone(s)
[MESSAGE] - from NetworkManager: Listening on port 9083
[MESSAGE] - from Patrol: Cached 5 waypoints from 1 zone(s)
[MESSAGE] - from NetworkManager: Listening on port 9090
[MESSAGE] - from Patrol: Cached 7 waypoints from 2 zone(s)
[MESSAGE] - from NetworkManager: Listening on port 9091
[MESSAGE] - from Patrol: Cached 9 waypoints from 2 zone(s)
--- Starting Jason Mind (Gradle) ---
Working Dir: /home/inkeaton/Documenti/Godot/take-them-out/mind
ServerManager: Listening for Jason readiness on port 9200
Spawned Jason Mind (PID: 17261)
Waiting for Jason Mind to boot...
[MESSAGE] - from NetworkManager: New TCP connection accepted. Handshaking...
[MESSAGE] - from NetworkManager: WebSocket Handshake complete. Channel OPEN.
[MESSAGE] - from NetworkManager: New TCP connection accepted. Handshaking...
[MESSAGE] - from NetworkManager: WebSocket Handshake complete. Channel OPEN.
[MESSAGE] - from NetworkManager: New TCP connection accepted. Handshaking...
[MESSAGE] - from NetworkManager: WebSocket Handshake complete. Channel OPEN.
[MESSAGE] - from NetworkManager: New TCP connection accepted. Handshaking...
[MESSAGE] - from NetworkManager: WebSocket Handshake complete. Channel OPEN.
[MESSAGE] - from NetworkManager: New TCP connection accepted. Handshaking...
[MESSAGE] - from NetworkManager: WebSocket Handshake complete. Channel OPEN.
[MESSAGE] - from NetworkManager: New TCP connection accepted. Handshaking...
[MESSAGE] - from NetworkManager: WebSocket Handshake complete. Channel OPEN.
[MESSAGE] - from NetworkManager: New TCP connection accepted. Handshaking...
[MESSAGE] - from NetworkManager: WebSocket Handshake complete. Channel OPEN.
[MESSAGE] - from NetworkManager: New TCP connection accepted. Handshaking...
[MESSAGE] - from NetworkManager: WebSocket Handshake complete. Channel OPEN.
[MESSAGE] - from NetworkManager: New TCP connection accepted. Handshaking...
[MESSAGE] - from NetworkManager: WebSocket Handshake complete. Channel OPEN.
[MESSAGE] - from NetworkManager: New TCP connection accepted. Handshaking...
[MESSAGE] - from NetworkManager: WebSocket Handshake complete. Channel OPEN.
[MESSAGE] - from NetworkManager: New TCP connection accepted. Handshaking...
[MESSAGE] - from NetworkManager: WebSocket Handshake complete. Channel OPEN.
[MESSAGE] - from NetworkManager: New TCP connection accepted. Handshaking...
[MESSAGE] - from NetworkManager: WebSocket Handshake complete. Channel OPEN.
[MESSAGE] - from NetworkManager: New TCP connection accepted. Handshaking...
[MESSAGE] - from NetworkManager: WebSocket Handshake complete. Channel OPEN.
[MESSAGE] - from NetworkManager: New TCP connection accepted. Handshaking...
[MESSAGE] - from NetworkManager: WebSocket Handshake complete. Channel OPEN.
ServerManager: TCP connection on 9200, upgrading to WebSocket...
ServerManager: WebSocket handshake on 9200 complete.
[JSON] - from Received Raw Message:
{
    "data": {
        "params": {
            "target": "next"
        },
        "target_state": "Patrol"
    },
    "receiver": "body",
    "sender": "patrol_rosanna",
    "type": "transition_to"
}
[MESSAGE] - from Patrol: Mind orders: Transition to Patrol
[JSON] - from Received Raw Message:
{
    "data": {
        "params": {
            "target": "next"
        },
        "target_state": "Patrol"
    },
    "receiver": "body",
    "sender": "patrol_susanna",
    "type": "transition_to"
}
[MESSAGE] - from Patrol: Mind orders: Transition to Patrol
[JSON] - from Received Raw Message:
{
    "data": {
        "params": {
            "target": "next"
        },
        "target_state": "Patrol"
    },
    "receiver": "body",
    "sender": "patrol_polyanna",
    "type": "transition_to"
}
[MESSAGE] - from Patrol: Mind orders: Transition to Patrol
[JSON] - from Received Raw Message:
{
    "data": {
        "params": {
            "target": "next"
        },
        "target_state": "Patrol"
    },
    "receiver": "body",
    "sender": "patrol_marianna",
    "type": "transition_to"
}
[MESSAGE] - from Patrol: Mind orders: Transition to Patrol
[JSON] - from Received Raw Message:
{
    "data": {
        "params": {
            "target": "next"
        },
        "target_state": "Patrol"
    },
    "receiver": "body",
    "sender": "captain_daniele",
    "type": "transition_to"
}
[MESSAGE] - from Patrol: Mind orders: Transition to Patrol
[JSON] - from Received Raw Message:
{
    "data": {
        "params": {
            "target": "next"
        },
        "target_state": "Patrol"
    },
    "receiver": "body",
    "sender": "captain_samuele",
    "type": "transition_to"
}
[MESSAGE] - from Patrol: Mind orders: Transition to Patrol
JASON MIND READY! signal_ready received from 'director'.
Mind Connected. Starting Game.
ServerManager: Sent to director: {"data":{"sympathies":[{"agent":"patrol_rosanna","value":-0.24},{"agent":"patrol_polyanna","value":-0.72}]},"receiver":"director","sender":"body","type":"setup"}
Sent sympathy updates to director: [{ "agent": "patrol_rosanna", "value": -0.24 }, { "agent": "patrol_polyanna", "value": -0.72 }]
[JSON] - from Sent Data:
{
    "data": {
        "status": "reached",
        "waypoint": "0"
    },
    "receiver": "vesna",
    "sender": "body",
    "type": "navigation"
}
[MESSAGE] - from Patrol: Arrived. Awaiting orders...
[MESSAGE] - from Patrol: Awaiting orders...
[JSON] - from Sent Data:
{
    "data": {
        "status": "reached",
        "waypoint": "0"
    },
    "receiver": "vesna",
    "sender": "body",
    "type": "navigation"
}
[MESSAGE] - from Patrol: Arrived. Awaiting orders...
[MESSAGE] - from Patrol: Awaiting orders...
[JSON] - from Received Raw Message:
{
    "data": {
        "params": {
            "target": "next"
        },
        "target_state": "Patrol"
    },
    "receiver": "body",
    "sender": "patrol_marianna",
    "type": "transition_to"
}
[MESSAGE] - from Patrol: Mind orders: Transition to Patrol
[MESSAGE] - from Sentry: I SEE YOU! Notifying mind...
[JSON] - from Sent Data:
{
    "data": {
        "id": 450115932238,
        "pos_x": 1829.07482910156,
        "pos_y": 494.920440673828,
        "sight": "player"
    },
    "receiver": "vesna",
    "sender": "body",
    "type": "sight"
}
[MESSAGE] - from Sentry: Awaiting orders...
[JSON] - from Received Raw Message:
{
    "data": {
        "params": {
            "duration": 3.0
        },
        "target_state": "Alert"
    },
    "receiver": "body",
    "sender": "sentry2",
    "type": "transition_to"
}
[MESSAGE] - from Sentry: Mind orders: Transition to Alert
[MESSAGE] - from Sentry: Alert sequence triggered!
[MESSAGE] - from Sentry: Found allies: ["patrol_susanna", "patrol_polyanna", "patrol_rosanna"]
[JSON] - from Sent Data:
{
    "data": {
        "allies": [
            "patrol_susanna",
            "patrol_polyanna",
            "patrol_rosanna"
        ]
    },
    "receiver": "vesna",
    "sender": "body",
    "type": "allies"
}
[JSON] - from Received Raw Message:
{
    "data": {
        "params": {
            "target": {
                "x": 1829.07482910156,
                "y": 494.920440673828
            }
        },
        "target_state": "Patrol"
    },
    "receiver": "body",
    "sender": "patrol_rosanna",
    "type": "transition_to"
}
[MESSAGE] - from Patrol: Mind orders: Transition to Patrol
[MESSAGE] - from Patrol: Moving to coordinates (1829.075, 494.9204)
[JSON] - from Received Raw Message:
{
    "data": {
        "params": {
            "target": {
                "x": 1829.07482910156,
                "y": 494.920440673828
            }
        },
        "target_state": "Patrol"
    },
    "receiver": "body",
    "sender": "patrol_polyanna",
    "type": "transition_to"
}
[MESSAGE] - from Patrol: Mind orders: Transition to Patrol
[MESSAGE] - from Patrol: Moving to coordinates (1829.075, 494.9204)
[JSON] - from Sent Data:
{
    "data": {
        "reason": "Alert sequence finished",
        "status": "completed",
        "type": "alert"
    },
    "receiver": "vesna",
    "sender": "body",
    "type": "signal"
}
[MESSAGE] - from Sentry: Awaiting orders...
[JSON] - from Received Raw Message:
{
    "data": {
        "params": {
            "switch_time": 4.0
        },
        "target_state": "Scan"
    },
    "receiver": "body",
    "sender": "sentry2",
    "type": "transition_to"
}
[MESSAGE] - from Sentry: Mind orders: Transition to Scan
[MESSAGE] - from Sentry: Scanning (4.0s interval)...
[JSON] - from Received Raw Message:
{
    "data": {
        "params": {
            "target": {
                "x": 1829.07482910156,
                "y": 494.920440673828
            }
        },
        "target_state": "Patrol"
    },
    "receiver": "body",
    "sender": "patrol_susanna",
    "type": "transition_to"
}
[MESSAGE] - from Patrol: Mind orders: Transition to Patrol
[MESSAGE] - from Patrol: Moving to coordinates (1829.075, 494.9204)
[MESSAGE] - from Sentry: I SEE YOU! Notifying mind...
[JSON] - from Sent Data:
{
    "data": {
        "id": 450115932238,
        "pos_x": 2340.03247070312,
        "pos_y": 616.237365722656,
        "sight": "player"
    },
    "receiver": "vesna",
    "sender": "body",
    "type": "sight"
}
[MESSAGE] - from Sentry: Awaiting orders...
[JSON] - from Sent Data:
{
    "data": {
        "status": "reached_target",
        "waypoint": "coords"
    },
    "receiver": "vesna",
    "sender": "body",
    "type": "navigation"
}
[MESSAGE] - from Patrol: Arrived. Awaiting orders...
[MESSAGE] - from Patrol: Awaiting orders...
[JSON] - from Received Raw Message:
{
    "data": {
        "params": {
            "points": 2.0
        },
        "target_state": "Investigate"
    },
    "receiver": "body",
    "sender": "patrol_rosanna",
    "type": "transition_to"
}
[MESSAGE] - from Patrol: Mind orders: Transition to Investigate
[MESSAGE] - from Patrol: Generated 2 investigation points.
[MESSAGE] - from Patrol: Investigating point 1...
[JSON] - from Received Raw Message:
{
    "data": {
        "params": {
            "duration": 3.0
        },
        "target_state": "Alert"
    },
    "receiver": "body",
    "sender": "sentry2",
    "type": "transition_to"
}
[MESSAGE] - from Sentry: Mind orders: Transition to Alert
[MESSAGE] - from Sentry: Alert sequence triggered!
[MESSAGE] - from Sentry: Found allies: ["patrol_rosanna", "patrol_polyanna", "patrol_susanna"]
[JSON] - from Sent Data:
{
    "data": {
        "allies": [
            "patrol_rosanna",
            "patrol_polyanna",
            "patrol_susanna"
        ]
    },
    "receiver": "vesna",
    "sender": "body",
    "type": "allies"
}
[MESSAGE] - from Patrol: I SEE YOU!
[JSON] - from Sent Data:
{
    "data": {
        "id": 450115932238,
        "pos_x": 2368.92504882812,
        "pos_y": 651.592590332031,
        "sight": "player"
    },
    "receiver": "vesna",
    "sender": "body",
    "type": "sight"
}
[MESSAGE] - from Patrol: I SEE YOU!
[JSON] - from Sent Data:
{
    "data": {
        "id": 450115932238,
        "pos_x": 2368.92504882812,
        "pos_y": 718.767517089844,
        "sight": "player"
    },
    "receiver": "vesna",
    "sender": "body",
    "type": "sight"
}
[JSON] - from Received Raw Message:
{
    "data": {
        "params": {
            "patience": 5.0
        },
        "target_state": "Chase"
    },
    "receiver": "body",
    "sender": "patrol_polyanna",
    "type": "transition_to"
}
[MESSAGE] - from Patrol: Mind orders: Transition to Chase
[JSON] - from Received Raw Message:
{
    "data": {
        "params": {
            "patience": 5.0
        },
        "target_state": "Chase"
    },
    "receiver": "body",
    "sender": "patrol_polyanna",
    "type": "transition_to"
}
[MESSAGE] - from Patrol: Mind orders: Transition to Chase
[MESSAGE] - from Patrol: I SEE YOU!
[JSON] - from Sent Data:
{
    "data": {
        "id": 450115932238,
        "pos_x": 2368.92504882812,
        "pos_y": 789.477966308594,
        "sight": "player"
    },
    "receiver": "vesna",
    "sender": "body",
    "type": "sight"
}
[MESSAGE] - from Patrol: CAUGHT the player! Triggering encounter as 'polyanna'
Encounter triggered with: polyanna
Stopping Jason Mind...
Sympathy update queued: patrol_polyanna += 0.38 (total: -0.34)
[MESSAGE] - from NetworkManager: Listening on port 9071
[MESSAGE] - from Sentry: Scanning (2.0s interval)...
[MESSAGE] - from NetworkManager: Listening on port 9072
[MESSAGE] - from Sentry: Scanning (2.0s interval)...
[MESSAGE] - from NetworkManager: Listening on port 9073
[MESSAGE] - from Sentry: Scanning (2.0s interval)...
[MESSAGE] - from NetworkManager: Listening on port 9074
[MESSAGE] - from Sentry: Scanning (2.0s interval)...
[MESSAGE] - from NetworkManager: Listening on port 9075
[MESSAGE] - from Sentry: Scanning (2.0s interval)...
[MESSAGE] - from NetworkManager: Listening on port 9076
[MESSAGE] - from Sentry: Scanning (2.0s interval)...
[MESSAGE] - from NetworkManager: Listening on port 9077
[MESSAGE] - from Sentry: Scanning (2.0s interval)...
[MESSAGE] - from NetworkManager: Listening on port 9078
[MESSAGE] - from Sentry: Scanning (2.0s interval)...
[MESSAGE] - from NetworkManager: Listening on port 9080
[MESSAGE] - from Patrol: Cached 4 waypoints from 1 zone(s)
[MESSAGE] - from NetworkManager: Listening on port 9081
[MESSAGE] - from Patrol: Cached 3 waypoints from 1 zone(s)
[MESSAGE] - from NetworkManager: Listening on port 9082
[MESSAGE] - from Patrol: Cached 4 waypoints from 1 zone(s)
[MESSAGE] - from NetworkManager: Listening on port 9083
[MESSAGE] - from Patrol: Cached 5 waypoints from 1 zone(s)
[MESSAGE] - from NetworkManager: Listening on port 9090
[MESSAGE] - from Patrol: Cached 7 waypoints from 2 zone(s)
[MESSAGE] - from NetworkManager: Listening on port 9091
[MESSAGE] - from Patrol: Cached 9 waypoints from 2 zone(s)
--- Starting Jason Mind (Gradle) ---
Working Dir: /home/inkeaton/Documenti/Godot/take-them-out/mind
ServerManager: Listening for Jason readiness on port 9200
Spawned Jason Mind (PID: 18042)
Waiting for Jason Mind to boot...
[MESSAGE] - from NetworkManager: New TCP connection accepted. Handshaking...
[MESSAGE] - from NetworkManager: WebSocket Handshake complete. Channel OPEN.
[MESSAGE] - from NetworkManager: New TCP connection accepted. Handshaking...
[MESSAGE] - from NetworkManager: WebSocket Handshake complete. Channel OPEN.
[MESSAGE] - from NetworkManager: New TCP connection accepted. Handshaking...
[MESSAGE] - from NetworkManager: WebSocket Handshake complete. Channel OPEN.
[MESSAGE] - from NetworkManager: New TCP connection accepted. Handshaking...
[MESSAGE] - from NetworkManager: WebSocket Handshake complete. Channel OPEN.
[MESSAGE] - from NetworkManager: New TCP connection accepted. Handshaking...
[MESSAGE] - from NetworkManager: WebSocket Handshake complete. Channel OPEN.
[MESSAGE] - from NetworkManager: New TCP connection accepted. Handshaking...
[MESSAGE] - from NetworkManager: WebSocket Handshake complete. Channel OPEN.
[MESSAGE] - from NetworkManager: New TCP connection accepted. Handshaking...
[MESSAGE] - from NetworkManager: WebSocket Handshake complete. Channel OPEN.
[MESSAGE] - from NetworkManager: New TCP connection accepted. Handshaking...
[MESSAGE] - from NetworkManager: WebSocket Handshake complete. Channel OPEN.
[MESSAGE] - from NetworkManager: New TCP connection accepted. Handshaking...
[MESSAGE] - from NetworkManager: WebSocket Handshake complete. Channel OPEN.
[MESSAGE] - from NetworkManager: New TCP connection accepted. Handshaking...
[MESSAGE] - from NetworkManager: WebSocket Handshake complete. Channel OPEN.
[MESSAGE] - from NetworkManager: New TCP connection accepted. Handshaking...
[MESSAGE] - from NetworkManager: WebSocket Handshake complete. Channel OPEN.
[MESSAGE] - from NetworkManager: New TCP connection accepted. Handshaking...
[MESSAGE] - from NetworkManager: WebSocket Handshake complete. Channel OPEN.
[MESSAGE] - from NetworkManager: New TCP connection accepted. Handshaking...
[MESSAGE] - from NetworkManager: WebSocket Handshake complete. Channel OPEN.
[MESSAGE] - from NetworkManager: New TCP connection accepted. Handshaking...
[MESSAGE] - from NetworkManager: WebSocket Handshake complete. Channel OPEN.
ServerManager: TCP connection on 9200, upgrading to WebSocket...
ServerManager: WebSocket handshake on 9200 complete.
[JSON] - from Received Raw Message:
{
    "data": {
        "params": {
            "target": "next"
        },
        "target_state": "Patrol"
    },
    "receiver": "body",
    "sender": "patrol_rosanna",
    "type": "transition_to"
}
[MESSAGE] - from Patrol: Mind orders: Transition to Patrol
[JSON] - from Received Raw Message:
{
    "data": {
        "params": {
            "target": "next"
        },
        "target_state": "Patrol"
    },
    "receiver": "body",
    "sender": "patrol_susanna",
    "type": "transition_to"
}
[MESSAGE] - from Patrol: Mind orders: Transition to Patrol
[JSON] - from Received Raw Message:
{
    "data": {
        "params": {
            "target": "next"
        },
        "target_state": "Patrol"
    },
    "receiver": "body",
    "sender": "patrol_polyanna",
    "type": "transition_to"
}
[MESSAGE] - from Patrol: Mind orders: Transition to Patrol
[JSON] - from Received Raw Message:
{
    "data": {
        "params": {
            "target": "next"
        },
        "target_state": "Patrol"
    },
    "receiver": "body",
    "sender": "patrol_marianna",
    "type": "transition_to"
}
[MESSAGE] - from Patrol: Mind orders: Transition to Patrol
[JSON] - from Received Raw Message:
{
    "data": {
        "params": {
            "target": "next"
        },
        "target_state": "Patrol"
    },
    "receiver": "body",
    "sender": "captain_daniele",
    "type": "transition_to"
}
[MESSAGE] - from Patrol: Mind orders: Transition to Patrol
[JSON] - from Received Raw Message:
{
    "data": {
        "params": {
            "target": "next"
        },
        "target_state": "Patrol"
    },
    "receiver": "body",
    "sender": "captain_samuele",
    "type": "transition_to"
}
[MESSAGE] - from Patrol: Mind orders: Transition to Patrol
JASON MIND READY! signal_ready received from 'director'.
Mind Connected. Starting Game.
ServerManager: Sent to director: {"data":{"sympathies":[{"agent":"patrol_rosanna","value":-0.24},{"agent":"patrol_polyanna","value":-0.34}]},"receiver":"director","sender":"body","type":"setup"}
Sent sympathy updates to director: [{ "agent": "patrol_rosanna", "value": -0.24 }, { "agent": "patrol_polyanna", "value": -0.34 }]
[JSON] - from Sent Data:
{
    "data": {
        "status": "reached",
        "waypoint": "0"
    },
    "receiver": "vesna",
    "sender": "body",
    "type": "navigation"
}
[MESSAGE] - from Patrol: Arrived. Awaiting orders...
[MESSAGE] - from Patrol: Awaiting orders...
[JSON] - from Sent Data:
{
    "data": {
        "status": "reached",
        "waypoint": "0"
    },
    "receiver": "vesna",
    "sender": "body",
    "type": "navigation"
}
[MESSAGE] - from Patrol: Arrived. Awaiting orders...
[MESSAGE] - from Patrol: Awaiting orders...
[JSON] - from Received Raw Message:
{
    "data": {
        "params": {
            "target": "next"
        },
        "target_state": "Patrol"
    },
    "receiver": "body",
    "sender": "patrol_marianna",
    "type": "transition_to"
}
[MESSAGE] - from Patrol: Mind orders: Transition to Patrol
[JSON] - from Received Raw Message:
{
    "data": {
        "params": {
            "target": "next"
        },
        "target_state": "Patrol"
    },
    "receiver": "body",
    "sender": "patrol_rosanna",
    "type": "transition_to"
}
[MESSAGE] - from Patrol: Mind orders: Transition to Patrol
[JSON] - from Sent Data:
{
    "data": {
        "status": "reached",
        "waypoint": "0"
    },
    "receiver": "vesna",
    "sender": "body",
    "type": "navigation"
}
[MESSAGE] - from Patrol: Arrived. Awaiting orders...
[MESSAGE] - from Patrol: Awaiting orders...
[JSON] - from Sent Data:
{
    "data": {
        "status": "reached",
        "waypoint": "1"
    },
    "receiver": "vesna",
    "sender": "body",
    "type": "navigation"
}
[MESSAGE] - from Patrol: Arrived. Awaiting orders...
[MESSAGE] - from Patrol: Awaiting orders...
[JSON] - from Received Raw Message:
{
    "data": {
        "params": {
            "target": "next"
        },
        "target_state": "Patrol"
    },
    "receiver": "body",
    "sender": "patrol_polyanna",
    "type": "transition_to"
}
[MESSAGE] - from Patrol: Mind orders: Transition to Patrol
[JSON] - from Sent Data:
{
    "data": {
        "status": "reached",
        "waypoint": "1"
    },
    "receiver": "vesna",
    "sender": "body",
    "type": "navigation"
}
[MESSAGE] - from Patrol: Arrived. Awaiting orders...
[MESSAGE] - from Patrol: Awaiting orders...
[JSON] - from Received Raw Message:
{
    "data": {
        "params": {
            "target": "next"
        },
        "target_state": "Patrol"
    },
    "receiver": "body",
    "sender": "patrol_rosanna",
    "type": "transition_to"
}
[MESSAGE] - from Patrol: Mind orders: Transition to Patrol
[JSON] - from Received Raw Message:
{
    "data": {
        "params": {
            "target": "next"
        },
        "target_state": "Patrol"
    },
    "receiver": "body",
    "sender": "patrol_marianna",
    "type": "transition_to"
}
[MESSAGE] - from Patrol: Mind orders: Transition to Patrol
[JSON] - from Sent Data:
{
    "data": {
        "status": "reached",
        "waypoint": "2"
    },
    "receiver": "vesna",
    "sender": "body",
    "type": "navigation"
}
[MESSAGE] - from Patrol: Arrived. Awaiting orders...
[MESSAGE] - from Patrol: Awaiting orders...
[JSON] - from Received Raw Message:
{
    "data": {
        "params": {
            "target": "next"
        },
        "target_state": "Patrol"
    },
    "receiver": "body",
    "sender": "patrol_rosanna",
    "type": "transition_to"
}
[MESSAGE] - from Patrol: Mind orders: Transition to Patrol
[JSON] - from Sent Data:
{
    "data": {
        "status": "reached",
        "waypoint": "2"
    },
    "receiver": "vesna",
    "sender": "body",
    "type": "navigation"
}
[MESSAGE] - from Patrol: Arrived. Awaiting orders...
[MESSAGE] - from Patrol: Awaiting orders...
[JSON] - from Sent Data:
{
    "data": {
        "status": "reached",
        "waypoint": "3"
    },
    "receiver": "vesna",
    "sender": "body",
    "type": "navigation"
}
[MESSAGE] - from Patrol: Arrived. Awaiting orders...
[MESSAGE] - from Patrol: Awaiting orders...
[JSON] - from Received Raw Message:
{
    "data": {
        "params": {
            "target": "next"
        },
        "target_state": "Patrol"
    },
    "receiver": "body",
    "sender": "patrol_marianna",
    "type": "transition_to"
}
[MESSAGE] - from Patrol: Mind orders: Transition to Patrol
[JSON] - from Received Raw Message:
{
    "data": {
        "params": {
            "target": "next"
        },
        "target_state": "Patrol"
    },
    "receiver": "body",
    "sender": "patrol_rosanna",
    "type": "transition_to"
}
[MESSAGE] - from Patrol: Mind orders: Transition to Patrol
[MESSAGE] - from Sentry: I SEE YOU! Notifying mind...
[JSON] - from Sent Data:
{
    "data": {
        "id": 605204516868,
        "pos_x": 639.473693847656,
        "pos_y": 2916.28173828125,
        "sight": "player"
    },
    "receiver": "vesna",
    "sender": "body",
    "type": "sight"
}
[MESSAGE] - from Sentry: Awaiting orders...
[JSON] - from Sent Data:
{
    "data": {
        "status": "reached",
        "waypoint": "0"
    },
    "receiver": "vesna",
    "sender": "body",
    "type": "navigation"
}
[MESSAGE] - from Patrol: Arrived. Awaiting orders...
[MESSAGE] - from Patrol: Awaiting orders...
[JSON] - from Received Raw Message:
{
    "data": {
        "params": {
            "duration": 3.0
        },
        "target_state": "Alert"
    },
    "receiver": "body",
    "sender": "sentry6",
    "type": "transition_to"
}
[MESSAGE] - from Sentry: Mind orders: Transition to Alert
[MESSAGE] - from Sentry: Alert sequence triggered!
[MESSAGE] - from Sentry: Found allies: ["sentry4"]
[JSON] - from Sent Data:
{
    "data": {
        "allies": [
            "sentry4"
        ]
    },
    "receiver": "vesna",
    "sender": "body",
    "type": "allies"
}
[JSON] - from Received Raw Message:
{
    "data": {
        "name": "switch_time",
        "value": 2.0
    },
    "type": "set_var"
}
[MESSAGE] - from Sentry: Set Scan.switch_time = 2.0
[JSON] - from Sent Data:
{
    "data": {
        "reason": "Alert sequence finished",
        "status": "completed",
        "type": "alert"
    },
    "receiver": "vesna",
    "sender": "body",
    "type": "signal"
}
[MESSAGE] - from Sentry: Awaiting orders...
[JSON] - from Received Raw Message:
{
    "data": {
        "params": {
            "switch_time": 6.0
        },
        "target_state": "Scan"
    },
    "receiver": "body",
    "sender": "sentry6",
    "type": "transition_to"
}
[MESSAGE] - from Sentry: Mind orders: Transition to Scan
[MESSAGE] - from Sentry: Scanning (6.0s interval)...
[JSON] - from Sent Data:
{
    "data": {
        "status": "reached",
        "waypoint": "0"
    },
    "receiver": "vesna",
    "sender": "body",
    "type": "navigation"
}
[MESSAGE] - from Patrol: Arrived. Awaiting orders...
[MESSAGE] - from Patrol: Awaiting orders...
[JSON] - from Sent Data:
{
    "data": {
        "status": "reached",
        "waypoint": "0"
    },
    "receiver": "vesna",
    "sender": "body",
    "type": "navigation"
}
[MESSAGE] - from Patrol: Arrived. Awaiting orders...
[MESSAGE] - from Patrol: Awaiting orders...
[JSON] - from Received Raw Message:
{
    "data": {
        "params": {
            "target": {
                "x": 639.473693847656,
                "y": 2916.28173828125
            }
        },
        "target_state": "Patrol"
    },
    "receiver": "body",
    "sender": "captain_samuele",
    "type": "transition_to"
}
[MESSAGE] - from Patrol: Mind orders: Transition to Patrol
[MESSAGE] - from Patrol: Moving to coordinates (639.4737, 2916.282)
[JSON] - from Received Raw Message:
{
    "data": {
        "params": {
            "target": "next"
        },
        "target_state": "Patrol"
    },
    "receiver": "body",
    "sender": "patrol_rosanna",
    "type": "transition_to"
}
[MESSAGE] - from Patrol: Mind orders: Transition to Patrol
[JSON] - from Received Raw Message:
{
    "data": {
        "params": {
            "target": "next"
        },
        "target_state": "Patrol"
    },
    "receiver": "body",
    "sender": "patrol_susanna",
    "type": "transition_to"
}
[MESSAGE] - from Patrol: Mind orders: Transition to Patrol
Target reached! Starting dating sequence...
Stopping Jason Mind...
--- Stopping All Servers ---
Killing guard_core (PID: 14666)
Killing guard_action (PID: 14667)
Killing date_core (PID: 14668)
Killing date_action (PID: 14669)
--- Stopping All Servers ---
