Godot Engine v4.6.stable.official.89cea1439 - https://godotengine.org
Vulkan 1.4.335 - Forward+ - Using Device #0: AMD - AMD Radeon RX 7700 XT (RADV NAVI32)

ServerManager: Listening for Jason readiness on port 9200
Starting Game Sequence...
--- Cleaning up orphan processes on ports [8005, 8006, 8055, 8056] ---
--- Orphan cleanup done ---
--- Starting Skirmish (Guard) Servers ---
Working Dir: /home/inkeaton/Documenti/Godot/take-them-out/tongue/skirmish
Rasa log: /home/inkeaton/Documenti/Godot/take-them-out/logs/rasa_run_enable-api_cors_*_port_8005.log
Spawned PID 1091432 in /home/inkeaton/Documenti/Godot/take-them-out/tongue/skirmish
Rasa log: /home/inkeaton/Documenti/Godot/take-them-out/logs/rasa_run_actions_port_8055.log
Spawned PID 1091433 in /home/inkeaton/Documenti/Godot/take-them-out/tongue/skirmish
--- Starting Date (Eugenia) Servers ---
Working Dir: /home/inkeaton/Documenti/Godot/take-them-out/tongue/date
Rasa log: /home/inkeaton/Documenti/Godot/take-them-out/logs/rasa_run_enable-api_cors_*_port_8006.log
Spawned PID 1091434 in /home/inkeaton/Documenti/Godot/take-them-out/tongue/date
Rasa log: /home/inkeaton/Documenti/Godot/take-them-out/logs/rasa_run_actions_port_8056.log
Spawned PID 1091435 in /home/inkeaton/Documenti/Godot/take-them-out/tongue/date
[MESSAGE] - from NetworkManager: Listening on port 9071
[MESSAGE] - from Sentry: Scanning (2.0s interval)...
[MESSAGE] - from NetworkManager: Listening on port 9072
[MESSAGE] - from Sentry: Scanning (2.0s interval)...
[MESSAGE] - from NetworkManager: Listening on port 9073
[MESSAGE] - from Sentry: Scanning (2.0s interval)...
[MESSAGE] - from NetworkManager: Listening on port 9074
[MESSAGE] - from Sentry: Scanning (2.0s interval)...
[MESSAGE] - from NetworkManager: Listening on port 9075
[MESSAGE] - from Sentry: Scanning (2.0s interval)...
[MESSAGE] - from NetworkManager: Listening on port 9076
[MESSAGE] - from Sentry: Scanning (2.0s interval)...
[MESSAGE] - from NetworkManager: Listening on port 9077
[MESSAGE] - from Sentry: Scanning (2.0s interval)...
[MESSAGE] - from NetworkManager: Listening on port 9078
[MESSAGE] - from Sentry: Scanning (2.0s interval)...
[MESSAGE] - from NetworkManager: Listening on port 9080
[MESSAGE] - from Patrol: Cached 4 waypoints from 1 zone(s)
[MESSAGE] - from NetworkManager: Listening on port 9081
[MESSAGE] - from Patrol: Cached 3 waypoints from 1 zone(s)
[MESSAGE] - from NetworkManager: Listening on port 9082
[MESSAGE] - from Patrol: Cached 4 waypoints from 1 zone(s)
[MESSAGE] - from NetworkManager: Listening on port 9083
[MESSAGE] - from Patrol: Cached 5 waypoints from 1 zone(s)
[MESSAGE] - from NetworkManager: Listening on port 9090
[MESSAGE] - from Patrol: Cached 7 waypoints from 2 zone(s)
[MESSAGE] - from NetworkManager: Listening on port 9091
[MESSAGE] - from Patrol: Cached 9 waypoints from 2 zone(s)
--- Starting Jason Mind (Gradle) ---
Working Dir: /home/inkeaton/Documenti/Godot/take-them-out/mind
Jason launch command: bash ["-c", "cd \'/home/inkeaton/Documenti/Godot/take-them-out/mind\' && exec gradle run"]
Spawned Jason Mind (PID: 1092057)
Waiting for Jason Mind to boot...
[MESSAGE] - from NetworkManager: New TCP connection accepted. Handshaking...
[MESSAGE] - from NetworkManager: WebSocket Handshake complete. Channel OPEN.
[MESSAGE] - from NetworkManager: New TCP connection accepted. Handshaking...
[MESSAGE] - from NetworkManager: WebSocket Handshake complete. Channel OPEN.
[MESSAGE] - from NetworkManager: New TCP connection accepted. Handshaking...
[MESSAGE] - from NetworkManager: WebSocket Handshake complete. Channel OPEN.
[MESSAGE] - from NetworkManager: New TCP connection accepted. Handshaking...
[MESSAGE] - from NetworkManager: WebSocket Handshake complete. Channel OPEN.
[MESSAGE] - from NetworkManager: New TCP connection accepted. Handshaking...
[MESSAGE] - from NetworkManager: WebSocket Handshake complete. Channel OPEN.
[MESSAGE] - from NetworkManager: New TCP connection accepted. Handshaking...
[MESSAGE] - from NetworkManager: WebSocket Handshake complete. Channel OPEN.
[MESSAGE] - from NetworkManager: New TCP connection accepted. Handshaking...
[MESSAGE] - from NetworkManager: WebSocket Handshake complete. Channel OPEN.
[MESSAGE] - from NetworkManager: New TCP connection accepted. Handshaking...
[MESSAGE] - from NetworkManager: WebSocket Handshake complete. Channel OPEN.
[MESSAGE] - from NetworkManager: New TCP connection accepted. Handshaking...
[MESSAGE] - from NetworkManager: WebSocket Handshake complete. Channel OPEN.
[MESSAGE] - from NetworkManager: New TCP connection accepted. Handshaking...
[MESSAGE] - from NetworkManager: WebSocket Handshake complete. Channel OPEN.
[MESSAGE] - from NetworkManager: New TCP connection accepted. Handshaking...
[MESSAGE] - from NetworkManager: WebSocket Handshake complete. Channel OPEN.
[MESSAGE] - from NetworkManager: New TCP connection accepted. Handshaking...
[MESSAGE] - from NetworkManager: WebSocket Handshake complete. Channel OPEN.
[MESSAGE] - from NetworkManager: New TCP connection accepted. Handshaking...
[MESSAGE] - from NetworkManager: WebSocket Handshake complete. Channel OPEN.
[MESSAGE] - from NetworkManager: New TCP connection accepted. Handshaking...
[MESSAGE] - from NetworkManager: WebSocket Handshake complete. Channel OPEN.
ServerManager: TCP connection on 9200, upgrading to WebSocket...
ServerManager: WebSocket handshake on 9200 complete.
[JSON] - from Received Raw Message:
{
    "data": {
        "params": {
            "target": "next"
        },
        "target_state": "Patrol"
    },
    "receiver": "body",
    "sender": "patrol_rosanna",
    "type": "transition_to"
}
[MESSAGE] - from Patrol: Mind orders: Transition to Patrol
[JSON] - from Received Raw Message:
{
    "data": {
        "params": {
            "target": "next"
        },
        "target_state": "Patrol"
    },
    "receiver": "body",
    "sender": "patrol_susanna",
    "type": "transition_to"
}
[MESSAGE] - from Patrol: Mind orders: Transition to Patrol
[JSON] - from Received Raw Message:
{
    "data": {
        "params": {
            "target": "next"
        },
        "target_state": "Patrol"
    },
    "receiver": "body",
    "sender": "patrol_polyanna",
    "type": "transition_to"
}
[MESSAGE] - from Patrol: Mind orders: Transition to Patrol
[JSON] - from Received Raw Message:
{
    "data": {
        "params": {
            "target": "next"
        },
        "target_state": "Patrol"
    },
    "receiver": "body",
    "sender": "patrol_marianna",
    "type": "transition_to"
}
[MESSAGE] - from Patrol: Mind orders: Transition to Patrol
[JSON] - from Received Raw Message:
{
    "data": {
        "params": {
            "target": "next"
        },
        "target_state": "Patrol"
    },
    "receiver": "body",
    "sender": "captain_daniele",
    "type": "transition_to"
}
[MESSAGE] - from Patrol: Mind orders: Transition to Patrol
[JSON] - from Received Raw Message:
{
    "data": {
        "params": {
            "target": "next"
        },
        "target_state": "Patrol"
    },
    "receiver": "body",
    "sender": "captain_samuele",
    "type": "transition_to"
}
[MESSAGE] - from Patrol: Mind orders: Transition to Patrol
JASON MIND READY! signal_ready received from 'director'.
Mind Connected. Starting Game.
No sympathy updates to send.
[JSON] - from Sent Data:
{
    "data": {
        "status": "reached",
        "waypoint": "0"
    },
    "receiver": "vesna",
    "sender": "body",
    "type": "navigation"
}
[MESSAGE] - from Patrol: Arrived. Awaiting orders...
[MESSAGE] - from Patrol: Awaiting orders...
[JSON] - from Received Raw Message:
{
    "data": {
        "params": {
            "target": "next"
        },
        "target_state": "Patrol"
    },
    "receiver": "body",
    "sender": "captain_samuele",
    "type": "transition_to"
}
[MESSAGE] - from Patrol: Mind orders: Transition to Patrol
[MESSAGE] - from Patrol: I SEE YOU!
[JSON] - from Sent Data:
{
    "data": {
        "id": 142354682085,
        "pos_x": 482.530639648438,
        "pos_y": 82.2510681152344,
        "sight": "player"
    },
    "receiver": "vesna",
    "sender": "body",
    "type": "sight"
}
[JSON] - from Received Raw Message:
{
    "data": {
        "params": {
            "patience": 5.0
        },
        "target_state": "Chase"
    },
    "receiver": "body",
    "sender": "patrol_rosanna",
    "type": "transition_to"
}
[MESSAGE] - from Patrol: Mind orders: Transition to Chase
[MESSAGE] - from Patrol: I SEE YOU!
[JSON] - from Sent Data:
{
    "data": {
        "id": 142354682085,
        "pos_x": 475.459594726562,
        "pos_y": 134.322143554688,
        "sight": "player"
    },
    "receiver": "vesna",
    "sender": "body",
    "type": "sight"
}
[MESSAGE] - from Patrol: I SEE YOU!
[JSON] - from Sent Data:
{
    "data": {
        "id": 142354682085,
        "pos_x": 540.459594726562,
        "pos_y": 134.322143554688,
        "sight": "player"
    },
    "receiver": "vesna",
    "sender": "body",
    "type": "sight"
}
[MESSAGE] - from Patrol: I SEE YOU!
[JSON] - from Sent Data:
{
    "data": {
        "id": 142354682085,
        "pos_x": 628.13720703125,
        "pos_y": 116.644454956055,
        "sight": "player"
    },
    "receiver": "vesna",
    "sender": "body",
    "type": "sight"
}
[MESSAGE] - from Patrol: Tracking crumb 1...
[MESSAGE] - from Patrol: Tracking crumb 2...
[JSON] - from Sent Data:
{
    "data": {
        "status": "reached",
        "waypoint": "0"
    },
    "receiver": "vesna",
    "sender": "body",
    "type": "navigation"
}
[MESSAGE] - from Patrol: Arrived. Awaiting orders...
[MESSAGE] - from Patrol: Awaiting orders...
[JSON] - from Sent Data:
{
    "data": {
        "status": "reached",
        "waypoint": "0"
    },
    "receiver": "vesna",
    "sender": "body",
    "type": "navigation"
}
[MESSAGE] - from Patrol: Arrived. Awaiting orders...
[MESSAGE] - from Patrol: Awaiting orders...
[JSON] - from Received Raw Message:
{
    "data": {
        "params": {
            "target": "next"
        },
        "target_state": "Patrol"
    },
    "receiver": "body",
    "sender": "patrol_marianna",
    "type": "transition_to"
}
[MESSAGE] - from Patrol: Mind orders: Transition to Patrol
[MESSAGE] - from Patrol: Tracking crumb 3...
[MESSAGE] - from Patrol: Tracking crumb 4...
[MESSAGE] - from Patrol: Tracking crumb 5...
[MESSAGE] - from Patrol: Patience limit (%d). Reporting...
[JSON] - from Sent Data:
{
    "data": {
        "event": "target_lost",
        "pos_x": 1299.005859375,
        "pos_y": 143.108215332031,
        "reason": "patience_limit"
    },
    "receiver": "vesna",
    "sender": "body",
    "type": "event"
}
[MESSAGE] - from Patrol: Awaiting orders...
[JSON] - from Received Raw Message:
{
    "data": {
        "params": {
            "points": 1.0
        },
        "target_state": "Investigate"
    },
    "receiver": "body",
    "sender": "patrol_rosanna",
    "type": "transition_to"
}
[MESSAGE] - from Patrol: Mind orders: Transition to Investigate
[MESSAGE] - from Patrol: Generated 1 investigation points.
[MESSAGE] - from Patrol: Investigating point 1...
[MESSAGE] - from Patrol: Investigation complete.
[JSON] - from Sent Data:
{
    "data": {
        "reason": "points_finished",
        "status": "complete",
        "type": "investigation"
    },
    "receiver": "vesna",
    "sender": "body",
    "type": "signal"
}
[MESSAGE] - from Patrol: Awaiting orders...
[JSON] - from Received Raw Message:
{
    "data": {
        "params": {
            "target": "resume"
        },
        "target_state": "Patrol"
    },
    "receiver": "body",
    "sender": "patrol_rosanna",
    "type": "transition_to"
}
[MESSAGE] - from Patrol: Mind orders: Transition to Patrol
[JSON] - from Received Raw Message:
{
    "data": {
        "params": {
            "target": "next"
        },
        "target_state": "Patrol"
    },
    "receiver": "body",
    "sender": "patrol_rosanna",
    "type": "transition_to"
}
[MESSAGE] - from Patrol: Mind orders: Transition to Patrol
[MESSAGE] - from Sentry: I SEE YOU! Notifying mind...
[JSON] - from Sent Data:
{
    "data": {
        "id": 142354682085,
        "pos_x": 1840.12170410156,
        "pos_y": 134.179443359375,
        "sight": "player"
    },
    "receiver": "vesna",
    "sender": "body",
    "type": "sight"
}
[MESSAGE] - from Sentry: Awaiting orders...
[JSON] - from Received Raw Message:
{
    "data": {
        "params": {
            "duration": 3.0
        },
        "target_state": "Alert"
    },
    "receiver": "body",
    "sender": "sentry2",
    "type": "transition_to"
}
[MESSAGE] - from Sentry: Mind orders: Transition to Alert
[MESSAGE] - from Sentry: Alert sequence triggered!
[MESSAGE] - from Sentry: Found allies: ["patrol_rosanna", "patrol_susanna", "patrol_polyanna"]
[JSON] - from Sent Data:
{
    "data": {
        "allies": [
            "patrol_rosanna",
            "patrol_susanna",
            "patrol_polyanna"
        ]
    },
    "receiver": "vesna",
    "sender": "body",
    "type": "allies"
}
[JSON] - from Sent Data:
{
    "data": {
        "status": "reached",
        "waypoint": "0"
    },
    "receiver": "vesna",
    "sender": "body",
    "type": "navigation"
}
[MESSAGE] - from Patrol: Arrived. Awaiting orders...
[MESSAGE] - from Patrol: Awaiting orders...
[JSON] - from Received Raw Message:
{
    "data": {
        "params": {
            "target": {
                "x": 1840.12170410156,
                "y": 134.179443359375
            }
        },
        "target_state": "Patrol"
    },
    "receiver": "body",
    "sender": "patrol_rosanna",
    "type": "transition_to"
}
[MESSAGE] - from Patrol: Mind orders: Transition to Patrol
[MESSAGE] - from Patrol: Moving to coordinates (1840.122, 134.1794)
[JSON] - from Received Raw Message:
{
    "data": {
        "params": {
            "target": {
                "x": 1840.12170410156,
                "y": 134.179443359375
            }
        },
        "target_state": "Patrol"
    },
    "receiver": "body",
    "sender": "patrol_polyanna",
    "type": "transition_to"
}
[MESSAGE] - from Patrol: Mind orders: Transition to Patrol
[MESSAGE] - from Patrol: Moving to coordinates (1840.122, 134.1794)
[JSON] - from Sent Data:
{
    "data": {
        "status": "reached_target",
        "waypoint": "coords"
    },
    "receiver": "vesna",
    "sender": "body",
    "type": "navigation"
}
[MESSAGE] - from Patrol: Arrived. Awaiting orders...
[MESSAGE] - from Patrol: Awaiting orders...
[JSON] - from Received Raw Message:
{
    "data": {
        "params": {
            "points": 2.0
        },
        "target_state": "Investigate"
    },
    "receiver": "body",
    "sender": "patrol_rosanna",
    "type": "transition_to"
}
[MESSAGE] - from Patrol: Mind orders: Transition to Investigate
[MESSAGE] - from Patrol: Generated 2 investigation points.
[MESSAGE] - from Patrol: Investigating point 1...
[JSON] - from Sent Data:
{
    "data": {
        "reason": "Alert sequence finished",
        "status": "completed",
        "type": "alert"
    },
    "receiver": "vesna",
    "sender": "body",
    "type": "signal"
}
[MESSAGE] - from Sentry: Awaiting orders...
[JSON] - from Received Raw Message:
{
    "data": {
        "params": {
            "switch_time": 4.0
        },
        "target_state": "Scan"
    },
    "receiver": "body",
    "sender": "sentry2",
    "type": "transition_to"
}
[MESSAGE] - from Sentry: Mind orders: Transition to Scan
[MESSAGE] - from Sentry: Scanning (4.0s interval)...
[MESSAGE] - from Patrol: Investigating point 2...
[JSON] - from Received Raw Message:
{
    "data": {
        "params": {
            "target": "next"
        },
        "target_state": "Patrol"
    },
    "receiver": "body",
    "sender": "patrol_susanna",
    "type": "transition_to"
}
[MESSAGE] - from Patrol: Mind orders: Transition to Patrol
[JSON] - from Received Raw Message:
{
    "data": {
        "params": {
            "target": {
                "x": 1840.12170410156,
                "y": 134.179443359375
            }
        },
        "target_state": "Patrol"
    },
    "receiver": "body",
    "sender": "patrol_susanna",
    "type": "transition_to"
}
[MESSAGE] - from Patrol: Mind orders: Transition to Patrol
[MESSAGE] - from Patrol: Moving to coordinates (1840.122, 134.1794)
[MESSAGE] - from Patrol: Investigation complete.
[JSON] - from Sent Data:
{
    "data": {
        "reason": "points_finished",
        "status": "complete",
        "type": "investigation"
    },
    "receiver": "vesna",
    "sender": "body",
    "type": "signal"
}
[MESSAGE] - from Patrol: Awaiting orders...
[JSON] - from Received Raw Message:
{
    "data": {
        "params": {
            "target": "resume"
        },
        "target_state": "Patrol"
    },
    "receiver": "body",
    "sender": "patrol_rosanna",
    "type": "transition_to"
}
[MESSAGE] - from Patrol: Mind orders: Transition to Patrol
[JSON] - from Received Raw Message:
{
    "data": {
        "params": {
            "target": "next"
        },
        "target_state": "Patrol"
    },
    "receiver": "body",
    "sender": "patrol_rosanna",
    "type": "transition_to"
}
[MESSAGE] - from Patrol: Mind orders: Transition to Patrol
[JSON] - from Sent Data:
{
    "data": {
        "status": "reached",
        "waypoint": "1"
    },
    "receiver": "vesna",
    "sender": "body",
    "type": "navigation"
}
[MESSAGE] - from Patrol: Arrived. Awaiting orders...
[MESSAGE] - from Patrol: Awaiting orders...
[JSON] - from Sent Data:
{
    "data": {
        "status": "reached",
        "waypoint": "1"
    },
    "receiver": "vesna",
    "sender": "body",
    "type": "navigation"
}
[MESSAGE] - from Patrol: Arrived. Awaiting orders...
[MESSAGE] - from Patrol: Awaiting orders...
[JSON] - from Received Raw Message:
{
    "data": {
        "params": {
            "target": "next"
        },
        "target_state": "Patrol"
    },
    "receiver": "body",
    "sender": "patrol_marianna",
    "type": "transition_to"
}
[MESSAGE] - from Patrol: Mind orders: Transition to Patrol
[MESSAGE] - from Patrol: I SEE YOU!
[JSON] - from Sent Data:
{
    "data": {
        "id": 142354682085,
        "pos_x": 1968.92517089844,
        "pos_y": 1360.99084472656,
        "sight": "player"
    },
    "receiver": "vesna",
    "sender": "body",
    "type": "sight"
}
[JSON] - from Received Raw Message:
{
    "data": {
        "params": {
            "patience": 2.0
        },
        "target_state": "Chase"
    },
    "receiver": "body",
    "sender": "patrol_susanna",
    "type": "transition_to"
}
[MESSAGE] - from Patrol: Mind orders: Transition to Chase
[MESSAGE] - from Patrol: I SEE YOU!
[JSON] - from Sent Data:
{
    "data": {
        "id": 142354682085,
        "pos_x": 1968.92517089844,
        "pos_y": 1360.99084472656,
        "sight": "player"
    },
    "receiver": "vesna",
    "sender": "body",
    "type": "sight"
}
[MESSAGE] - from Patrol: I SEE YOU!
[JSON] - from Sent Data:
{
    "data": {
        "id": 142354682085,
        "pos_x": 1948.92517089844,
        "pos_y": 1345.92407226562,
        "sight": "player"
    },
    "receiver": "vesna",
    "sender": "body",
    "type": "sight"
}
[JSON] - from Received Raw Message:
{
    "data": {
        "params": {
            "target": {
                "x": 1840.12170410156,
                "y": 134.179443359375
            }
        },
        "target_state": "Patrol"
    },
    "receiver": "body",
    "sender": "captain_samuele",
    "type": "transition_to"
}
[MESSAGE] - from Patrol: Mind orders: Transition to Patrol
[MESSAGE] - from Patrol: Moving to coordinates (1840.122, 134.1794)
[MESSAGE] - from Patrol: I SEE YOU!
[JSON] - from Sent Data:
{
    "data": {
        "id": 142354682085,
        "pos_x": 1952.46069335938,
        "pos_y": 1232.38854980469,
        "sight": "player"
    },
    "receiver": "vesna",
    "sender": "body",
    "type": "sight"
}
[MESSAGE] - from Patrol: I SEE YOU!
[JSON] - from Sent Data:
{
    "data": {
        "id": 142354682085,
        "pos_x": 1955.99621582031,
        "pos_y": 1152.63989257812,
        "sight": "player"
    },
    "receiver": "vesna",
    "sender": "body",
    "type": "sight"
}
[MESSAGE] - from Patrol: I SEE YOU!
[JSON] - from Sent Data:
{
    "data": {
        "id": 142354682085,
        "pos_x": 1882.10546875,
        "pos_y": 1147.03332519531,
        "sight": "player"
    },
    "receiver": "vesna",
    "sender": "body",
    "type": "sight"
}
[MESSAGE] - from Patrol: CAUGHT the player! Triggering encounter as 'susanna'
Encounter triggered with: susanna
Stopping Jason Mind...
Sympathy update queued: patrol_susanna += 0.67 (total: 0.67)
[MESSAGE] - from NetworkManager: Listening on port 9071
[MESSAGE] - from Sentry: Scanning (2.0s interval)...
[MESSAGE] - from NetworkManager: Listening on port 9072
[MESSAGE] - from Sentry: Scanning (2.0s interval)...
[MESSAGE] - from NetworkManager: Listening on port 9073
[MESSAGE] - from Sentry: Scanning (2.0s interval)...
[MESSAGE] - from NetworkManager: Listening on port 9074
[MESSAGE] - from Sentry: Scanning (2.0s interval)...
[MESSAGE] - from NetworkManager: Listening on port 9075
[MESSAGE] - from Sentry: Scanning (2.0s interval)...
[MESSAGE] - from NetworkManager: Listening on port 9076
[MESSAGE] - from Sentry: Scanning (2.0s interval)...
[MESSAGE] - from NetworkManager: Listening on port 9077
[MESSAGE] - from Sentry: Scanning (2.0s interval)...
[MESSAGE] - from NetworkManager: Listening on port 9078
[MESSAGE] - from Sentry: Scanning (2.0s interval)...
[MESSAGE] - from NetworkManager: Listening on port 9080
[MESSAGE] - from Patrol: Cached 4 waypoints from 1 zone(s)
[MESSAGE] - from NetworkManager: Listening on port 9081
[MESSAGE] - from Patrol: Cached 3 waypoints from 1 zone(s)
[MESSAGE] - from NetworkManager: Listening on port 9082
[MESSAGE] - from Patrol: Cached 4 waypoints from 1 zone(s)
[MESSAGE] - from NetworkManager: Listening on port 9083
[MESSAGE] - from Patrol: Cached 5 waypoints from 1 zone(s)
[MESSAGE] - from NetworkManager: Listening on port 9090
[MESSAGE] - from Patrol: Cached 7 waypoints from 2 zone(s)
[MESSAGE] - from NetworkManager: Listening on port 9091
[MESSAGE] - from Patrol: Cached 9 waypoints from 2 zone(s)
--- Starting Jason Mind (Gradle) ---
Working Dir: /home/inkeaton/Documenti/Godot/take-them-out/mind
ServerManager: Listening for Jason readiness on port 9200
Jason launch command: bash ["-c", "cd \'/home/inkeaton/Documenti/Godot/take-them-out/mind\' && exec gradle run"]
Spawned Jason Mind (PID: 1093111)
Waiting for Jason Mind to boot...
[MESSAGE] - from NetworkManager: New TCP connection accepted. Handshaking...
[MESSAGE] - from NetworkManager: WebSocket Handshake complete. Channel OPEN.
[MESSAGE] - from NetworkManager: New TCP connection accepted. Handshaking...
[MESSAGE] - from NetworkManager: WebSocket Handshake complete. Channel OPEN.
[MESSAGE] - from NetworkManager: New TCP connection accepted. Handshaking...
[MESSAGE] - from NetworkManager: WebSocket Handshake complete. Channel OPEN.
[MESSAGE] - from NetworkManager: New TCP connection accepted. Handshaking...
[MESSAGE] - from NetworkManager: WebSocket Handshake complete. Channel OPEN.
[MESSAGE] - from NetworkManager: New TCP connection accepted. Handshaking...
[MESSAGE] - from NetworkManager: WebSocket Handshake complete. Channel OPEN.
[MESSAGE] - from NetworkManager: New TCP connection accepted. Handshaking...
[MESSAGE] - from NetworkManager: WebSocket Handshake complete. Channel OPEN.
[MESSAGE] - from NetworkManager: New TCP connection accepted. Handshaking...
[MESSAGE] - from NetworkManager: WebSocket Handshake complete. Channel OPEN.
[MESSAGE] - from NetworkManager: New TCP connection accepted. Handshaking...
[MESSAGE] - from NetworkManager: WebSocket Handshake complete. Channel OPEN.
[MESSAGE] - from NetworkManager: New TCP connection accepted. Handshaking...
[MESSAGE] - from NetworkManager: WebSocket Handshake complete. Channel OPEN.
[MESSAGE] - from NetworkManager: New TCP connection accepted. Handshaking...
[MESSAGE] - from NetworkManager: WebSocket Handshake complete. Channel OPEN.
[MESSAGE] - from NetworkManager: New TCP connection accepted. Handshaking...
[MESSAGE] - from NetworkManager: WebSocket Handshake complete. Channel OPEN.
[MESSAGE] - from NetworkManager: New TCP connection accepted. Handshaking...
[MESSAGE] - from NetworkManager: WebSocket Handshake complete. Channel OPEN.
[MESSAGE] - from NetworkManager: New TCP connection accepted. Handshaking...
[MESSAGE] - from NetworkManager: WebSocket Handshake complete. Channel OPEN.
[MESSAGE] - from NetworkManager: New TCP connection accepted. Handshaking...
[MESSAGE] - from NetworkManager: WebSocket Handshake complete. Channel OPEN.
ServerManager: TCP connection on 9200, upgrading to WebSocket...
ServerManager: WebSocket handshake on 9200 complete.
[JSON] - from Received Raw Message:
{
    "data": {
        "params": {
            "target": "next"
        },
        "target_state": "Patrol"
    },
    "receiver": "body",
    "sender": "patrol_rosanna",
    "type": "transition_to"
}
[MESSAGE] - from Patrol: Mind orders: Transition to Patrol
[JSON] - from Received Raw Message:
{
    "data": {
        "params": {
            "target": "next"
        },
        "target_state": "Patrol"
    },
    "receiver": "body",
    "sender": "patrol_susanna",
    "type": "transition_to"
}
[MESSAGE] - from Patrol: Mind orders: Transition to Patrol
[JSON] - from Received Raw Message:
{
    "data": {
        "params": {
            "target": "next"
        },
        "target_state": "Patrol"
    },
    "receiver": "body",
    "sender": "patrol_polyanna",
    "type": "transition_to"
}
[MESSAGE] - from Patrol: Mind orders: Transition to Patrol
[JSON] - from Received Raw Message:
{
    "data": {
        "params": {
            "target": "next"
        },
        "target_state": "Patrol"
    },
    "receiver": "body",
    "sender": "patrol_marianna",
    "type": "transition_to"
}
[MESSAGE] - from Patrol: Mind orders: Transition to Patrol
[JSON] - from Received Raw Message:
{
    "data": {
        "params": {
            "target": "next"
        },
        "target_state": "Patrol"
    },
    "receiver": "body",
    "sender": "captain_daniele",
    "type": "transition_to"
}
[MESSAGE] - from Patrol: Mind orders: Transition to Patrol
[JSON] - from Received Raw Message:
{
    "data": {
        "params": {
            "target": "next"
        },
        "target_state": "Patrol"
    },
    "receiver": "body",
    "sender": "captain_samuele",
    "type": "transition_to"
}
[MESSAGE] - from Patrol: Mind orders: Transition to Patrol
JASON MIND READY! signal_ready received from 'director'.
Mind Connected. Starting Game.
ServerManager: Sent to director: {"data":{"sympathies":[{"agent":"patrol_susanna","value":0.67}]},"receiver":"director","sender":"body","type":"setup"}
Sent sympathy updates to director: [{ "agent": "patrol_susanna", "value": 0.67 }]
[JSON] - from Sent Data:
{
    "data": {
        "status": "reached",
        "waypoint": "0"
    },
    "receiver": "vesna",
    "sender": "body",
    "type": "navigation"
}
[MESSAGE] - from Patrol: Arrived. Awaiting orders...
[MESSAGE] - from Patrol: Awaiting orders...
[JSON] - from Received Raw Message:
{
    "data": {
        "params": {
            "target": "next"
        },
        "target_state": "Patrol"
    },
    "receiver": "body",
    "sender": "captain_samuele",
    "type": "transition_to"
}
[MESSAGE] - from Patrol: Mind orders: Transition to Patrol
[JSON] - from Sent Data:
{
    "data": {
        "status": "reached",
        "waypoint": "0"
    },
    "receiver": "vesna",
    "sender": "body",
    "type": "navigation"
}
[MESSAGE] - from Patrol: Arrived. Awaiting orders...
[MESSAGE] - from Patrol: Awaiting orders...
[JSON] - from Sent Data:
{
    "data": {
        "status": "reached",
        "waypoint": "0"
    },
    "receiver": "vesna",
    "sender": "body",
    "type": "navigation"
}
[MESSAGE] - from Patrol: Arrived. Awaiting orders...
[MESSAGE] - from Patrol: Awaiting orders...
[JSON] - from Received Raw Message:
{
    "data": {
        "params": {
            "target": "next"
        },
        "target_state": "Patrol"
    },
    "receiver": "body",
    "sender": "patrol_marianna",
    "type": "transition_to"
}
[MESSAGE] - from Patrol: Mind orders: Transition to Patrol
[JSON] - from Received Raw Message:
{
    "data": {
        "params": {
            "target": "next"
        },
        "target_state": "Patrol"
    },
    "receiver": "body",
    "sender": "patrol_susanna",
    "type": "transition_to"
}
[MESSAGE] - from Patrol: Mind orders: Transition to Patrol
[JSON] - from Sent Data:
{
    "data": {
        "status": "reached",
        "waypoint": "0"
    },
    "receiver": "vesna",
    "sender": "body",
    "type": "navigation"
}
[MESSAGE] - from Patrol: Arrived. Awaiting orders...
[MESSAGE] - from Patrol: Awaiting orders...
[JSON] - from Sent Data:
{
    "data": {
        "status": "reached",
        "waypoint": "0"
    },
    "receiver": "vesna",
    "sender": "body",
    "type": "navigation"
}
[MESSAGE] - from Patrol: Arrived. Awaiting orders...
[MESSAGE] - from Patrol: Awaiting orders...
[JSON] - from Received Raw Message:
{
    "data": {
        "params": {
            "target": "next"
        },
        "target_state": "Patrol"
    },
    "receiver": "body",
    "sender": "patrol_rosanna",
    "type": "transition_to"
}
[MESSAGE] - from Patrol: Mind orders: Transition to Patrol
[MESSAGE] - from Patrol: I SEE YOU!
[JSON] - from Sent Data:
{
    "data": {
        "id": 307291492470,
        "pos_x": 1085.16442871094,
        "pos_y": 1568.109375,
        "sight": "player"
    },
    "receiver": "vesna",
    "sender": "body",
    "type": "sight"
}
[MESSAGE] - from Patrol: I SEE YOU!
[JSON] - from Sent Data:
{
    "data": {
        "id": 307291492470,
        "pos_x": 1053.3447265625,
        "pos_y": 1649.92907714844,
        "sight": "player"
    },
    "receiver": "vesna",
    "sender": "body",
    "type": "sight"
}
[MESSAGE] - from Patrol: I SEE YOU!
[JSON] - from Sent Data:
{
    "data": {
        "id": 307291492470,
        "pos_x": 1029.07482910156,
        "pos_y": 1717.10412597656,
        "sight": "player"
    },
    "receiver": "vesna",
    "sender": "body",
    "type": "sight"
}
[JSON] - from Received Raw Message:
{
    "data": {
        "params": {
            "patience": 2.0
        },
        "target_state": "Chase"
    },
    "receiver": "body",
    "sender": "patrol_susanna",
    "type": "transition_to"
}
[MESSAGE] - from Patrol: Mind orders: Transition to Chase
[JSON] - from Received Raw Message:
{
    "data": {
        "params": {
            "patience": 2.0
        },
        "target_state": "Chase"
    },
    "receiver": "body",
    "sender": "patrol_susanna",
    "type": "transition_to"
}
[MESSAGE] - from Patrol: Mind orders: Transition to Chase
[MESSAGE] - from Patrol: I SEE YOU!
[JSON] - from Sent Data:
{
    "data": {
        "id": 307291492470,
        "pos_x": 1029.07482910156,
        "pos_y": 1795.38830566406,
        "sight": "player"
    },
    "receiver": "vesna",
    "sender": "body",
    "type": "sight"
}
[MESSAGE] - from Patrol: I SEE YOU!
[JSON] - from Sent Data:
{
    "data": {
        "id": 307291492470,
        "pos_x": 1067.96618652344,
        "pos_y": 1874.27966308594,
        "sight": "player"
    },
    "receiver": "vesna",
    "sender": "body",
    "type": "sight"
}
[MESSAGE] - from Patrol: Tracking crumb 1...
[MESSAGE] - from Patrol: Tracking crumb 2...
[MESSAGE] - from Patrol: Patience limit (%d). Reporting...
[JSON] - from Sent Data:
{
    "data": {
        "event": "target_lost",
        "pos_x": 1051.88952636719,
        "pos_y": 2168.04150390625,
        "reason": "patience_limit"
    },
    "receiver": "vesna",
    "sender": "body",
    "type": "event"
}
[MESSAGE] - from Patrol: Awaiting orders...
[JSON] - from Received Raw Message:
{
    "data": {
        "params": {
            "target": "next"
        },
        "target_state": "Patrol"
    },
    "receiver": "body",
    "sender": "patrol_polyanna",
    "type": "transition_to"
}
[MESSAGE] - from Patrol: Mind orders: Transition to Patrol
[JSON] - from Received Raw Message:
{
    "data": {
        "params": {
            "points": 1.0
        },
        "target_state": "Investigate"
    },
    "receiver": "body",
    "sender": "patrol_susanna",
    "type": "transition_to"
}
[MESSAGE] - from Patrol: Mind orders: Transition to Investigate
[MESSAGE] - from Patrol: Generated 1 investigation points.
[MESSAGE] - from Patrol: Investigating point 1...
[JSON] - from Sent Data:
{
    "data": {
        "status": "reached",
        "waypoint": "1"
    },
    "receiver": "vesna",
    "sender": "body",
    "type": "navigation"
}
[MESSAGE] - from Patrol: Arrived. Awaiting orders...
[MESSAGE] - from Patrol: Awaiting orders...
[MESSAGE] - from Patrol: Investigation complete.
[JSON] - from Sent Data:
{
    "data": {
        "reason": "points_finished",
        "status": "complete",
        "type": "investigation"
    },
    "receiver": "vesna",
    "sender": "body",
    "type": "signal"
}
[MESSAGE] - from Patrol: Awaiting orders...
[JSON] - from Received Raw Message:
{
    "data": {
        "params": {
            "target": "resume"
        },
        "target_state": "Patrol"
    },
    "receiver": "body",
    "sender": "patrol_susanna",
    "type": "transition_to"
}
[MESSAGE] - from Patrol: Mind orders: Transition to Patrol
[JSON] - from Received Raw Message:
{
    "data": {
        "params": {
            "target": "next"
        },
        "target_state": "Patrol"
    },
    "receiver": "body",
    "sender": "patrol_susanna",
    "type": "transition_to"
}
[MESSAGE] - from Patrol: Mind orders: Transition to Patrol
[JSON] - from Received Raw Message:
{
    "data": {
        "params": {
            "target": "next"
        },
        "target_state": "Patrol"
    },
    "receiver": "body",
    "sender": "patrol_marianna",
    "type": "transition_to"
}
[MESSAGE] - from Patrol: Mind orders: Transition to Patrol
[JSON] - from Sent Data:
{
    "data": {
        "status": "reached",
        "waypoint": "1"
    },
    "receiver": "vesna",
    "sender": "body",
    "type": "navigation"
}
[MESSAGE] - from Patrol: Arrived. Awaiting orders...
[MESSAGE] - from Patrol: Awaiting orders...
[JSON] - from Received Raw Message:
{
    "data": {
        "params": {
            "target": "next"
        },
        "target_state": "Patrol"
    },
    "receiver": "body",
    "sender": "patrol_rosanna",
    "type": "transition_to"
}
[MESSAGE] - from Patrol: Mind orders: Transition to Patrol
[JSON] - from Sent Data:
{
    "data": {
        "status": "reached",
        "waypoint": "1"
    },
    "receiver": "vesna",
    "sender": "body",
    "type": "navigation"
}
[MESSAGE] - from Patrol: Arrived. Awaiting orders...
[MESSAGE] - from Patrol: Awaiting orders...
[JSON] - from Received Raw Message:
{
    "data": {
        "params": {
            "target": "next"
        },
        "target_state": "Patrol"
    },
    "receiver": "body",
    "sender": "captain_samuele",
    "type": "transition_to"
}
[MESSAGE] - from Patrol: Mind orders: Transition to Patrol
[JSON] - from Sent Data:
{
    "data": {
        "status": "reached",
        "waypoint": "0"
    },
    "receiver": "vesna",
    "sender": "body",
    "type": "navigation"
}
[MESSAGE] - from Patrol: Arrived. Awaiting orders...
[MESSAGE] - from Patrol: Awaiting orders...
[JSON] - from Sent Data:
{
    "data": {
        "status": "reached",
        "waypoint": "2"
    },
    "receiver": "vesna",
    "sender": "body",
    "type": "navigation"
}
[MESSAGE] - from Patrol: Arrived. Awaiting orders...
[MESSAGE] - from Patrol: Awaiting orders...
[JSON] - from Received Raw Message:
{
    "data": {
        "params": {
            "target": "next"
        },
        "target_state": "Patrol"
    },
    "receiver": "body",
    "sender": "patrol_susanna",
    "type": "transition_to"
}
[MESSAGE] - from Patrol: Mind orders: Transition to Patrol
[JSON] - from Received Raw Message:
{
    "data": {
        "params": {
            "target": "next"
        },
        "target_state": "Patrol"
    },
    "receiver": "body",
    "sender": "patrol_rosanna",
    "type": "transition_to"
}
[MESSAGE] - from Patrol: Mind orders: Transition to Patrol
[MESSAGE] - from Captain: CAPTAIN SIGHTING! Alerting Squad!
[JSON] - from Sent Data:
{
    "data": {
        "id": 307291492470,
        "pos_x": 733.218078613281,
        "pos_y": 2033.06713867188,
        "sight": "player"
    },
    "receiver": "vesna",
    "sender": "body",
    "type": "sight"
}
[JSON] - from Received Raw Message:
{
    "data": {
        "name": "switch_time",
        "value": 2.0
    },
    "type": "set_var"
}
[MESSAGE] - from Sentry: Set Scan.switch_time = 2.0
[JSON] - from Received Raw Message:
{
    "data": {
        "name": "switch_time",
        "value": 2.0
    },
    "type": "set_var"
}
[MESSAGE] - from Sentry: Set Scan.switch_time = 2.0
[JSON] - from Received Raw Message:
{
    "data": {
        "name": "switch_time",
        "value": 2.0
    },
    "type": "set_var"
}
[MESSAGE] - from Sentry: Set Scan.switch_time = 2.0
[JSON] - from Received Raw Message:
{
    "data": {
        "name": "switch_time",
        "value": 2.0
    },
    "type": "set_var"
}
[MESSAGE] - from Sentry: Set Scan.switch_time = 2.0
[JSON] - from Received Raw Message:
{
    "data": {
        "name": "switch_time",
        "value": 2.0
    },
    "type": "set_var"
}
[MESSAGE] - from Sentry: Set Scan.switch_time = 2.0
[JSON] - from Received Raw Message:
{
    "data": {
        "name": "switch_time",
        "value": 2.0
    },
    "type": "set_var"
}
[MESSAGE] - from Sentry: Set Scan.switch_time = 2.0
[JSON] - from Received Raw Message:
{
    "data": {
        "name": "switch_time",
        "value": 2.0
    },
    "type": "set_var"
}
[MESSAGE] - from Sentry: Set Scan.switch_time = 2.0
[JSON] - from Received Raw Message:
{
    "data": {
        "params": {
            "target": {
                "x": 733.218078613281,
                "y": 2033.06713867188
            }
        },
        "target_state": "Patrol"
    },
    "receiver": "body",
    "sender": "patrol_rosanna",
    "type": "transition_to"
}
[MESSAGE] - from Patrol: Mind orders: Transition to Patrol
[MESSAGE] - from Patrol: Moving to coordinates (733.2181, 2033.067)
[JSON] - from Received Raw Message:
{
    "data": {
        "params": {
            "target": {
                "x": 733.218078613281,
                "y": 2033.06713867188
            }
        },
        "target_state": "Patrol"
    },
    "receiver": "body",
    "sender": "patrol_polyanna",
    "type": "transition_to"
}
[MESSAGE] - from Patrol: Mind orders: Transition to Patrol
[MESSAGE] - from Patrol: Moving to coordinates (733.2181, 2033.067)
[JSON] - from Received Raw Message:
{
    "data": {
        "params": {
            "target": {
                "x": 733.218078613281,
                "y": 2033.06713867188
            }
        },
        "target_state": "Patrol"
    },
    "receiver": "body",
    "sender": "patrol_marianna",
    "type": "transition_to"
}
[MESSAGE] - from Patrol: Mind orders: Transition to Patrol
[MESSAGE] - from Patrol: Moving to coordinates (733.2181, 2033.067)
[JSON] - from Received Raw Message:
{
    "data": {
        "params": {
            "target": {
                "x": 733.218078613281,
                "y": 2033.06713867188
            }
        },
        "target_state": "Patrol"
    },
    "receiver": "body",
    "sender": "captain_daniele",
    "type": "transition_to"
}
[MESSAGE] - from Patrol: Mind orders: Transition to Patrol
[MESSAGE] - from Patrol: Moving to coordinates (733.2181, 2033.067)
[JSON] - from Received Raw Message:
{
    "data": {
        "params": {
            "patience": 25.0
        },
        "target_state": "Chase"
    },
    "receiver": "body",
    "sender": "captain_samuele",
    "type": "transition_to"
}
[MESSAGE] - from Patrol: Mind orders: Transition to Chase
[MESSAGE] - from Captain: CAPTAIN SIGHTING! Alerting Squad!
[JSON] - from Sent Data:
{
    "data": {
        "id": 307291492470,
        "pos_x": 733.218078613281,
        "pos_y": 2053.06713867188,
        "sight": "player"
    },
    "receiver": "vesna",
    "sender": "body",
    "type": "sight"
}
[MESSAGE] - from Captain: CAPTAIN SIGHTING! Alerting Squad!
[JSON] - from Sent Data:
{
    "data": {
        "id": 307291492470,
        "pos_x": 733.218078613281,
        "pos_y": 1993.06713867188,
        "sight": "player"
    },
    "receiver": "vesna",
    "sender": "body",
    "type": "sight"
}
[MESSAGE] - from Captain: CAPTAIN SIGHTING! Alerting Squad!
[JSON] - from Sent Data:
{
    "data": {
        "id": 307291492470,
        "pos_x": 733.218078613281,
        "pos_y": 1898.06713867188,
        "sight": "player"
    },
    "receiver": "vesna",
    "sender": "body",
    "type": "sight"
}
[MESSAGE] - from Patrol: Tracking crumb 1...
[JSON] - from Received Raw Message:
{
    "data": {
        "params": {
            "target": {
                "x": 733.218078613281,
                "y": 2033.06713867188
            }
        },
        "target_state": "Patrol"
    },
    "receiver": "body",
    "sender": "patrol_susanna",
    "type": "transition_to"
}
[MESSAGE] - from Patrol: Mind orders: Transition to Patrol
[MESSAGE] - from Patrol: Moving to coordinates (733.2181, 2033.067)
[MESSAGE] - from Patrol: Tracking crumb 2...
[JSON] - from Sent Data:
{
    "data": {
        "status": "reached_target",
        "waypoint": "coords"
    },
    "receiver": "vesna",
    "sender": "body",
    "type": "navigation"
}
[MESSAGE] - from Patrol: Arrived. Awaiting orders...
[MESSAGE] - from Patrol: Awaiting orders...
[JSON] - from Received Raw Message:
{
    "data": {
        "params": {
            "points": 2.0
        },
        "target_state": "Investigate"
    },
    "receiver": "body",
    "sender": "patrol_marianna",
    "type": "transition_to"
}
[MESSAGE] - from Patrol: Mind orders: Transition to Investigate
[MESSAGE] - from Patrol: Generated 2 investigation points.
[MESSAGE] - from Patrol: Investigating point 1...
[MESSAGE] - from Patrol: Tracking crumb 3...
[MESSAGE] - from Sentry: I SEE YOU! Notifying mind...
[JSON] - from Sent Data:
{
    "data": {
        "id": 307291492470,
        "pos_x": 364.223297119141,
        "pos_y": 1760.92529296875,
        "sight": "player"
    },
    "receiver": "vesna",
    "sender": "body",
    "type": "sight"
}
[MESSAGE] - from Sentry: Awaiting orders...
[MESSAGE] - from Patrol: Tracking crumb 4...
[MESSAGE] - from Patrol: Investigating point 2...
[JSON] - from Received Raw Message:
{
    "data": {
        "params": {
            "duration": 5.0
        },
        "target_state": "Alert"
    },
    "receiver": "body",
    "sender": "sentry4",
    "type": "transition_to"
}
[MESSAGE] - from Sentry: Mind orders: Transition to Alert
[MESSAGE] - from Sentry: Alert sequence triggered!
[MESSAGE] - from Sentry: Found allies: ["captain_samuele", "patrol_marianna", "patrol_rosanna", "captain_daniele", "sentry1", "patrol_susanna", "sentry6"]
[JSON] - from Sent Data:
{
    "data": {
        "allies": [
            "captain_samuele",
            "patrol_marianna",
            "patrol_rosanna",
            "captain_daniele",
            "sentry1",
            "patrol_susanna",
            "sentry6"
        ]
    },
    "receiver": "vesna",
    "sender": "body",
    "type": "allies"
}
[JSON] - from Received Raw Message:
{
    "data": {
        "name": "switch_time",
        "value": 2.0
    },
    "type": "set_var"
}
[MESSAGE] - from Sentry: Set Scan.switch_time = 2.0
[JSON] - from Received Raw Message:
{
    "data": {
        "name": "switch_time",
        "value": 2.0
    },
    "type": "set_var"
}
[MESSAGE] - from Sentry: Set Scan.switch_time = 2.0
[JSON] - from Received Raw Message:
{
    "data": {
        "name": "switch_time",
        "value": 2.0
    },
    "type": "set_var"
}
[MESSAGE] - from Sentry: Set Scan.switch_time = 2.0
[JSON] - from Received Raw Message:
{
    "data": {
        "name": "switch_time",
        "value": 2.0
    },
    "type": "set_var"
}
[MESSAGE] - from Sentry: Set Scan.switch_time = 2.0
[JSON] - from Received Raw Message:
{
    "data": {
        "name": "switch_time",
        "value": 2.0
    },
    "type": "set_var"
}
[MESSAGE] - from Sentry: Set Scan.switch_time = 2.0
[JSON] - from Received Raw Message:
{
    "data": {
        "name": "switch_time",
        "value": 2.0
    },
    "type": "set_var"
}
[MESSAGE] - from Sentry: Set Scan.switch_time = 2.0
[JSON] - from Received Raw Message:
{
    "data": {
        "name": "switch_time",
        "value": 2.0
    },
    "type": "set_var"
}
[MESSAGE] - from Sentry: Set Scan.switch_time = 2.0
[JSON] - from Received Raw Message:
{
    "data": {
        "name": "switch_time",
        "value": 2.0
    },
    "type": "set_var"
}
[MESSAGE] - from Sentry: Set Scan.switch_time = 2.0
[JSON] - from Received Raw Message:
{
    "data": {
        "name": "switch_time",
        "value": 2.0
    },
    "type": "set_var"
}
[MESSAGE] - from Sentry: Set Scan.switch_time = 2.0
[JSON] - from Received Raw Message:
{
    "data": {
        "name": "switch_time",
        "value": 2.0
    },
    "type": "set_var"
}
[MESSAGE] - from Sentry: Set Scan.switch_time = 2.0
[JSON] - from Received Raw Message:
{
    "data": {
        "name": "switch_time",
        "value": 2.0
    },
    "type": "set_var"
}
[MESSAGE] - from Sentry: Set Scan.switch_time = 2.0
[JSON] - from Received Raw Message:
{
    "data": {
        "name": "switch_time",
        "value": 2.0
    },
    "type": "set_var"
}
[MESSAGE] - from Sentry: Set Scan.switch_time = 2.0
[JSON] - from Received Raw Message:
{
    "data": {
        "name": "switch_time",
        "value": 2.0
    },
    "type": "set_var"
}
[MESSAGE] - from Sentry: Set Scan.switch_time = 2.0
[JSON] - from Received Raw Message:
{
    "data": {
        "name": "switch_time",
        "value": 2.0
    },
    "type": "set_var"
}
[MESSAGE] - from Sentry: Set Scan.switch_time = 2.0
[JSON] - from Received Raw Message:
{
    "data": {
        "params": {
            "target": {
                "x": 364.223297119141,
                "y": 1760.92529296875
            }
        },
        "target_state": "Patrol"
    },
    "receiver": "body",
    "sender": "patrol_rosanna",
    "type": "transition_to"
}
[MESSAGE] - from Patrol: Mind orders: Transition to Patrol
[MESSAGE] - from Patrol: Moving to coordinates (364.2233, 1760.925)
[JSON] - from Received Raw Message:
{
    "data": {
        "params": {
            "target": {
                "x": 364.223297119141,
                "y": 1760.92529296875
            }
        },
        "target_state": "Patrol"
    },
    "receiver": "body",
    "sender": "patrol_rosanna",
    "type": "transition_to"
}
[MESSAGE] - from Patrol: Mind orders: Transition to Patrol
[MESSAGE] - from Patrol: Moving to coordinates (364.2233, 1760.925)
[JSON] - from Received Raw Message:
{
    "data": {
        "params": {
            "target": {
                "x": 364.223297119141,
                "y": 1760.92529296875
            }
        },
        "target_state": "Patrol"
    },
    "receiver": "body",
    "sender": "patrol_rosanna",
    "type": "transition_to"
}
[MESSAGE] - from Patrol: Mind orders: Transition to Patrol
[MESSAGE] - from Patrol: Moving to coordinates (364.2233, 1760.925)
[JSON] - from Received Raw Message:
{
    "data": {
        "params": {
            "target": {
                "x": 364.223297119141,
                "y": 1760.92529296875
            }
        },
        "target_state": "Patrol"
    },
    "receiver": "body",
    "sender": "patrol_polyanna",
    "type": "transition_to"
}
[MESSAGE] - from Patrol: Mind orders: Transition to Patrol
[MESSAGE] - from Patrol: Moving to coordinates (364.2233, 1760.925)
[JSON] - from Received Raw Message:
{
    "data": {
        "params": {
            "target": {
                "x": 364.223297119141,
                "y": 1760.92529296875
            }
        },
        "target_state": "Patrol"
    },
    "receiver": "body",
    "sender": "patrol_polyanna",
    "type": "transition_to"
}
[MESSAGE] - from Patrol: Mind orders: Transition to Patrol
[MESSAGE] - from Patrol: Moving to coordinates (364.2233, 1760.925)
[JSON] - from Received Raw Message:
{
    "data": {
        "params": {
            "target": {
                "x": 364.223297119141,
                "y": 1760.92529296875
            }
        },
        "target_state": "Patrol"
    },
    "receiver": "body",
    "sender": "patrol_marianna",
    "type": "transition_to"
}
[MESSAGE] - from Patrol: Mind orders: Transition to Patrol
[MESSAGE] - from Patrol: Moving to coordinates (364.2233, 1760.925)
[JSON] - from Received Raw Message:
{
    "data": {
        "params": {
            "target": {
                "x": 364.223297119141,
                "y": 1760.92529296875
            }
        },
        "target_state": "Patrol"
    },
    "receiver": "body",
    "sender": "patrol_marianna",
    "type": "transition_to"
}
[MESSAGE] - from Patrol: Mind orders: Transition to Patrol
[MESSAGE] - from Patrol: Moving to coordinates (364.2233, 1760.925)
[JSON] - from Received Raw Message:
{
    "data": {
        "params": {
            "target": {
                "x": 364.223297119141,
                "y": 1760.92529296875
            }
        },
        "target_state": "Patrol"
    },
    "receiver": "body",
    "sender": "patrol_marianna",
    "type": "transition_to"
}
[MESSAGE] - from Patrol: Mind orders: Transition to Patrol
[MESSAGE] - from Patrol: Moving to coordinates (364.2233, 1760.925)
[JSON] - from Received Raw Message:
{
    "data": {
        "params": {
            "target": {
                "x": 364.223297119141,
                "y": 1760.92529296875
            }
        },
        "target_state": "Patrol"
    },
    "receiver": "body",
    "sender": "captain_daniele",
    "type": "transition_to"
}
[MESSAGE] - from Patrol: Mind orders: Transition to Patrol
[MESSAGE] - from Patrol: Moving to coordinates (364.2233, 1760.925)
[JSON] - from Received Raw Message:
{
    "data": {
        "params": {
            "target": {
                "x": 364.223297119141,
                "y": 1760.92529296875
            }
        },
        "target_state": "Patrol"
    },
    "receiver": "body",
    "sender": "captain_daniele",
    "type": "transition_to"
}
[MESSAGE] - from Patrol: Mind orders: Transition to Patrol
[MESSAGE] - from Patrol: Moving to coordinates (364.2233, 1760.925)
[JSON] - from Received Raw Message:
{
    "data": {
        "params": {
            "target": {
                "x": 364.223297119141,
                "y": 1760.92529296875
            }
        },
        "target_state": "Patrol"
    },
    "receiver": "body",
    "sender": "captain_samuele",
    "type": "transition_to"
}
[MESSAGE] - from Patrol: Ignoring Patrol transition while chasing
[JSON] - from Received Raw Message:
{
    "data": {
        "params": {
            "target": {
                "x": 364.223297119141,
                "y": 1760.92529296875
            }
        },
        "target_state": "Patrol"
    },
    "receiver": "body",
    "sender": "captain_samuele",
    "type": "transition_to"
}
[MESSAGE] - from Patrol: Ignoring Patrol transition while chasing
[JSON] - from Received Raw Message:
{
    "data": {
        "name": "switch_time",
        "value": 2.0
    },
    "type": "set_var"
}
[MESSAGE] - from Sentry: Set Scan.switch_time = 2.0
[MESSAGE] - from Patrol: Tracking crumb 5...
[MESSAGE] - from Patrol: Tracking crumb 6...
[JSON] - from Sent Data:
{
    "data": {
        "reason": "Alert sequence finished",
        "status": "completed",
        "type": "alert"
    },
    "receiver": "vesna",
    "sender": "body",
    "type": "signal"
}
[MESSAGE] - from Sentry: Awaiting orders...
[JSON] - from Received Raw Message:
{
    "data": {
        "params": {
            "switch_time": 2.0
        },
        "target_state": "Scan"
    },
    "receiver": "body",
    "sender": "sentry4",
    "type": "transition_to"
}
[MESSAGE] - from Sentry: Mind orders: Transition to Scan
[MESSAGE] - from Sentry: Scanning (2.0s interval)...
[JSON] - from Received Raw Message:
{
    "data": {
        "params": {
            "target": {
                "x": 364.223297119141,
                "y": 1760.92529296875
            }
        },
        "target_state": "Patrol"
    },
    "receiver": "body",
    "sender": "patrol_susanna",
    "type": "transition_to"
}
[MESSAGE] - from Patrol: Mind orders: Transition to Patrol
[MESSAGE] - from Patrol: Moving to coordinates (364.2233, 1760.925)
[MESSAGE] - from Patrol: Tracking crumb 7...
[JSON] - from Sent Data:
{
    "data": {
        "status": "reached_target",
        "waypoint": "coords"
    },
    "receiver": "vesna",
    "sender": "body",
    "type": "navigation"
}
[MESSAGE] - from Patrol: Arrived. Awaiting orders...
[MESSAGE] - from Patrol: Awaiting orders...
[JSON] - from Received Raw Message:
{
    "data": {
        "params": {
            "points": 2.0
        },
        "target_state": "Investigate"
    },
    "receiver": "body",
    "sender": "patrol_marianna",
    "type": "transition_to"
}
[MESSAGE] - from Patrol: Mind orders: Transition to Investigate
[MESSAGE] - from Patrol: Generated 2 investigation points.
[MESSAGE] - from Patrol: Investigating point 1...
[MESSAGE] - from Patrol: Tracking crumb 8...
[MESSAGE] - from Patrol: Tracking crumb 9...
[JSON] - from Sent Data:
{
    "data": {
        "status": "reached_target",
        "waypoint": "coords"
    },
    "receiver": "vesna",
    "sender": "body",
    "type": "navigation"
}
[MESSAGE] - from Patrol: Arrived. Awaiting orders...
[MESSAGE] - from Patrol: Awaiting orders...
[MESSAGE] - from Sentry: I SEE YOU! Notifying mind...
[JSON] - from Sent Data:
{
    "data": {
        "id": 307291492470,
        "pos_x": 382.567626953125,
        "pos_y": 2926.56469726562,
        "sight": "player"
    },
    "receiver": "vesna",
    "sender": "body",
    "type": "sight"
}
[MESSAGE] - from Sentry: Awaiting orders...
[JSON] - from Received Raw Message:
{
    "data": {
        "params": {
            "points": 2.0
        },
        "target_state": "Investigate"
    },
    "receiver": "body",
    "sender": "patrol_susanna",
    "type": "transition_to"
}
[MESSAGE] - from Patrol: Mind orders: Transition to Investigate
[MESSAGE] - from Patrol: Generated 2 investigation points.
[MESSAGE] - from Patrol: Investigating point 1...
[JSON] - from Received Raw Message:
{
    "data": {
        "params": {
            "duration": 3.0
        },
        "target_state": "Alert"
    },
    "receiver": "body",
    "sender": "sentry6",
    "type": "transition_to"
}
[MESSAGE] - from Sentry: Mind orders: Transition to Alert
[MESSAGE] - from Sentry: Alert sequence triggered!
[MESSAGE] - from Sentry: Found allies: ["captain_samuele", "patrol_rosanna", "patrol_susanna", "captain_daniele", "sentry4", "patrol_marianna"]
[JSON] - from Sent Data:
{
    "data": {
        "allies": [
            "captain_samuele",
            "patrol_rosanna",
            "patrol_susanna",
            "captain_daniele",
            "sentry4",
            "patrol_marianna"
        ]
    },
    "receiver": "vesna",
    "sender": "body",
    "type": "allies"
}
[MESSAGE] - from Patrol: Tracking crumb 10...
[JSON] - from Received Raw Message:
{
    "data": {
        "name": "switch_time",
        "value": 2.0
    },
    "type": "set_var"
}
[MESSAGE] - from Sentry: Set Scan.switch_time = 2.0
[JSON] - from Received Raw Message:
{
    "data": {
        "name": "switch_time",
        "value": 2.0
    },
    "type": "set_var"
}
[MESSAGE] - from Sentry: Set Scan.switch_time = 2.0
[JSON] - from Received Raw Message:
{
    "data": {
        "name": "switch_time",
        "value": 2.0
    },
    "type": "set_var"
}
[MESSAGE] - from Sentry: Set Scan.switch_time = 2.0
[JSON] - from Received Raw Message:
{
    "data": {
        "name": "switch_time",
        "value": 2.0
    },
    "type": "set_var"
}
[MESSAGE] - from Sentry: Set Scan.switch_time = 2.0
[JSON] - from Received Raw Message:
{
    "data": {
        "name": "switch_time",
        "value": 2.0
    },
    "type": "set_var"
}
[MESSAGE] - from Sentry: Set Scan.switch_time = 2.0
[JSON] - from Received Raw Message:
{
    "data": {
        "name": "switch_time",
        "value": 2.0
    },
    "type": "set_var"
}
[MESSAGE] - from Sentry: Set Scan.switch_time = 2.0
[JSON] - from Received Raw Message:
{
    "data": {
        "name": "switch_time",
        "value": 2.0
    },
    "type": "set_var"
}
[MESSAGE] - from Sentry: Set Scan.switch_time = 2.0
[JSON] - from Received Raw Message:
{
    "data": {
        "params": {
            "target": {
                "x": 382.567626953125,
                "y": 2926.56469726562
            }
        },
        "target_state": "Patrol"
    },
    "receiver": "body",
    "sender": "patrol_rosanna",
    "type": "transition_to"
}
[MESSAGE] - from Patrol: Mind orders: Transition to Patrol
[MESSAGE] - from Patrol: Moving to coordinates (382.5676, 2926.565)
[JSON] - from Received Raw Message:
{
    "data": {
        "params": {
            "target": {
                "x": 382.567626953125,
                "y": 2926.56469726562
            }
        },
        "target_state": "Patrol"
    },
    "receiver": "body",
    "sender": "patrol_polyanna",
    "type": "transition_to"
}
[MESSAGE] - from Patrol: Mind orders: Transition to Patrol
[MESSAGE] - from Patrol: Moving to coordinates (382.5676, 2926.565)
[JSON] - from Received Raw Message:
{
    "data": {
        "params": {
            "target": {
                "x": 382.567626953125,
                "y": 2926.56469726562
            }
        },
        "target_state": "Patrol"
    },
    "receiver": "body",
    "sender": "patrol_marianna",
    "type": "transition_to"
}
[MESSAGE] - from Patrol: Mind orders: Transition to Patrol
[MESSAGE] - from Patrol: Moving to coordinates (382.5676, 2926.565)
[JSON] - from Received Raw Message:
{
    "data": {
        "params": {
            "target": {
                "x": 382.567626953125,
                "y": 2926.56469726562
            }
        },
        "target_state": "Patrol"
    },
    "receiver": "body",
    "sender": "captain_daniele",
    "type": "transition_to"
}
[MESSAGE] - from Patrol: Mind orders: Transition to Patrol
[MESSAGE] - from Patrol: Moving to coordinates (382.5676, 2926.565)
[JSON] - from Received Raw Message:
{
    "data": {
        "params": {
            "target": {
                "x": 382.567626953125,
                "y": 2926.56469726562
            }
        },
        "target_state": "Patrol"
    },
    "receiver": "body",
    "sender": "captain_samuele",
    "type": "transition_to"
}
[MESSAGE] - from Patrol: Ignoring Patrol transition while chasing
[JSON] - from Received Raw Message:
{
    "data": {
        "name": "switch_time",
        "value": 2.0
    },
    "type": "set_var"
}
[MESSAGE] - from Sentry: Set Scan.switch_time = 2.0
[JSON] - from Received Raw Message:
{
    "data": {
        "name": "switch_time",
        "value": 2.0
    },
    "type": "set_var"
}
[MESSAGE] - from Sentry: Set Scan.switch_time = 2.0
[JSON] - from Received Raw Message:
{
    "data": {
        "name": "switch_time",
        "value": 2.0
    },
    "type": "set_var"
}
[MESSAGE] - from Sentry: Set Scan.switch_time = 2.0
[JSON] - from Received Raw Message:
{
    "data": {
        "name": "switch_time",
        "value": 2.0
    },
    "type": "set_var"
}
[MESSAGE] - from Sentry: Set Scan.switch_time = 2.0
[JSON] - from Received Raw Message:
{
    "data": {
        "name": "switch_time",
        "value": 2.0
    },
    "type": "set_var"
}
[MESSAGE] - from Sentry: Set Scan.switch_time = 2.0
[JSON] - from Received Raw Message:
{
    "data": {
        "name": "switch_time",
        "value": 2.0
    },
    "type": "set_var"
}
[MESSAGE] - from Sentry: Set Scan.switch_time = 2.0
[JSON] - from Received Raw Message:
{
    "data": {
        "name": "switch_time",
        "value": 2.0
    },
    "type": "set_var"
}
[MESSAGE] - from Sentry: Set Scan.switch_time = 2.0
[JSON] - from Received Raw Message:
{
    "data": {
        "name": "switch_time",
        "value": 2.0
    },
    "type": "set_var"
}
[MESSAGE] - from Sentry: Set Scan.switch_time = 2.0
[JSON] - from Received Raw Message:
{
    "data": {
        "params": {
            "target": {
                "x": 382.567626953125,
                "y": 2926.56469726562
            }
        },
        "target_state": "Patrol"
    },
    "receiver": "body",
    "sender": "captain_daniele",
    "type": "transition_to"
}
[MESSAGE] - from Patrol: Mind orders: Transition to Patrol
[MESSAGE] - from Patrol: Moving to coordinates (382.5676, 2926.565)
[JSON] - from Received Raw Message:
{
    "data": {
        "params": {
            "target": {
                "x": 382.567626953125,
                "y": 2926.56469726562
            }
        },
        "target_state": "Patrol"
    },
    "receiver": "body",
    "sender": "captain_samuele",
    "type": "transition_to"
}
[MESSAGE] - from Patrol: Ignoring Patrol transition while chasing
[MESSAGE] - from Patrol: Investigating point 2...
[JSON] - from Sent Data:
{
    "data": {
        "reason": "Alert sequence finished",
        "status": "completed",
        "type": "alert"
    },
    "receiver": "vesna",
    "sender": "body",
    "type": "signal"
}
[MESSAGE] - from Sentry: Awaiting orders...
[JSON] - from Received Raw Message:
{
    "data": {
        "params": {
            "switch_time": 6.0
        },
        "target_state": "Scan"
    },
    "receiver": "body",
    "sender": "sentry6",
    "type": "transition_to"
}
[MESSAGE] - from Sentry: Mind orders: Transition to Scan
[MESSAGE] - from Sentry: Scanning (6.0s interval)...
[MESSAGE] - from Sentry: I SEE YOU! Notifying mind...
[JSON] - from Sent Data:
{
    "data": {
        "id": 307291492470,
        "pos_x": 526.414978027344,
        "pos_y": 3075.27978515625,
        "sight": "player"
    },
    "receiver": "vesna",
    "sender": "body",
    "type": "sight"
}
[MESSAGE] - from Sentry: Awaiting orders...
[MESSAGE] - from Patrol: Tracking crumb 11...
[JSON] - from Received Raw Message:
{
    "data": {
        "params": {
            "duration": 3.0
        },
        "target_state": "Alert"
    },
    "receiver": "body",
    "sender": "sentry6",
    "type": "transition_to"
}
[MESSAGE] - from Sentry: Mind orders: Transition to Alert
[MESSAGE] - from Sentry: Alert sequence triggered!
[MESSAGE] - from Sentry: Found allies: ["captain_samuele", "patrol_rosanna", "captain_daniele", "sentry4", "patrol_susanna", "patrol_marianna"]
[JSON] - from Sent Data:
{
    "data": {
        "allies": [
            "captain_samuele",
            "patrol_rosanna",
            "captain_daniele",
            "sentry4",
            "patrol_susanna",
            "patrol_marianna"
        ]
    },
    "receiver": "vesna",
    "sender": "body",
    "type": "allies"
}
[JSON] - from Received Raw Message:
{
    "data": {
        "name": "switch_time",
        "value": 2.0
    },
    "type": "set_var"
}
[MESSAGE] - from Sentry: Set Scan.switch_time = 2.0
[JSON] - from Received Raw Message:
{
    "data": {
        "name": "switch_time",
        "value": 2.0
    },
    "type": "set_var"
}
[MESSAGE] - from Sentry: Set Scan.switch_time = 2.0
[JSON] - from Received Raw Message:
{
    "data": {
        "name": "switch_time",
        "value": 2.0
    },
    "type": "set_var"
}
[MESSAGE] - from Sentry: Set Scan.switch_time = 2.0
[JSON] - from Received Raw Message:
{
    "data": {
        "name": "switch_time",
        "value": 2.0
    },
    "type": "set_var"
}
[MESSAGE] - from Sentry: Set Scan.switch_time = 2.0
[JSON] - from Received Raw Message:
{
    "data": {
        "name": "switch_time",
        "value": 2.0
    },
    "type": "set_var"
}
[MESSAGE] - from Sentry: Set Scan.switch_time = 2.0
[JSON] - from Received Raw Message:
{
    "data": {
        "name": "switch_time",
        "value": 2.0
    },
    "type": "set_var"
}
[MESSAGE] - from Sentry: Set Scan.switch_time = 2.0
[JSON] - from Received Raw Message:
{
    "data": {
        "name": "switch_time",
        "value": 2.0
    },
    "type": "set_var"
}
[MESSAGE] - from Sentry: Set Scan.switch_time = 2.0
[JSON] - from Received Raw Message:
{
    "data": {
        "name": "switch_time",
        "value": 2.0
    },
    "type": "set_var"
}
[MESSAGE] - from Sentry: Set Scan.switch_time = 2.0
[JSON] - from Received Raw Message:
{
    "data": {
        "name": "switch_time",
        "value": 2.0
    },
    "type": "set_var"
}
[MESSAGE] - from Sentry: Set Scan.switch_time = 2.0
[JSON] - from Received Raw Message:
{
    "data": {
        "name": "switch_time",
        "value": 2.0
    },
    "type": "set_var"
}
[MESSAGE] - from Sentry: Set Scan.switch_time = 2.0
[JSON] - from Received Raw Message:
{
    "data": {
        "name": "switch_time",
        "value": 2.0
    },
    "type": "set_var"
}
[MESSAGE] - from Sentry: Set Scan.switch_time = 2.0
[JSON] - from Received Raw Message:
{
    "data": {
        "name": "switch_time",
        "value": 2.0
    },
    "type": "set_var"
}
[MESSAGE] - from Sentry: Set Scan.switch_time = 2.0
[JSON] - from Received Raw Message:
{
    "data": {
        "name": "switch_time",
        "value": 2.0
    },
    "type": "set_var"
}
[MESSAGE] - from Sentry: Set Scan.switch_time = 2.0
[JSON] - from Received Raw Message:
{
    "data": {
        "name": "switch_time",
        "value": 2.0
    },
    "type": "set_var"
}
[MESSAGE] - from Sentry: Set Scan.switch_time = 2.0
[JSON] - from Received Raw Message:
{
    "data": {
        "name": "switch_time",
        "value": 2.0
    },
    "type": "set_var"
}
[MESSAGE] - from Sentry: Set Scan.switch_time = 2.0
[JSON] - from Received Raw Message:
{
    "data": {
        "params": {
            "target": {
                "x": 526.414978027344,
                "y": 3075.27978515625
            }
        },
        "target_state": "Patrol"
    },
    "receiver": "body",
    "sender": "patrol_rosanna",
    "type": "transition_to"
}
[MESSAGE] - from Patrol: Mind orders: Transition to Patrol
[MESSAGE] - from Patrol: Moving to coordinates (526.415, 3075.28)
[JSON] - from Received Raw Message:
{
    "data": {
        "params": {
            "target": {
                "x": 526.414978027344,
                "y": 3075.27978515625
            }
        },
        "target_state": "Patrol"
    },
    "receiver": "body",
    "sender": "patrol_rosanna",
    "type": "transition_to"
}
[MESSAGE] - from Patrol: Mind orders: Transition to Patrol
[MESSAGE] - from Patrol: Moving to coordinates (526.415, 3075.28)
[JSON] - from Received Raw Message:
{
    "data": {
        "params": {
            "target": {
                "x": 526.414978027344,
                "y": 3075.27978515625
            }
        },
        "target_state": "Patrol"
    },
    "receiver": "body",
    "sender": "patrol_polyanna",
    "type": "transition_to"
}
[MESSAGE] - from Patrol: Mind orders: Transition to Patrol
[MESSAGE] - from Patrol: Moving to coordinates (526.415, 3075.28)
[JSON] - from Received Raw Message:
{
    "data": {
        "params": {
            "target": {
                "x": 526.414978027344,
                "y": 3075.27978515625
            }
        },
        "target_state": "Patrol"
    },
    "receiver": "body",
    "sender": "patrol_marianna",
    "type": "transition_to"
}
[MESSAGE] - from Patrol: Mind orders: Transition to Patrol
[MESSAGE] - from Patrol: Moving to coordinates (526.415, 3075.28)
[JSON] - from Received Raw Message:
{
    "data": {
        "params": {
            "target": {
                "x": 526.414978027344,
                "y": 3075.27978515625
            }
        },
        "target_state": "Patrol"
    },
    "receiver": "body",
    "sender": "patrol_marianna",
    "type": "transition_to"
}
[MESSAGE] - from Patrol: Mind orders: Transition to Patrol
[MESSAGE] - from Patrol: Moving to coordinates (526.415, 3075.28)
[JSON] - from Received Raw Message:
{
    "data": {
        "params": {
            "target": {
                "x": 526.414978027344,
                "y": 3075.27978515625
            }
        },
        "target_state": "Patrol"
    },
    "receiver": "body",
    "sender": "captain_daniele",
    "type": "transition_to"
}
[MESSAGE] - from Patrol: Mind orders: Transition to Patrol
[MESSAGE] - from Patrol: Moving to coordinates (526.415, 3075.28)
[JSON] - from Received Raw Message:
{
    "data": {
        "params": {
            "target": {
                "x": 526.414978027344,
                "y": 3075.27978515625
            }
        },
        "target_state": "Patrol"
    },
    "receiver": "body",
    "sender": "captain_daniele",
    "type": "transition_to"
}
[MESSAGE] - from Patrol: Mind orders: Transition to Patrol
[MESSAGE] - from Patrol: Moving to coordinates (526.415, 3075.28)
[JSON] - from Received Raw Message:
{
    "data": {
        "params": {
            "target": {
                "x": 526.414978027344,
                "y": 3075.27978515625
            }
        },
        "target_state": "Patrol"
    },
    "receiver": "body",
    "sender": "captain_samuele",
    "type": "transition_to"
}
[MESSAGE] - from Patrol: Ignoring Patrol transition while chasing
[JSON] - from Received Raw Message:
{
    "data": {
        "params": {
            "target": {
                "x": 526.414978027344,
                "y": 3075.27978515625
            }
        },
        "target_state": "Patrol"
    },
    "receiver": "body",
    "sender": "captain_samuele",
    "type": "transition_to"
}
[MESSAGE] - from Patrol: Ignoring Patrol transition while chasing
[JSON] - from Sent Data:
{
    "data": {
        "reason": "Alert sequence finished",
        "status": "completed",
        "type": "alert"
    },
    "receiver": "vesna",
    "sender": "body",
    "type": "signal"
}
[MESSAGE] - from Sentry: Awaiting orders...
[JSON] - from Received Raw Message:
{
    "data": {
        "params": {
            "switch_time": 6.0
        },
        "target_state": "Scan"
    },
    "receiver": "body",
    "sender": "sentry6",
    "type": "transition_to"
}
[MESSAGE] - from Sentry: Mind orders: Transition to Scan
[MESSAGE] - from Sentry: Scanning (6.0s interval)...
[MESSAGE] - from Patrol: Tracking crumb 12...
[MESSAGE] - from Patrol: Investigation complete.
[JSON] - from Sent Data:
{
    "data": {
        "reason": "points_finished",
        "status": "complete",
        "type": "investigation"
    },
    "receiver": "vesna",
    "sender": "body",
    "type": "signal"
}
[MESSAGE] - from Patrol: Awaiting orders...
[JSON] - from Received Raw Message:
{
    "data": {
        "params": {
            "target": "resume"
        },
        "target_state": "Patrol"
    },
    "receiver": "body",
    "sender": "patrol_susanna",
    "type": "transition_to"
}
[MESSAGE] - from Patrol: Mind orders: Transition to Patrol
[JSON] - from Received Raw Message:
{
    "data": {
        "params": {
            "target": "next"
        },
        "target_state": "Patrol"
    },
    "receiver": "body",
    "sender": "patrol_susanna",
    "type": "transition_to"
}
[MESSAGE] - from Patrol: Mind orders: Transition to Patrol
[JSON] - from Received Raw Message:
{
    "data": {
        "params": {
            "target": {
                "x": 382.567626953125,
                "y": 2926.56469726562
            }
        },
        "target_state": "Patrol"
    },
    "receiver": "body",
    "sender": "patrol_susanna",
    "type": "transition_to"
}
[MESSAGE] - from Patrol: Mind orders: Transition to Patrol
[MESSAGE] - from Patrol: Moving to coordinates (382.5676, 2926.565)
[MESSAGE] - from Patrol: Tracking crumb 13...
[MESSAGE] - from Patrol: Trail cold. Reporting to Mind...
[JSON] - from Sent Data:
{
    "data": {
        "event": "target_lost",
        "pos_x": 52.4284553527832,
        "pos_y": 2593.60034179688,
        "reason": "cold_trail"
    },
    "receiver": "vesna",
    "sender": "body",
    "type": "event"
}
[MESSAGE] - from Patrol: Awaiting orders...
[JSON] - from Received Raw Message:
{
    "data": {
        "params": {
            "points": 5.0
        },
        "target_state": "Investigate"
    },
    "receiver": "body",
    "sender": "captain_samuele",
    "type": "transition_to"
}
[MESSAGE] - from Patrol: Mind orders: Transition to Investigate
[MESSAGE] - from Patrol: Generated 5 investigation points.
[MESSAGE] - from Patrol: Investigating point 1...
[MESSAGE] - from Patrol: Investigating point 2...
[MESSAGE] - from Patrol: Investigating point 3...
[MESSAGE] - from Patrol: Investigating point 4...
[JSON] - from Sent Data:
{
    "data": {
        "status": "reached_target",
        "waypoint": "coords"
    },
    "receiver": "vesna",
    "sender": "body",
    "type": "navigation"
}
[MESSAGE] - from Patrol: Arrived. Awaiting orders...
[MESSAGE] - from Patrol: Awaiting orders...
[MESSAGE] - from Patrol: Investigating point 5...
Target reached! Starting dating sequence...
Stopping Jason Mind...
--- Stopping All Servers ---
Killing guard_core (PID: 1091432)
Killing guard_action (PID: 1091433)
Killing date_core (PID: 1091434)
Killing date_action (PID: 1091435)
--- Stopping All Servers ---
