Godot Engine v4.6.stable.official.89cea1439 - https://godotengine.org
Vulkan 1.4.335 - Forward+ - Using Device #0: AMD - AMD Radeon RX 7700 XT (RADV NAVI32)

ServerManager: Listening for Jason readiness on port 9200
Starting Game Sequence...
--- Cleaning up orphan processes on ports [8005, 8006, 8055, 8056] ---
--- Orphan cleanup done ---
--- Starting Skirmish (Guard) Servers ---
Working Dir: /home/inkeaton/Documenti/Godot/take-them-out/tongue/skirmish
Rasa log: /home/inkeaton/Documenti/Godot/take-them-out/logs/rasa_run_enable-api_cors_*_port_8005.log
Spawned PID 51895 in /home/inkeaton/Documenti/Godot/take-them-out/tongue/skirmish
Rasa log: /home/inkeaton/Documenti/Godot/take-them-out/logs/rasa_run_actions_port_8055.log
Spawned PID 51896 in /home/inkeaton/Documenti/Godot/take-them-out/tongue/skirmish
--- Starting Date (Eugenia) Servers ---
Working Dir: /home/inkeaton/Documenti/Godot/take-them-out/tongue/date
Rasa log: /home/inkeaton/Documenti/Godot/take-them-out/logs/rasa_run_enable-api_cors_*_port_8006.log
Spawned PID 51897 in /home/inkeaton/Documenti/Godot/take-them-out/tongue/date
Rasa log: /home/inkeaton/Documenti/Godot/take-them-out/logs/rasa_run_actions_port_8056.log
Spawned PID 51898 in /home/inkeaton/Documenti/Godot/take-them-out/tongue/date
[MESSAGE] - from NetworkManager: Listening on port 9071
[MESSAGE] - from Sentry: Scanning (2.0s interval)...
[MESSAGE] - from NetworkManager: Listening on port 9072
[MESSAGE] - from Sentry: Scanning (2.0s interval)...
[MESSAGE] - from NetworkManager: Listening on port 9073
[MESSAGE] - from Sentry: Scanning (2.0s interval)...
[MESSAGE] - from NetworkManager: Listening on port 9074
[MESSAGE] - from Sentry: Scanning (2.0s interval)...
[MESSAGE] - from NetworkManager: Listening on port 9075
[MESSAGE] - from Sentry: Scanning (2.0s interval)...
[MESSAGE] - from NetworkManager: Listening on port 9076
[MESSAGE] - from Sentry: Scanning (2.0s interval)...
[MESSAGE] - from NetworkManager: Listening on port 9077
[MESSAGE] - from Sentry: Scanning (2.0s interval)...
[MESSAGE] - from NetworkManager: Listening on port 9078
[MESSAGE] - from Sentry: Scanning (2.0s interval)...
[MESSAGE] - from NetworkManager: Listening on port 9080
[MESSAGE] - from Patrol: Cached 4 waypoints from 1 zone(s)
[MESSAGE] - from NetworkManager: Listening on port 9081
[MESSAGE] - from Patrol: Cached 3 waypoints from 1 zone(s)
[MESSAGE] - from NetworkManager: Listening on port 9082
[MESSAGE] - from Patrol: Cached 4 waypoints from 1 zone(s)
[MESSAGE] - from NetworkManager: Listening on port 9083
[MESSAGE] - from Patrol: Cached 5 waypoints from 1 zone(s)
[MESSAGE] - from NetworkManager: Listening on port 9090
[MESSAGE] - from Patrol: Cached 7 waypoints from 2 zone(s)
[MESSAGE] - from NetworkManager: Listening on port 9091
[MESSAGE] - from Patrol: Cached 9 waypoints from 2 zone(s)
--- Starting Jason Mind (Gradle) ---
Working Dir: /home/inkeaton/Documenti/Godot/take-them-out/mind
Jason launch command: bash ["-c", "cd \'/home/inkeaton/Documenti/Godot/take-them-out/mind\' && exec gradle run"]
Spawned Jason Mind (PID: 52538)
Waiting for Jason Mind to boot...
[MESSAGE] - from NetworkManager: New TCP connection accepted. Handshaking...
[MESSAGE] - from NetworkManager: WebSocket Handshake complete. Channel OPEN.
[MESSAGE] - from NetworkManager: New TCP connection accepted. Handshaking...
[MESSAGE] - from NetworkManager: WebSocket Handshake complete. Channel OPEN.
[MESSAGE] - from NetworkManager: New TCP connection accepted. Handshaking...
[MESSAGE] - from NetworkManager: WebSocket Handshake complete. Channel OPEN.
[MESSAGE] - from NetworkManager: New TCP connection accepted. Handshaking...
[MESSAGE] - from NetworkManager: WebSocket Handshake complete. Channel OPEN.
[MESSAGE] - from NetworkManager: New TCP connection accepted. Handshaking...
[MESSAGE] - from NetworkManager: WebSocket Handshake complete. Channel OPEN.
[MESSAGE] - from NetworkManager: New TCP connection accepted. Handshaking...
[MESSAGE] - from NetworkManager: WebSocket Handshake complete. Channel OPEN.
[MESSAGE] - from NetworkManager: New TCP connection accepted. Handshaking...
[MESSAGE] - from NetworkManager: WebSocket Handshake complete. Channel OPEN.
[MESSAGE] - from NetworkManager: New TCP connection accepted. Handshaking...
[MESSAGE] - from NetworkManager: WebSocket Handshake complete. Channel OPEN.
[MESSAGE] - from NetworkManager: New TCP connection accepted. Handshaking...
[MESSAGE] - from NetworkManager: WebSocket Handshake complete. Channel OPEN.
[MESSAGE] - from NetworkManager: New TCP connection accepted. Handshaking...
[MESSAGE] - from NetworkManager: WebSocket Handshake complete. Channel OPEN.
[MESSAGE] - from NetworkManager: New TCP connection accepted. Handshaking...
[MESSAGE] - from NetworkManager: WebSocket Handshake complete. Channel OPEN.
[MESSAGE] - from NetworkManager: New TCP connection accepted. Handshaking...
[MESSAGE] - from NetworkManager: WebSocket Handshake complete. Channel OPEN.
[MESSAGE] - from NetworkManager: New TCP connection accepted. Handshaking...
[MESSAGE] - from NetworkManager: WebSocket Handshake complete. Channel OPEN.
[MESSAGE] - from NetworkManager: New TCP connection accepted. Handshaking...
[MESSAGE] - from NetworkManager: WebSocket Handshake complete. Channel OPEN.
ServerManager: TCP connection on 9200, upgrading to WebSocket...
ServerManager: WebSocket handshake on 9200 complete.
[JSON] - from Received Raw Message:
{
    "data": {
        "params": {
            "target": "next"
        },
        "target_state": "Patrol"
    },
    "receiver": "body",
    "sender": "patrol_rosanna",
    "type": "transition_to"
}
[MESSAGE] - from Patrol: Mind orders: Transition to Patrol
[JSON] - from Received Raw Message:
{
    "data": {
        "params": {
            "target": "next"
        },
        "target_state": "Patrol"
    },
    "receiver": "body",
    "sender": "patrol_susanna",
    "type": "transition_to"
}
[MESSAGE] - from Patrol: Mind orders: Transition to Patrol
[JSON] - from Received Raw Message:
{
    "data": {
        "params": {
            "target": "next"
        },
        "target_state": "Patrol"
    },
    "receiver": "body",
    "sender": "patrol_polyanna",
    "type": "transition_to"
}
[MESSAGE] - from Patrol: Mind orders: Transition to Patrol
[JSON] - from Received Raw Message:
{
    "data": {
        "params": {
            "target": "next"
        },
        "target_state": "Patrol"
    },
    "receiver": "body",
    "sender": "patrol_marianna",
    "type": "transition_to"
}
[MESSAGE] - from Patrol: Mind orders: Transition to Patrol
[JSON] - from Received Raw Message:
{
    "data": {
        "params": {
            "target": "next"
        },
        "target_state": "Patrol"
    },
    "receiver": "body",
    "sender": "captain_daniele",
    "type": "transition_to"
}
[MESSAGE] - from Patrol: Mind orders: Transition to Patrol
[JSON] - from Received Raw Message:
{
    "data": {
        "params": {
            "target": "next"
        },
        "target_state": "Patrol"
    },
    "receiver": "body",
    "sender": "captain_samuele",
    "type": "transition_to"
}
[MESSAGE] - from Patrol: Mind orders: Transition to Patrol
JASON MIND READY! signal_ready received from 'director'.
Mind Connected. Starting Game.
No sympathy updates to send.
[JSON] - from Sent Data:
{
    "data": {
        "status": "reached",
        "waypoint": "0"
    },
    "receiver": "vesna",
    "sender": "body",
    "type": "navigation"
}
[MESSAGE] - from Patrol: Arrived. Awaiting orders...
[MESSAGE] - from Patrol: Awaiting orders...
[MESSAGE] - from Patrol: I SEE YOU!
[JSON] - from Sent Data:
{
    "data": {
        "id": 112088584420,
        "pos_x": 100.0,
        "pos_y": 662.0,
        "sight": "player"
    },
    "receiver": "vesna",
    "sender": "body",
    "type": "sight"
}
[MESSAGE] - from Patrol: I SEE YOU!
[JSON] - from Sent Data:
{
    "data": {
        "id": 112088584420,
        "pos_x": 100.0,
        "pos_y": 637.0,
        "sight": "player"
    },
    "receiver": "vesna",
    "sender": "body",
    "type": "sight"
}
[JSON] - from Received Raw Message:
{
    "data": {
        "params": {
            "patience": 5.0
        },
        "target_state": "Chase"
    },
    "receiver": "body",
    "sender": "patrol_rosanna",
    "type": "transition_to"
}
[MESSAGE] - from Patrol: Mind orders: Transition to Chase
[JSON] - from Received Raw Message:
{
    "data": {
        "params": {
            "patience": 5.0
        },
        "target_state": "Chase"
    },
    "receiver": "body",
    "sender": "patrol_rosanna",
    "type": "transition_to"
}
[MESSAGE] - from Patrol: Mind orders: Transition to Chase
[MESSAGE] - from Patrol: Lost visual on target. Switching to Track.
[MESSAGE] - from Patrol: Tracking crumb 1...
[JSON] - from Received Raw Message:
{
    "data": {
        "params": {
            "target": "next"
        },
        "target_state": "Patrol"
    },
    "receiver": "body",
    "sender": "captain_samuele",
    "type": "transition_to"
}
[MESSAGE] - from Patrol: Mind orders: Transition to Patrol
[MESSAGE] - from Patrol: Tracking crumb 2...
[MESSAGE] - from Patrol: Tracking crumb 3...
[MESSAGE] - from Patrol: Tracking crumb 4...
[MESSAGE] - from Patrol: Tracking crumb 5...
[MESSAGE] - from Patrol: Patience limit (%d). Reporting...
[JSON] - from Sent Data:
{
    "data": {
        "event": "target_lost",
        "pos_x": 425.660491943359,
        "pos_y": 153.613494873047,
        "reason": "patience_limit"
    },
    "receiver": "vesna",
    "sender": "body",
    "type": "event"
}
[MESSAGE] - from Patrol: Awaiting orders...
[JSON] - from Received Raw Message:
{
    "data": {
        "params": {
            "points": 1.0
        },
        "target_state": "Investigate"
    },
    "receiver": "body",
    "sender": "patrol_rosanna",
    "type": "transition_to"
}
[MESSAGE] - from Patrol: Mind orders: Transition to Investigate
[MESSAGE] - from Patrol: Generated 1 investigation points.
[MESSAGE] - from Patrol: Investigating point 1...
[JSON] - from Sent Data:
{
    "data": {
        "status": "reached",
        "waypoint": "0"
    },
    "receiver": "vesna",
    "sender": "body",
    "type": "navigation"
}
[MESSAGE] - from Patrol: Arrived. Awaiting orders...
[MESSAGE] - from Patrol: Awaiting orders...
[MESSAGE] - from Patrol: Investigation complete.
[JSON] - from Sent Data:
{
    "data": {
        "reason": "points_finished",
        "status": "complete",
        "type": "investigation"
    },
    "receiver": "vesna",
    "sender": "body",
    "type": "signal"
}
[MESSAGE] - from Patrol: Awaiting orders...
[JSON] - from Received Raw Message:
{
    "data": {
        "params": {
            "target": "resume"
        },
        "target_state": "Patrol"
    },
    "receiver": "body",
    "sender": "patrol_rosanna",
    "type": "transition_to"
}
[MESSAGE] - from Patrol: Mind orders: Transition to Patrol
[JSON] - from Received Raw Message:
{
    "data": {
        "params": {
            "target": "next"
        },
        "target_state": "Patrol"
    },
    "receiver": "body",
    "sender": "patrol_rosanna",
    "type": "transition_to"
}
[MESSAGE] - from Patrol: Mind orders: Transition to Patrol
[JSON] - from Sent Data:
{
    "data": {
        "status": "reached",
        "waypoint": "0"
    },
    "receiver": "vesna",
    "sender": "body",
    "type": "navigation"
}
[MESSAGE] - from Patrol: Arrived. Awaiting orders...
[MESSAGE] - from Patrol: Awaiting orders...
[JSON] - from Received Raw Message:
{
    "data": {
        "params": {
            "target": "next"
        },
        "target_state": "Patrol"
    },
    "receiver": "body",
    "sender": "patrol_marianna",
    "type": "transition_to"
}
[MESSAGE] - from Patrol: Mind orders: Transition to Patrol
[JSON] - from Sent Data:
{
    "data": {
        "status": "reached",
        "waypoint": "0"
    },
    "receiver": "vesna",
    "sender": "body",
    "type": "navigation"
}
[MESSAGE] - from Patrol: Arrived. Awaiting orders...
[MESSAGE] - from Patrol: Awaiting orders...
[JSON] - from Received Raw Message:
{
    "data": {
        "params": {
            "target": "next"
        },
        "target_state": "Patrol"
    },
    "receiver": "body",
    "sender": "patrol_susanna",
    "type": "transition_to"
}
[MESSAGE] - from Patrol: Mind orders: Transition to Patrol
[MESSAGE] - from Sentry: I SEE YOU! Notifying mind...
[JSON] - from Sent Data:
{
    "data": {
        "id": 112088584420,
        "pos_x": 1858.21691894531,
        "pos_y": 559.209594726562,
        "sight": "player"
    },
    "receiver": "vesna",
    "sender": "body",
    "type": "sight"
}
[MESSAGE] - from Sentry: Awaiting orders...
[JSON] - from Received Raw Message:
{
    "data": {
        "params": {
            "target": "next"
        },
        "target_state": "Patrol"
    },
    "receiver": "body",
    "sender": "patrol_polyanna",
    "type": "transition_to"
}
[MESSAGE] - from Patrol: Mind orders: Transition to Patrol
[JSON] - from Received Raw Message:
{
    "data": {
        "params": {
            "duration": 3.0
        },
        "target_state": "Alert"
    },
    "receiver": "body",
    "sender": "sentry2",
    "type": "transition_to"
}
[MESSAGE] - from Sentry: Mind orders: Transition to Alert
[MESSAGE] - from Sentry: Alert sequence triggered!
[MESSAGE] - from Sentry: Found allies: ["patrol_susanna", "patrol_polyanna"]
[JSON] - from Sent Data:
{
    "data": {
        "allies": [
            "patrol_susanna",
            "patrol_polyanna"
        ]
    },
    "receiver": "vesna",
    "sender": "body",
    "type": "allies"
}
[JSON] - from Sent Data:
{
    "data": {
        "status": "reached",
        "waypoint": "1"
    },
    "receiver": "vesna",
    "sender": "body",
    "type": "navigation"
}
[MESSAGE] - from Patrol: Arrived. Awaiting orders...
[MESSAGE] - from Patrol: Awaiting orders...
[JSON] - from Received Raw Message:
{
    "data": {
        "params": {
            "target": {
                "x": 1858.21691894531,
                "y": 559.209594726562
            }
        },
        "target_state": "Patrol"
    },
    "receiver": "body",
    "sender": "patrol_polyanna",
    "type": "transition_to"
}
[MESSAGE] - from Patrol: Mind orders: Transition to Patrol
[MESSAGE] - from Patrol: Moving to coordinates (1858.217, 559.2096)
[JSON] - from Sent Data:
{
    "data": {
        "reason": "Alert sequence finished",
        "status": "completed",
        "type": "alert"
    },
    "receiver": "vesna",
    "sender": "body",
    "type": "signal"
}
[MESSAGE] - from Sentry: Awaiting orders...
[JSON] - from Received Raw Message:
{
    "data": {
        "params": {
            "switch_time": 4.0
        },
        "target_state": "Scan"
    },
    "receiver": "body",
    "sender": "sentry2",
    "type": "transition_to"
}
[MESSAGE] - from Sentry: Mind orders: Transition to Scan
[MESSAGE] - from Sentry: Scanning (4.0s interval)...
[JSON] - from Received Raw Message:
{
    "data": {
        "params": {
            "target": "next"
        },
        "target_state": "Patrol"
    },
    "receiver": "body",
    "sender": "patrol_marianna",
    "type": "transition_to"
}
[MESSAGE] - from Patrol: Mind orders: Transition to Patrol
[JSON] - from Received Raw Message:
{
    "data": {
        "params": {
            "target": {
                "x": 1858.21691894531,
                "y": 559.209594726562
            }
        },
        "target_state": "Patrol"
    },
    "receiver": "body",
    "sender": "patrol_susanna",
    "type": "transition_to"
}
[MESSAGE] - from Patrol: Mind orders: Transition to Patrol
[MESSAGE] - from Patrol: Moving to coordinates (1858.217, 559.2096)
[JSON] - from Sent Data:
{
    "data": {
        "status": "reached",
        "waypoint": "1"
    },
    "receiver": "vesna",
    "sender": "body",
    "type": "navigation"
}
[MESSAGE] - from Patrol: Arrived. Awaiting orders...
[MESSAGE] - from Patrol: Awaiting orders...
[MESSAGE] - from Patrol: I SEE YOU!
[JSON] - from Sent Data:
{
    "data": {
        "id": 112088584420,
        "pos_x": 1854.07592773438,
        "pos_y": 705.968994140625,
        "sight": "player"
    },
    "receiver": "vesna",
    "sender": "body",
    "type": "sight"
}
[MESSAGE] - from Patrol: I SEE YOU!
[JSON] - from Sent Data:
{
    "data": {
        "id": 112088584420,
        "pos_x": 1854.07592773438,
        "pos_y": 705.968994140625,
        "sight": "player"
    },
    "receiver": "vesna",
    "sender": "body",
    "type": "sight"
}
[JSON] - from Received Raw Message:
{
    "data": {
        "params": {
            "patience": 2.0
        },
        "target_state": "Chase"
    },
    "receiver": "body",
    "sender": "patrol_susanna",
    "type": "transition_to"
}
[MESSAGE] - from Patrol: Mind orders: Transition to Chase
[MESSAGE] - from Patrol: I SEE YOU!
[JSON] - from Sent Data:
{
    "data": {
        "id": 112088584420,
        "pos_x": 1854.07592773438,
        "pos_y": 705.968994140625,
        "sight": "player"
    },
    "receiver": "vesna",
    "sender": "body",
    "type": "sight"
}
[MESSAGE] - from Patrol: CAUGHT the player! Triggering encounter as 'susanna'
Encounter triggered with: susanna
Stopping Jason Mind...
Sympathy update queued: patrol_susanna += 0.67 (total: 0.67)
[MESSAGE] - from NetworkManager: Listening on port 9071
[MESSAGE] - from Sentry: Scanning (2.0s interval)...
[MESSAGE] - from NetworkManager: Listening on port 9072
[MESSAGE] - from Sentry: Scanning (2.0s interval)...
[MESSAGE] - from NetworkManager: Listening on port 9073
[MESSAGE] - from Sentry: Scanning (2.0s interval)...
[MESSAGE] - from NetworkManager: Listening on port 9074
[MESSAGE] - from Sentry: Scanning (2.0s interval)...
[MESSAGE] - from NetworkManager: Listening on port 9075
[MESSAGE] - from Sentry: Scanning (2.0s interval)...
[MESSAGE] - from NetworkManager: Listening on port 9076
[MESSAGE] - from Sentry: Scanning (2.0s interval)...
[MESSAGE] - from NetworkManager: Listening on port 9077
[MESSAGE] - from Sentry: Scanning (2.0s interval)...
[MESSAGE] - from NetworkManager: Listening on port 9078
[MESSAGE] - from Sentry: Scanning (2.0s interval)...
[MESSAGE] - from NetworkManager: Listening on port 9080
[MESSAGE] - from Patrol: Cached 4 waypoints from 1 zone(s)
[MESSAGE] - from NetworkManager: Listening on port 9081
[MESSAGE] - from Patrol: Cached 3 waypoints from 1 zone(s)
[MESSAGE] - from NetworkManager: Listening on port 9082
[MESSAGE] - from Patrol: Cached 4 waypoints from 1 zone(s)
[MESSAGE] - from NetworkManager: Listening on port 9083
[MESSAGE] - from Patrol: Cached 5 waypoints from 1 zone(s)
[MESSAGE] - from NetworkManager: Listening on port 9090
[MESSAGE] - from Patrol: Cached 7 waypoints from 2 zone(s)
[MESSAGE] - from NetworkManager: Listening on port 9091
[MESSAGE] - from Patrol: Cached 9 waypoints from 2 zone(s)
--- Starting Jason Mind (Gradle) ---
Working Dir: /home/inkeaton/Documenti/Godot/take-them-out/mind
ServerManager: Listening for Jason readiness on port 9200
Jason launch command: bash ["-c", "cd \'/home/inkeaton/Documenti/Godot/take-them-out/mind\' && exec gradle run"]
Spawned Jason Mind (PID: 53423)
Waiting for Jason Mind to boot...
[MESSAGE] - from NetworkManager: New TCP connection accepted. Handshaking...
[MESSAGE] - from NetworkManager: WebSocket Handshake complete. Channel OPEN.
[MESSAGE] - from NetworkManager: New TCP connection accepted. Handshaking...
[MESSAGE] - from NetworkManager: WebSocket Handshake complete. Channel OPEN.
[MESSAGE] - from NetworkManager: New TCP connection accepted. Handshaking...
[MESSAGE] - from NetworkManager: WebSocket Handshake complete. Channel OPEN.
[MESSAGE] - from NetworkManager: New TCP connection accepted. Handshaking...
[MESSAGE] - from NetworkManager: WebSocket Handshake complete. Channel OPEN.
[MESSAGE] - from NetworkManager: New TCP connection accepted. Handshaking...
[MESSAGE] - from NetworkManager: WebSocket Handshake complete. Channel OPEN.
[MESSAGE] - from NetworkManager: New TCP connection accepted. Handshaking...
[MESSAGE] - from NetworkManager: WebSocket Handshake complete. Channel OPEN.
[MESSAGE] - from NetworkManager: New TCP connection accepted. Handshaking...
[MESSAGE] - from NetworkManager: WebSocket Handshake complete. Channel OPEN.
[MESSAGE] - from NetworkManager: New TCP connection accepted. Handshaking...
[MESSAGE] - from NetworkManager: WebSocket Handshake complete. Channel OPEN.
[MESSAGE] - from NetworkManager: New TCP connection accepted. Handshaking...
[MESSAGE] - from NetworkManager: WebSocket Handshake complete. Channel OPEN.
[MESSAGE] - from NetworkManager: New TCP connection accepted. Handshaking...
[MESSAGE] - from NetworkManager: WebSocket Handshake complete. Channel OPEN.
[MESSAGE] - from NetworkManager: New TCP connection accepted. Handshaking...
[MESSAGE] - from NetworkManager: WebSocket Handshake complete. Channel OPEN.
[MESSAGE] - from NetworkManager: New TCP connection accepted. Handshaking...
[MESSAGE] - from NetworkManager: WebSocket Handshake complete. Channel OPEN.
[MESSAGE] - from NetworkManager: New TCP connection accepted. Handshaking...
[MESSAGE] - from NetworkManager: WebSocket Handshake complete. Channel OPEN.
[MESSAGE] - from NetworkManager: New TCP connection accepted. Handshaking...
[MESSAGE] - from NetworkManager: WebSocket Handshake complete. Channel OPEN.
ServerManager: TCP connection on 9200, upgrading to WebSocket...
ServerManager: WebSocket handshake on 9200 complete.
[JSON] - from Received Raw Message:
{
    "data": {
        "params": {
            "target": "next"
        },
        "target_state": "Patrol"
    },
    "receiver": "body",
    "sender": "patrol_rosanna",
    "type": "transition_to"
}
[MESSAGE] - from Patrol: Mind orders: Transition to Patrol
[JSON] - from Received Raw Message:
{
    "data": {
        "params": {
            "target": "next"
        },
        "target_state": "Patrol"
    },
    "receiver": "body",
    "sender": "patrol_susanna",
    "type": "transition_to"
}
[MESSAGE] - from Patrol: Mind orders: Transition to Patrol
[JSON] - from Received Raw Message:
{
    "data": {
        "params": {
            "target": "next"
        },
        "target_state": "Patrol"
    },
    "receiver": "body",
    "sender": "patrol_polyanna",
    "type": "transition_to"
}
[MESSAGE] - from Patrol: Mind orders: Transition to Patrol
[JSON] - from Received Raw Message:
{
    "data": {
        "params": {
            "target": "next"
        },
        "target_state": "Patrol"
    },
    "receiver": "body",
    "sender": "patrol_marianna",
    "type": "transition_to"
}
[MESSAGE] - from Patrol: Mind orders: Transition to Patrol
[JSON] - from Received Raw Message:
{
    "data": {
        "params": {
            "target": "next"
        },
        "target_state": "Patrol"
    },
    "receiver": "body",
    "sender": "captain_daniele",
    "type": "transition_to"
}
[MESSAGE] - from Patrol: Mind orders: Transition to Patrol
[JSON] - from Received Raw Message:
{
    "data": {
        "params": {
            "target": "next"
        },
        "target_state": "Patrol"
    },
    "receiver": "body",
    "sender": "captain_samuele",
    "type": "transition_to"
}
[MESSAGE] - from Patrol: Mind orders: Transition to Patrol
JASON MIND READY! signal_ready received from 'director'.
Mind Connected. Starting Game.
ServerManager: Sent to director: {"data":{"sympathies":[{"agent":"patrol_susanna","value":0.67}]},"receiver":"director","sender":"body","type":"setup"}
Sent sympathy updates to director: [{ "agent": "patrol_susanna", "value": 0.67 }]
[JSON] - from Sent Data:
{
    "data": {
        "status": "reached",
        "waypoint": "0"
    },
    "receiver": "vesna",
    "sender": "body",
    "type": "navigation"
}
[MESSAGE] - from Patrol: Arrived. Awaiting orders...
[MESSAGE] - from Patrol: Awaiting orders...
[JSON] - from Received Raw Message:
{
    "data": {
        "params": {
            "target": "next"
        },
        "target_state": "Patrol"
    },
    "receiver": "body",
    "sender": "captain_samuele",
    "type": "transition_to"
}
[MESSAGE] - from Patrol: Mind orders: Transition to Patrol
[JSON] - from Sent Data:
{
    "data": {
        "status": "reached",
        "waypoint": "0"
    },
    "receiver": "vesna",
    "sender": "body",
    "type": "navigation"
}
[MESSAGE] - from Patrol: Arrived. Awaiting orders...
[MESSAGE] - from Patrol: Awaiting orders...
[JSON] - from Received Raw Message:
{
    "data": {
        "params": {
            "target": "next"
        },
        "target_state": "Patrol"
    },
    "receiver": "body",
    "sender": "patrol_marianna",
    "type": "transition_to"
}
[MESSAGE] - from Patrol: Mind orders: Transition to Patrol
[JSON] - from Sent Data:
{
    "data": {
        "status": "reached",
        "waypoint": "0"
    },
    "receiver": "vesna",
    "sender": "body",
    "type": "navigation"
}
[MESSAGE] - from Patrol: Arrived. Awaiting orders...
[MESSAGE] - from Patrol: Awaiting orders...
[JSON] - from Sent Data:
{
    "data": {
        "status": "reached",
        "waypoint": "0"
    },
    "receiver": "vesna",
    "sender": "body",
    "type": "navigation"
}
[MESSAGE] - from Patrol: Arrived. Awaiting orders...
[MESSAGE] - from Patrol: Awaiting orders...
[JSON] - from Received Raw Message:
{
    "data": {
        "params": {
            "target": "next"
        },
        "target_state": "Patrol"
    },
    "receiver": "body",
    "sender": "patrol_rosanna",
    "type": "transition_to"
}
[MESSAGE] - from Patrol: Mind orders: Transition to Patrol
--- Stopping All Servers ---
Killing guard_core (PID: 51895)
Killing guard_action (PID: 51896)
Killing date_core (PID: 51897)
Killing date_action (PID: 51898)
Killing jason_mind (PID: 53423)
--- Stopping All Servers ---
