Godot Engine v4.6.stable.official.89cea1439 - https://godotengine.org
Vulkan 1.4.335 - Forward+ - Using Device #0: AMD - AMD Radeon RX 7700 XT (RADV NAVI32)

ServerManager: Listening for Jason readiness on port 9200
[MESSAGE] - from NetworkManager: Listening on port 9071
[MESSAGE] - from Sentry: Scanning (2.0s interval)...
[MESSAGE] - from NetworkManager: Listening on port 9072
[MESSAGE] - from Sentry: Scanning (2.0s interval)...
[MESSAGE] - from NetworkManager: Listening on port 9073
[MESSAGE] - from Sentry: Scanning (2.0s interval)...
[MESSAGE] - from NetworkManager: Listening on port 9074
[MESSAGE] - from Sentry: Scanning (2.0s interval)...
[MESSAGE] - from NetworkManager: Listening on port 9075
[MESSAGE] - from Sentry: Scanning (2.0s interval)...
[MESSAGE] - from NetworkManager: Listening on port 9076
[MESSAGE] - from Sentry: Scanning (2.0s interval)...
[MESSAGE] - from NetworkManager: Listening on port 9077
[MESSAGE] - from Sentry: Scanning (2.0s interval)...
[MESSAGE] - from NetworkManager: Listening on port 9078
[MESSAGE] - from Sentry: Scanning (2.0s interval)...
[MESSAGE] - from NetworkManager: Listening on port 9080
[MESSAGE] - from Patrol: Cached 9 waypoints from 1 zone(s)
[MESSAGE] - from NetworkManager: Listening on port 9081
[MESSAGE] - from Patrol: Cached 6 waypoints from 1 zone(s)
[MESSAGE] - from NetworkManager: Listening on port 9082
[MESSAGE] - from Patrol: Cached 6 waypoints from 1 zone(s)
[MESSAGE] - from NetworkManager: Listening on port 9083
[MESSAGE] - from Patrol: Cached 8 waypoints from 1 zone(s)
[MESSAGE] - from NetworkManager: Listening on port 9090
[MESSAGE] - from Patrol: Cached 15 waypoints from 2 zone(s)
[MESSAGE] - from NetworkManager: Listening on port 9091
[MESSAGE] - from Patrol: Cached 14 waypoints from 2 zone(s)
--- Starting Jason Mind (Gradle) ---
Working Dir: /home/inkeaton/Documenti/Godot/take-them-out/mind
Spawned Jason Mind (PID: 272551)
Waiting for Jason Mind to boot...
--- Stopping All Servers ---
Killing jason_mind (PID: 272551)
--- Stopping All Servers ---
